Component: Arm Compiler for Embedded 6.18 Tool: armlink [5e4cc100]

==============================================================================

Section Cross References

    startup_stm32h503xx.o(RESET) refers to startup_stm32h503xx.o(STACK) for __initial_sp
    startup_stm32h503xx.o(RESET) refers to startup_stm32h503xx.o(.text) for Reset_Handler
    startup_stm32h503xx.o(RESET) refers to stm32h5xx_it.o(.text.NMI_Handler) for NMI_Handler
    startup_stm32h503xx.o(RESET) refers to stm32h5xx_it.o(.text.HardFault_Handler) for HardFault_Handler
    startup_stm32h503xx.o(RESET) refers to stm32h5xx_it.o(.text.MemManage_Handler) for MemManage_Handler
    startup_stm32h503xx.o(RESET) refers to stm32h5xx_it.o(.text.BusFault_Handler) for BusFault_Handler
    startup_stm32h503xx.o(RESET) refers to stm32h5xx_it.o(.text.UsageFault_Handler) for UsageFault_Handler
    startup_stm32h503xx.o(RESET) refers to stm32h5xx_it.o(.text.SVC_Handler) for SVC_Handler
    startup_stm32h503xx.o(RESET) refers to stm32h5xx_it.o(.text.DebugMon_Handler) for DebugMon_Handler
    startup_stm32h503xx.o(RESET) refers to stm32h5xx_it.o(.text.PendSV_Handler) for PendSV_Handler
    startup_stm32h503xx.o(RESET) refers to stm32h5xx_it.o(.text.SysTick_Handler) for SysTick_Handler
    startup_stm32h503xx.o(RESET) refers to stm32h5xx_it.o(.text.EXTI0_IRQHandler) for EXTI0_IRQHandler
    startup_stm32h503xx.o(.text) refers to system_stm32h5xx.o(.text.SystemInit) for SystemInit
    startup_stm32h503xx.o(.text) refers to entry.o(.ARM.Collect$$$$00000000) for __main
    main.o(.text.fputc) refers to usart.o(.bss.huart1) for huart1
    main.o(.text.fputc) refers to stm32h5xx_hal_uart.o(.text.HAL_UART_Transmit) for HAL_UART_Transmit
    main.o(.ARM.exidx.text.fputc) refers to main.o(.text.fputc) for [Anonymous Symbol]
    main.o(.text.main) refers to stm32h5xx_hal.o(.text.HAL_Init) for HAL_Init
    main.o(.text.main) refers to main.o(.text.SystemClock_Config) for SystemClock_Config
    main.o(.text.main) refers to gpio.o(.text.MX_GPIO_Init) for MX_GPIO_Init
    main.o(.text.main) refers to i2c.o(.text.MX_I2C1_Init) for MX_I2C1_Init
    main.o(.text.main) refers to icache.o(.text.MX_ICACHE_Init) for MX_ICACHE_Init
    main.o(.text.main) refers to usart.o(.text.MX_USART1_UART_Init) for MX_USART1_UART_Init
    main.o(.text.main) refers to main.o(.rodata.str1.1) for .L.str
    main.o(.text.main) refers to printfa.o(i.__0printf) for printf
    main.o(.text.main) refers to stm32h5xx_hal_gpio.o(.text.HAL_GPIO_WritePin) for HAL_GPIO_WritePin
    main.o(.text.main) refers to stm32h5xx_hal.o(.text.HAL_Delay) for HAL_Delay
    main.o(.text.main) refers to main.o(.text.platform_write) for platform_write
    main.o(.text.main) refers to main.o(.text.platform_read) for platform_read
    main.o(.text.main) refers to main.o(.text.platform_delay) for platform_delay
    main.o(.text.main) refers to i2c.o(.bss.hi2c1) for hi2c1
    main.o(.text.main) refers to main.o(.bss.whoamI) for whoamI
    main.o(.text.main) refers to lsm6dsv16x_reg.o(.text.lsm6dsv16x_device_id_get) for lsm6dsv16x_device_id_get
    main.o(.text.main) refers to lsm6dsv16x_reg.o(.text.lsm6dsv16x_reset_set) for lsm6dsv16x_reset_set
    main.o(.text.main) refers to lsm6dsv16x_reg.o(.text.lsm6dsv16x_reset_get) for lsm6dsv16x_reset_get
    main.o(.text.main) refers to lsm6dsv16x_reg.o(.text.lsm6dsv16x_block_data_update_set) for lsm6dsv16x_block_data_update_set
    main.o(.text.main) refers to lsm6dsv16x_reg.o(.text.lsm6dsv16x_xl_full_scale_set) for lsm6dsv16x_xl_full_scale_set
    main.o(.text.main) refers to lsm6dsv16x_reg.o(.text.lsm6dsv16x_gy_full_scale_set) for lsm6dsv16x_gy_full_scale_set
    main.o(.text.main) refers to lsm6dsv16x_reg.o(.text.lsm6dsv16x_fifo_watermark_set) for lsm6dsv16x_fifo_watermark_set
    main.o(.text.main) refers to main.o(.bss.fifo_sflp) for fifo_sflp
    main.o(.text.main) refers to lsm6dsv16x_reg.o(.text.lsm6dsv16x_fifo_sflp_batch_set) for lsm6dsv16x_fifo_sflp_batch_set
    main.o(.text.main) refers to lsm6dsv16x_reg.o(.text.lsm6dsv16x_fifo_mode_set) for lsm6dsv16x_fifo_mode_set
    main.o(.text.main) refers to lsm6dsv16x_reg.o(.text.lsm6dsv16x_xl_data_rate_set) for lsm6dsv16x_xl_data_rate_set
    main.o(.text.main) refers to lsm6dsv16x_reg.o(.text.lsm6dsv16x_gy_data_rate_set) for lsm6dsv16x_gy_data_rate_set
    main.o(.text.main) refers to lsm6dsv16x_reg.o(.text.lsm6dsv16x_sflp_data_rate_set) for lsm6dsv16x_sflp_data_rate_set
    main.o(.text.main) refers to lsm6dsv16x_reg.o(.text.lsm6dsv16x_sflp_game_rotation_set) for lsm6dsv16x_sflp_game_rotation_set
    main.o(.text.main) refers to lsm6dsv16x_reg.o(.text.lsm6dsv16x_sflp_game_gbias_set) for lsm6dsv16x_sflp_game_gbias_set
    main.o(.text.main) refers to lsm6dsv16x_reg.o(.text.lsm6dsv16x_pin_int1_route_set) for lsm6dsv16x_pin_int1_route_set
    main.o(.text.main) refers to main.o(.bss.fifo_flag) for fifo_flag
    main.o(.text.main) refers to lsm6dsv16x_reg.o(.text.lsm6dsv16x_fifo_status_get) for lsm6dsv16x_fifo_status_get
[...]
    Removing stm32h5xx_hal_uart_ex.o(.text.HAL_UARTEx_RxFifoFullCallback), (8 bytes).
    Removing stm32h5xx_hal_uart_ex.o(.ARM.exidx.text.HAL_UARTEx_RxFifoFullCallback), (8 bytes).
    Removing stm32h5xx_hal_uart_ex.o(.text.HAL_UARTEx_TxFifoEmptyCallback), (8 bytes).
    Removing stm32h5xx_hal_uart_ex.o(.ARM.exidx.text.HAL_UARTEx_TxFifoEmptyCallback), (8 bytes).
    Removing stm32h5xx_hal_uart_ex.o(.text.HAL_MultiProcessorEx_AddressLength_Set), (94 bytes).
    Removing stm32h5xx_hal_uart_ex.o(.ARM.exidx.text.HAL_MultiProcessorEx_AddressLength_Set), (8 bytes).
    Removing stm32h5xx_hal_uart_ex.o(.text.HAL_UARTEx_StopModeWakeUpSourceConfig), (200 bytes).
    Removing stm32h5xx_hal_uart_ex.o(.ARM.exidx.text.HAL_UARTEx_StopModeWakeUpSourceConfig), (8 bytes).
    Removing stm32h5xx_hal_uart_ex.o(.text.UARTEx_Wakeup_AddressConfig), (58 bytes).
    Removing stm32h5xx_hal_uart_ex.o(.ARM.exidx.text.UARTEx_Wakeup_AddressConfig), (8 bytes).
    Removing stm32h5xx_hal_uart_ex.o(.text.HAL_UARTEx_EnableStopMode), (104 bytes).
    Removing stm32h5xx_hal_uart_ex.o(.ARM.exidx.text.HAL_UARTEx_EnableStopMode), (8 bytes).
    Removing stm32h5xx_hal_uart_ex.o(.text.HAL_UARTEx_DisableStopMode), (104 bytes).
    Removing stm32h5xx_hal_uart_ex.o(.ARM.exidx.text.HAL_UARTEx_DisableStopMode), (8 bytes).
    Removing stm32h5xx_hal_uart_ex.o(.text.HAL_UARTEx_EnableFifoMode), (134 bytes).
    Removing stm32h5xx_hal_uart_ex.o(.ARM.exidx.text.HAL_UARTEx_EnableFifoMode), (8 bytes).
    Removing stm32h5xx_hal_uart_ex.o(.ARM.exidx.text.UARTEx_SetNbDataToProcess), (8 bytes).
    Removing stm32h5xx_hal_uart_ex.o(.ARM.exidx.text.HAL_UARTEx_DisableFifoMode), (8 bytes).
    Removing stm32h5xx_hal_uart_ex.o(.ARM.exidx.text.HAL_UARTEx_SetTxFifoThreshold), (8 bytes).
    Removing stm32h5xx_hal_uart_ex.o(.ARM.exidx.text.HAL_UARTEx_SetRxFifoThreshold), (8 bytes).
    Removing stm32h5xx_hal_uart_ex.o(.text.HAL_UARTEx_ReceiveToIdle), (588 bytes).
    Removing stm32h5xx_hal_uart_ex.o(.ARM.exidx.text.HAL_UARTEx_ReceiveToIdle), (8 bytes).
    Removing stm32h5xx_hal_uart_ex.o(.text.HAL_UARTEx_ReceiveToIdle_IT), (196 bytes).
    Removing stm32h5xx_hal_uart_ex.o(.ARM.exidx.text.HAL_UARTEx_ReceiveToIdle_IT), (8 bytes).
    Removing stm32h5xx_hal_uart_ex.o(.text.HAL_UARTEx_ReceiveToIdle_DMA), (176 bytes).
    Removing stm32h5xx_hal_uart_ex.o(.ARM.exidx.text.HAL_UARTEx_ReceiveToIdle_DMA), (8 bytes).
    Removing stm32h5xx_hal_uart_ex.o(.text.HAL_UARTEx_GetRxEventType), (12 bytes).
    Removing stm32h5xx_hal_uart_ex.o(.ARM.exidx.text.HAL_UARTEx_GetRxEventType), (8 bytes).
    Removing system_stm32h5xx.o(.text), (0 bytes).
    Removing system_stm32h5xx.o(.ARM.exidx.text.SystemInit), (8 bytes).
    Removing system_stm32h5xx.o(.text.SystemCoreClockUpdate), (632 bytes).
    Removing system_stm32h5xx.o(.ARM.exidx.text.SystemCoreClockUpdate), (8 bytes).

1608 unused section(s) (total 117632 bytes) removed from the image.

==============================================================================

Image Symbol Table

    Local Symbols

    Symbol Name                              Value     Ov Type        Size  Object(Section)

    ../clib/division.s                       0x00000000   Number         0  aeabi_sdiv.o ABSOLUTE
    ../clib/microlib/division.c              0x00000000   Number         0  uldiv.o ABSOLUTE
    ../clib/microlib/division.c              0x00000000   Number         0  uidiv.o ABSOLUTE
    ../clib/microlib/errno.c                 0x00000000   Number         0  errno.o ABSOLUTE
    ../clib/microlib/init/entry.s            0x00000000   Number         0  entry.o ABSOLUTE
    ../clib/microlib/init/entry.s            0x00000000   Number         0  entry2.o ABSOLUTE
    ../clib/microlib/init/entry.s            0x00000000   Number         0  entry5.o ABSOLUTE
    ../clib/microlib/init/entry.s            0x00000000   Number         0  entry7a.o ABSOLUTE
    ../clib/microlib/init/entry.s            0x00000000   Number         0  entry7b.o ABSOLUTE
    ../clib/microlib/init/entry.s            0x00000000   Number         0  entry8a.o ABSOLUTE
    ../clib/microlib/init/entry.s            0x00000000   Number         0  entry8b.o ABSOLUTE
    ../clib/microlib/init/entry.s            0x00000000   Number         0  entry9a.o ABSOLUTE
    ../clib/microlib/init/entry.s            0x00000000   Number         0  entry9b.o ABSOLUTE
    ../clib/microlib/init/entry.s            0x00000000   Number         0  entry10a.o ABSOLUTE
    ../clib/microlib/init/entry.s            0x00000000   Number         0  entry10b.o ABSOLUTE
    ../clib/microlib/init/entry.s            0x00000000   Number         0  entry11a.o ABSOLUTE
    ../clib/microlib/init/entry.s            0x00000000   Number         0  entry11b.o ABSOLUTE
    ../clib/microlib/longlong.c              0x00000000   Number         0  llshl.o ABSOLUTE
    ../clib/microlib/longlong.c              0x00000000   Number         0  llushr.o ABSOLUTE
    ../clib/microlib/longlong.c              0x00000000   Number         0  llsshr.o ABSOLUTE
    ../clib/microlib/printf/printf.c         0x00000000   Number         0  printfa.o ABSOLUTE
    ../clib/microlib/stdio/streams.c         0x00000000   Number         0  stdout.o ABSOLUTE
    ../clib/microlib/string/memset.c         0x00000000   Number         0  memseta.o ABSOLUTE
    ../clib/microlib/stubs.s                 0x00000000   Number         0  iusefp.o ABSOLUTE
    ../fplib/microlib/d2f.c                  0x00000000   Number         0  d2f.o ABSOLUTE
    ../fplib/microlib/f2d.c                  0x00000000   Number         0  f2d.o ABSOLUTE
    ../fplib/microlib/fpadd.c                0x00000000   Number         0  dadd.o ABSOLUTE
    ../fplib/microlib/fpdiv.c                0x00000000   Number         0  ddiv.o ABSOLUTE
    ../fplib/microlib/fpepilogue.c           0x00000000   Number         0  fepilogue.o ABSOLUTE
    ../fplib/microlib/fpepilogue.c           0x00000000   Number         0  depilogue.o ABSOLUTE
    ../fplib/microlib/fpfix.c                0x00000000   Number         0  dfixul.o ABSOLUTE
    ../fplib/microlib/fpmul.c                0x00000000   Number         0  dmul.o ABSOLUTE
    ../mathlib/asinf.c                       0x00000000   Number         0  asinf.o ABSOLUTE
    ../mathlib/atan2f.c                      0x00000000   Number         0  atan2f.o ABSOLUTE
    ../mathlib/fpclassifyf.c                 0x00000000   Number         0  fpclassifyf.o ABSOLUTE
    ../mathlib/funder.c                      0x00000000   Number         0  funder.o ABSOLUTE
    ../mathlib/sqrtf.c                       0x00000000   Number         0  sqrtf.o ABSOLUTE
    cdrcmple.s                               0x00000000   Number         0  cdrcmple.o ABSOLUTE
    dc.s                                     0x00000000   Number         0  dc.o ABSOLUTE
    gpio.c                                   0x00000000   Number         0  gpio.o ABSOLUTE
    handlers.s                               0x00000000   Number         0  handlers.o ABSOLUTE
    i2c.c                                    0x00000000   Number         0  i2c.o ABSOLUTE
    icache.c                                 0x00000000   Number         0  icache.o ABSOLUTE
    init.s                                   0x00000000   Number         0  init.o ABSOLUTE
    lsm6dsv16x_reg.c                         0x00000000   Number         0  lsm6dsv16x_reg.o ABSOLUTE
    main.c                                   0x00000000   Number         0  main.o ABSOLUTE
    memorymap.c                              0x00000000   Number         0  memorymap.o ABSOLUTE
    startup_stm32h503xx.s                    0x00000000   Number         0  startup_stm32h503xx.o ABSOLUTE
    stm32h5xx_hal.c                          0x00000000   Number         0  stm32h5xx_hal.o ABSOLUTE
    stm32h5xx_hal_cortex.c                   0x00000000   Number         0  stm32h5xx_hal_cortex.o ABSOLUTE
    stm32h5xx_hal_dma.c                      0x00000000   Number         0  stm32h5xx_hal_dma.o ABSOLUTE
    stm32h5xx_hal_dma_ex.c                   0x00000000   Number         0  stm32h5xx_hal_dma_ex.o ABSOLUTE
    stm32h5xx_hal_exti.c                     0x00000000   Number         0  stm32h5xx_hal_exti.o ABSOLUTE
    stm32h5xx_hal_flash.c                    0x00000000   Number         0  stm32h5xx_hal_flash.o ABSOLUTE
    stm32h5xx_hal_flash_ex.c                 0x00000000   Number         0  stm32h5xx_hal_flash_ex.o ABSOLUTE
    stm32h5xx_hal_gpio.c                     0x00000000   Number         0  stm32h5xx_hal_gpio.o ABSOLUTE
    stm32h5xx_hal_i2c.c                      0x00000000   Number         0  stm32h5xx_hal_i2c.o ABSOLUTE
    stm32h5xx_hal_i2c_ex.c                   0x00000000   Number         0  stm32h5xx_hal_i2c_ex.o ABSOLUTE
    stm32h5xx_hal_icache.c                   0x00000000   Number         0  stm32h5xx_hal_icache.o ABSOLUTE
    stm32h5xx_hal_msp.c                      0x00000000   Number         0  stm32h5xx_hal_msp.o ABSOLUTE
    stm32h5xx_hal_pwr.c                      0x00000000   Number         0  stm32h5xx_hal_pwr.o ABSOLUTE
    stm32h5xx_hal_pwr_ex.c                   0x00000000   Number         0  stm32h5xx_hal_pwr_ex.o ABSOLUTE
    stm32h5xx_hal_rcc.c                      0x00000000   Number         0  stm32h5xx_hal_rcc.o ABSOLUTE
    stm32h5xx_hal_rcc_ex.c                   0x00000000   Number         0  stm32h5xx_hal_rcc_ex.o ABSOLUTE
    stm32h5xx_hal_tim.c                      0x00000000   Number         0  stm32h5xx_hal_tim.o ABSOLUTE
    stm32h5xx_hal_tim_ex.c                   0x00000000   Number         0  stm32h5xx_hal_tim_ex.o ABSOLUTE
    stm32h5xx_hal_uart.c                     0x00000000   Number         0  stm32h5xx_hal_uart.o ABSOLUTE
    stm32h5xx_hal_uart_ex.c                  0x00000000   Number         0  stm32h5xx_hal_uart_ex.o ABSOLUTE
    stm32h5xx_it.c                           0x00000000   Number         0  stm32h5xx_it.o ABSOLUTE
    system_stm32h5xx.c                       0x00000000   Number         0  system_stm32h5xx.o ABSOLUTE
    usart.c                                  0x00000000   Number         0  usart.o ABSOLUTE
    RESET                                    0x08000000   Section      600  startup_stm32h503xx.o(RESET)
    .ARM.Collect$$$$00000000                 0x08000258   Section        0  entry.o(.ARM.Collect$$$$00000000)
    .ARM.Collect$$$$00000001                 0x08000258   Section        4  entry2.o(.ARM.Collect$$$$00000001)
    .ARM.Collect$$$$00000004                 0x0800025c   Section        4  entry5.o(.ARM.Collect$$$$00000004)
    .ARM.Collect$$$$00000008                 0x08000260   Section        0  entry7b.o(.ARM.Collect$$$$00000008)
    .ARM.Collect$$$$0000000A                 0x08000260   Section        0  entry8b.o(.ARM.Collect$$$$0000000A)
    .ARM.Collect$$$$0000000B                 0x08000260   Section        8  entry9a.o(.ARM.Collect$$$$0000000B)
    __lit__00000000                          0x08000268   Data           4  entry2.o(.ARM.Collect$$$$00002712)
    .ARM.Collect$$$$0000000D                 0x08000268   Section        0  entry10a.o(.ARM.Collect$$$$0000000D)
    .ARM.Collect$$$$0000000F                 0x08000268   Section        0  entry11a.o(.ARM.Collect$$$$0000000F)
    .ARM.Collect$$$$00002712                 0x08000268   Section        4  entry2.o(.ARM.Collect$$$$00002712)
    $v0                                      0x0800026c   Number         0  startup_stm32h503xx.o(.text)
    .text                                    0x0800026c   Section       40  startup_stm32h503xx.o(.text)
    .text                                    0x08000294   Section        0  uldiv.o(.text)
    .text                                    0x080002f6   Section        0  memseta.o(.text)
    .text                                    0x0800031a   Section        0  dadd.o(.text)
    .text                                    0x08000468   Section        0  dmul.o(.text)
    .text                                    0x0800054c   Section        0  f2d.o(.text)
    .text                                    0x08000572   Section        0  d2f.o(.text)
    .text                                    0x080005aa   Section        0  uidiv.o(.text)
    .text                                    0x080005d6   Section        0  llshl.o(.text)
    .text                                    0x080005f4   Section        0  llushr.o(.text)
    .text                                    0x08000614   Section        0  llsshr.o(.text)
    .text                                    0x08000638   Section        0  iusefp.o(.text)
    .text                                    0x08000638   Section        0  fepilogue.o(.text)
    .text                                    0x080006a6   Section        0  depilogue.o(.text)
    .text                                    0x08000760   Section        0  ddiv.o(.text)
    .text                                    0x0800083e   Section        0  dfixul.o(.text)
    .text                                    0x08000870   Section       48  cdrcmple.o(.text)
    .text                                    0x080008a0   Section       36  init.o(.text)
    [Anonymous Symbol]                       0x080008c4   Section        0  stm32h5xx_it.o(.text.BusFault_Handler)
    [Anonymous Symbol]                       0x080008c8   Section        0  stm32h5xx_it.o(.text.DebugMon_Handler)
    [Anonymous Symbol]                       0x080008cc   Section        0  stm32h5xx_it.o(.text.EXTI0_IRQHandler)
    [Anonymous Symbol]                       0x080008e4   Section        0  main.o(.text.Error_Handler)
    [Anonymous Symbol]                       0x080008ec   Section        0  stm32h5xx_hal.o(.text.HAL_Delay)
    [Anonymous Symbol]                       0x08000930   Section        0  main.o(.text.HAL_GPIO_EXTI_Callback)
    [Anonymous Symbol]                       0x08000954   Section        0  stm32h5xx_hal_gpio.o(.text.HAL_GPIO_EXTI_Falling_Callback)
    [Anonymous Symbol]                       0x08000960   Section        0  stm32h5xx_hal_gpio.o(.text.HAL_GPIO_EXTI_IRQHandler)
    [Anonymous Symbol]                       0x080009c4   Section        0  stm32h5xx_hal_gpio.o(.text.HAL_GPIO_EXTI_Rising_Callback)
    [Anonymous Symbol]                       0x080009d0   Section        0  stm32h5xx_hal_gpio.o(.text.HAL_GPIO_Init)
    [Anonymous Symbol]                       0x08000ca0   Section        0  stm32h5xx_hal_gpio.o(.text.HAL_GPIO_WritePin)
    [Anonymous Symbol]                       0x08000ccc   Section        0  stm32h5xx_hal.o(.text.HAL_GetTick)
    [Anonymous Symbol]                       0x08000cd8   Section        0  stm32h5xx_hal_i2c_ex.o(.text.HAL_I2CEx_ConfigAnalogFilter)
    [Anonymous Symbol]                       0x08000d70   Section        0  stm32h5xx_hal_i2c_ex.o(.text.HAL_I2CEx_ConfigDigitalFilter)
    [Anonymous Symbol]                       0x08000e14   Section        0  stm32h5xx_hal_i2c.o(.text.HAL_I2C_Init)
    [Anonymous Symbol]                       0x08000f28   Section        0  stm32h5xx_hal_i2c.o(.text.HAL_I2C_Mem_Read)
    [Anonymous Symbol]                       0x080011b4   Section        0  stm32h5xx_hal_i2c.o(.text.HAL_I2C_Mem_Write)
    [Anonymous Symbol]                       0x08001428   Section        0  i2c.o(.text.HAL_I2C_MspInit)
    [Anonymous Symbol]                       0x080014d4   Section        0  stm32h5xx_hal_icache.o(.text.HAL_ICACHE_ConfigAssociativityMode)
    [Anonymous Symbol]                       0x08001514   Section        0  stm32h5xx_hal_icache.o(.text.HAL_ICACHE_Enable)
    [Anonymous Symbol]                       0x08001528   Section        0  stm32h5xx_hal.o(.text.HAL_IncTick)
    [Anonymous Symbol]                       0x08001544   Section        0  stm32h5xx_hal.o(.text.HAL_Init)
    [Anonymous Symbol]                       0x080015a4   Section        0  stm32h5xx_hal.o(.text.HAL_InitTick)
    [Anonymous Symbol]                       0x080016b8   Section        0  stm32h5xx_hal_msp.o(.text.HAL_MspInit)
    [Anonymous Symbol]                       0x080016bc   Section        0  stm32h5xx_hal_cortex.o(.text.HAL_NVIC_EnableIRQ)
    [Anonymous Symbol]                       0x080016d0   Section        0  stm32h5xx_hal_cortex.o(.text.HAL_NVIC_SetPriority)
    [Anonymous Symbol]                       0x08001700   Section        0  stm32h5xx_hal_cortex.o(.text.HAL_NVIC_SetPriorityGrouping)
    [Anonymous Symbol]                       0x08001710   Section        0  stm32h5xx_hal_rcc_ex.o(.text.HAL_RCCEx_GetPLL1ClockFreq)
    [Anonymous Symbol]                       0x08001a08   Section        0  stm32h5xx_hal_rcc_ex.o(.text.HAL_RCCEx_GetPLL2ClockFreq)
    [Anonymous Symbol]                       0x08001d00   Section        0  stm32h5xx_hal_rcc_ex.o(.text.HAL_RCCEx_GetPeriphCLKFreq)
    [Anonymous Symbol]                       0x08002cf0   Section        0  stm32h5xx_hal_rcc_ex.o(.text.HAL_RCCEx_PeriphCLKConfig)
    [Anonymous Symbol]                       0x0800378c   Section        0  stm32h5xx_hal_rcc.o(.text.HAL_RCC_ClockConfig)
    [Anonymous Symbol]                       0x08003c20   Section        0  stm32h5xx_hal_rcc.o(.text.HAL_RCC_GetHCLKFreq)
    [Anonymous Symbol]                       0x08003c54   Section        0  stm32h5xx_hal_rcc.o(.text.HAL_RCC_GetPCLK1Freq)
    [Anonymous Symbol]                       0x08003c7c   Section        0  stm32h5xx_hal_rcc.o(.text.HAL_RCC_GetPCLK2Freq)
    [Anonymous Symbol]                       0x08003ca4   Section        0  stm32h5xx_hal_rcc.o(.text.HAL_RCC_GetPCLK3Freq)
    [Anonymous Symbol]                       0x08003ccc   Section        0  stm32h5xx_hal_rcc.o(.text.HAL_RCC_GetSysClockFreq)
    [Anonymous Symbol]                       0x08003f98   Section        0  stm32h5xx_hal_rcc.o(.text.HAL_RCC_OscConfig)
    [Anonymous Symbol]                       0x08004994   Section        0  stm32h5xx_hal_cortex.o(.text.HAL_SYSTICK_CLKSourceConfig)
    [Anonymous Symbol]                       0x08004a30   Section        0  stm32h5xx_hal_cortex.o(.text.HAL_SYSTICK_Config)
    [Anonymous Symbol]                       0x08004a7c   Section        0  stm32h5xx_hal_cortex.o(.text.HAL_SYSTICK_GetCLKSourceConfig)
    [Anonymous Symbol]                       0x08004ae0   Section        0  stm32h5xx_hal_uart_ex.o(.text.HAL_UARTEx_DisableFifoMode)
    [Anonymous Symbol]                       0x08004b5c   Section        0  stm32h5xx_hal_uart_ex.o(.text.HAL_UARTEx_SetRxFifoThreshold)
    [Anonymous Symbol]                       0x08004be8   Section        0  stm32h5xx_hal_uart_ex.o(.text.HAL_UARTEx_SetTxFifoThreshold)
    [Anonymous Symbol]                       0x08004c74   Section        0  stm32h5xx_hal_uart.o(.text.HAL_UART_Init)
    [Anonymous Symbol]                       0x08004d20   Section        0  usart.o(.text.HAL_UART_MspInit)
    [Anonymous Symbol]                       0x08004dc8   Section        0  stm32h5xx_hal_uart.o(.text.HAL_UART_Transmit)
    [Anonymous Symbol]                       0x08004f1c   Section        0  stm32h5xx_it.o(.text.HardFault_Handler)
    I2C_Flush_TXDR                           0x08004f21   Thumb Code    64  stm32h5xx_hal_i2c.o(.text.I2C_Flush_TXDR)
    [Anonymous Symbol]                       0x08004f20   Section        0  stm32h5xx_hal_i2c.o(.text.I2C_Flush_TXDR)
    I2C_IsErrorOccurred                      0x08004f61   Thumb Code   510  stm32h5xx_hal_i2c.o(.text.I2C_IsErrorOccurred)
    [Anonymous Symbol]                       0x08004f60   Section        0  stm32h5xx_hal_i2c.o(.text.I2C_IsErrorOccurred)
    I2C_RequestMemoryRead                    0x08005161   Thumb Code   190  stm32h5xx_hal_i2c.o(.text.I2C_RequestMemoryRead)
    [Anonymous Symbol]                       0x08005160   Section        0  stm32h5xx_hal_i2c.o(.text.I2C_RequestMemoryRead)
    I2C_RequestMemoryWrite                   0x08005221   Thumb Code   192  stm32h5xx_hal_i2c.o(.text.I2C_RequestMemoryWrite)
    [Anonymous Symbol]                       0x08005220   Section        0  stm32h5xx_hal_i2c.o(.text.I2C_RequestMemoryWrite)
    I2C_TransferConfig                       0x080052e1   Thumb Code    84  stm32h5xx_hal_i2c.o(.text.I2C_TransferConfig)
    [Anonymous Symbol]                       0x080052e0   Section        0  stm32h5xx_hal_i2c.o(.text.I2C_TransferConfig)
    I2C_WaitOnFlagUntilTimeout               0x08005335   Thumb Code   196  stm32h5xx_hal_i2c.o(.text.I2C_WaitOnFlagUntilTimeout)
    [Anonymous Symbol]                       0x08005334   Section        0  stm32h5xx_hal_i2c.o(.text.I2C_WaitOnFlagUntilTimeout)
    I2C_WaitOnSTOPFlagUntilTimeout           0x080053f9   Thumb Code   162  stm32h5xx_hal_i2c.o(.text.I2C_WaitOnSTOPFlagUntilTimeout)
    [Anonymous Symbol]                       0x080053f8   Section        0  stm32h5xx_hal_i2c.o(.text.I2C_WaitOnSTOPFlagUntilTimeout)
    I2C_WaitOnTXISFlagUntilTimeout           0x0800549d   Thumb Code   172  stm32h5xx_hal_i2c.o(.text.I2C_WaitOnTXISFlagUntilTimeout)
    [Anonymous Symbol]                       0x0800549c   Section        0  stm32h5xx_hal_i2c.o(.text.I2C_WaitOnTXISFlagUntilTimeout)
    [Anonymous Symbol]                       0x08005548   Section        0  gpio.o(.text.MX_GPIO_Init)
    [Anonymous Symbol]                       0x08005620   Section        0  i2c.o(.text.MX_I2C1_Init)
    [Anonymous Symbol]                       0x08005698   Section        0  icache.o(.text.MX_ICACHE_Init)
    [Anonymous Symbol]                       0x080056bc   Section        0  usart.o(.text.MX_USART1_UART_Init)
    [Anonymous Symbol]                       0x08005750   Section        0  stm32h5xx_it.o(.text.MemManage_Handler)
    [Anonymous Symbol]                       0x08005754   Section        0  stm32h5xx_it.o(.text.NMI_Handler)
    NVIC_EncodePriority                      0x08005759   Thumb Code   108  stm32h5xx_hal_cortex.o(.text.NVIC_EncodePriority)
    [Anonymous Symbol]                       0x08005758   Section        0  stm32h5xx_hal_cortex.o(.text.NVIC_EncodePriority)
    [Anonymous Symbol]                       0x080057c4   Section        0  stm32h5xx_it.o(.text.PendSV_Handler)
    RCCEx_PLL2_Config                        0x080057c9   Thumb Code   364  stm32h5xx_hal_rcc_ex.o(.text.RCCEx_PLL2_Config)
    [Anonymous Symbol]                       0x080057c8   Section        0  stm32h5xx_hal_rcc_ex.o(.text.RCCEx_PLL2_Config)
    [Anonymous Symbol]                       0x08005934   Section        0  stm32h5xx_it.o(.text.SVC_Handler)
    [Anonymous Symbol]                       0x08005938   Section        0  stm32h5xx_it.o(.text.SysTick_Handler)
    [Anonymous Symbol]                       0x08005940   Section        0  main.o(.text.SystemClock_Config)
    [Anonymous Symbol]                       0x08005a08   Section        0  system_stm32h5xx.o(.text.SystemInit)
    ToFloatBits                              0x08005b21   Thumb Code   212  lsm6dsv16x_reg.o(.text.ToFloatBits)
    [Anonymous Symbol]                       0x08005b20   Section        0  lsm6dsv16x_reg.o(.text.ToFloatBits)
    UARTEx_SetNbDataToProcess                0x08005bf5   Thumb Code   138  stm32h5xx_hal_uart_ex.o(.text.UARTEx_SetNbDataToProcess)
    [Anonymous Symbol]                       0x08005bf4   Section        0  stm32h5xx_hal_uart_ex.o(.text.UARTEx_SetNbDataToProcess)
    [Anonymous Symbol]                       0x08005c80   Section        0  stm32h5xx_hal_uart.o(.text.UART_AdvFeatureConfig)
    [Anonymous Symbol]                       0x08005dc8   Section        0  stm32h5xx_hal_uart.o(.text.UART_CheckIdleState)
    UART_EndRxTransfer                       0x08005f11   Thumb Code   158  stm32h5xx_hal_uart.o(.text.UART_EndRxTransfer)
    [Anonymous Symbol]                       0x08005f10   Section        0  stm32h5xx_hal_uart.o(.text.UART_EndRxTransfer)
    [Anonymous Symbol]                       0x08005fb0   Section        0  stm32h5xx_hal_uart.o(.text.UART_SetConfig)
    [Anonymous Symbol]                       0x080062a0   Section        0  stm32h5xx_hal_uart.o(.text.UART_WaitOnFlagUntilTimeout)
    [Anonymous Symbol]                       0x080063ac   Section        0  stm32h5xx_it.o(.text.UsageFault_Handler)
    __NVIC_EnableIRQ                         0x080063b1   Thumb Code    48  stm32h5xx_hal_cortex.o(.text.__NVIC_EnableIRQ)
    [Anonymous Symbol]                       0x080063b0   Section        0  stm32h5xx_hal_cortex.o(.text.__NVIC_EnableIRQ)
    __NVIC_GetPriorityGrouping               0x080063e1   Thumb Code    16  stm32h5xx_hal_cortex.o(.text.__NVIC_GetPriorityGrouping)
    [Anonymous Symbol]                       0x080063e0   Section        0  stm32h5xx_hal_cortex.o(.text.__NVIC_GetPriorityGrouping)
    __NVIC_SetPriority                       0x080063f1   Thumb Code    66  stm32h5xx_hal_cortex.o(.text.__NVIC_SetPriority)
    [Anonymous Symbol]                       0x080063f0   Section        0  stm32h5xx_hal_cortex.o(.text.__NVIC_SetPriority)
    __NVIC_SetPriorityGrouping               0x08006435   Thumb Code    60  stm32h5xx_hal_cortex.o(.text.__NVIC_SetPriorityGrouping)
    [Anonymous Symbol]                       0x08006434   Section        0  stm32h5xx_hal_cortex.o(.text.__NVIC_SetPriorityGrouping)
    bytecpy                                  0x08006471   Thumb Code    32  lsm6dsv16x_reg.o(.text.bytecpy)
    [Anonymous Symbol]                       0x08006470   Section        0  lsm6dsv16x_reg.o(.text.bytecpy)
    [Anonymous Symbol]                       0x08006490   Section        0  main.o(.text.fputc)
    [Anonymous Symbol]                       0x080064b4   Section        0  lsm6dsv16x_reg.o(.text.lsm6dsv16x_acceleration_raw_get)
    [Anonymous Symbol]                       0x08006528   Section        0  lsm6dsv16x_reg.o(.text.lsm6dsv16x_block_data_update_set)
    [Anonymous Symbol]                       0x08006574   Section        0  lsm6dsv16x_reg.o(.text.lsm6dsv16x_device_id_get)
    [Anonymous Symbol]                       0x08006590   Section        0  lsm6dsv16x_reg.o(.text.lsm6dsv16x_fifo_mode_set)
    [Anonymous Symbol]                       0x080065dc   Section        0  lsm6dsv16x_reg.o(.text.lsm6dsv16x_fifo_out_raw_get)
    [Anonymous Symbol]                       0x08006844   Section        0  lsm6dsv16x_reg.o(.text.lsm6dsv16x_fifo_sflp_batch_set)
    [Anonymous Symbol]                       0x080068ec   Section        0  lsm6dsv16x_reg.o(.text.lsm6dsv16x_fifo_status_get)
    [Anonymous Symbol]                       0x080069ac   Section        0  lsm6dsv16x_reg.o(.text.lsm6dsv16x_fifo_watermark_set)
    [Anonymous Symbol]                       0x080069d4   Section        0  lsm6dsv16x_reg.o(.text.lsm6dsv16x_flag_data_ready_get)
    [Anonymous Symbol]                       0x08006a40   Section        0  lsm6dsv16x_reg.o(.text.lsm6dsv16x_from_f16_to_f32)
    [Anonymous Symbol]                       0x08006a54   Section        0  lsm6dsv16x_reg.o(.text.lsm6dsv16x_gy_data_rate_set)
    [Anonymous Symbol]                       0x08006b0c   Section        0  lsm6dsv16x_reg.o(.text.lsm6dsv16x_gy_full_scale_set)
    [Anonymous Symbol]                       0x08006b58   Section        0  lsm6dsv16x_reg.o(.text.lsm6dsv16x_gy_mode_set)
    [Anonymous Symbol]                       0x08006ba4   Section        0  lsm6dsv16x_reg.o(.text.lsm6dsv16x_ln_pg_write)
    [Anonymous Symbol]                       0x08006e20   Section        0  lsm6dsv16x_reg.o(.text.lsm6dsv16x_mem_bank_set)
    [Anonymous Symbol]                       0x08006e8c   Section        0  lsm6dsv16x_reg.o(.text.lsm6dsv16x_pin_int1_route_set)
    [Anonymous Symbol]                       0x08007058   Section        0  lsm6dsv16x_reg.o(.text.lsm6dsv16x_read_reg)
    [Anonymous Symbol]                       0x08007098   Section        0  lsm6dsv16x_reg.o(.text.lsm6dsv16x_reset_get)
    [Anonymous Symbol]                       0x08007134   Section        0  lsm6dsv16x_reg.o(.text.lsm6dsv16x_reset_set)
    [Anonymous Symbol]                       0x080071e8   Section        0  lsm6dsv16x_reg.o(.text.lsm6dsv16x_sflp_data_rate_get)
    [Anonymous Symbol]                       0x0800728c   Section        0  lsm6dsv16x_reg.o(.text.lsm6dsv16x_sflp_data_rate_set)
    [Anonymous Symbol]                       0x0800730c   Section        0  lsm6dsv16x_reg.o(.text.lsm6dsv16x_sflp_game_gbias_set)
    __arm_cp.179_2                           0x0800776c   Number         4  lsm6dsv16x_reg.o(.text.lsm6dsv16x_sflp_game_gbias_set)
    [Anonymous Symbol]                       0x080077ec   Section        0  lsm6dsv16x_reg.o(.text.lsm6dsv16x_sflp_game_rotation_set)
    [Anonymous Symbol]                       0x0800786c   Section        0  lsm6dsv16x_reg.o(.text.lsm6dsv16x_sh_master_get)
    [Anonymous Symbol]                       0x080078b4   Section        0  lsm6dsv16x_reg.o(.text.lsm6dsv16x_sh_master_set)
    [Anonymous Symbol]                       0x08007924   Section        0  lsm6dsv16x_reg.o(.text.lsm6dsv16x_write_reg)
    [Anonymous Symbol]                       0x08007964   Section        0  lsm6dsv16x_reg.o(.text.lsm6dsv16x_xl_data_rate_set)
    [Anonymous Symbol]                       0x08007a1c   Section        0  lsm6dsv16x_reg.o(.text.lsm6dsv16x_xl_full_scale_get)
    [Anonymous Symbol]                       0x08007a8c   Section        0  lsm6dsv16x_reg.o(.text.lsm6dsv16x_xl_full_scale_set)
    [Anonymous Symbol]                       0x08007ad8   Section        0  lsm6dsv16x_reg.o(.text.lsm6dsv16x_xl_mode_set)
    [Anonymous Symbol]                       0x08007b28   Section        0  main.o(.text.main)
    npy_float_to_half                        0x080080e1   Thumb Code    22  lsm6dsv16x_reg.o(.text.npy_float_to_half)
    [Anonymous Symbol]                       0x080080e0   Section        0  lsm6dsv16x_reg.o(.text.npy_float_to_half)
    npy_floatbits_to_halfbits                0x080080f9   Thumb Code   338  lsm6dsv16x_reg.o(.text.npy_floatbits_to_halfbits)
    [Anonymous Symbol]                       0x080080f8   Section        0  lsm6dsv16x_reg.o(.text.npy_floatbits_to_halfbits)
    npy_half_to_float                        0x0800824d   Thumb Code    26  main.o(.text.npy_half_to_float)
    [Anonymous Symbol]                       0x0800824c   Section        0  main.o(.text.npy_half_to_float)
    platform_delay                           0x08008269   Thumb Code    16  main.o(.text.platform_delay)
    [Anonymous Symbol]                       0x08008268   Section        0  main.o(.text.platform_delay)
    platform_read                            0x08008279   Thumb Code    58  main.o(.text.platform_read)
    [Anonymous Symbol]                       0x08008278   Section        0  main.o(.text.platform_read)
    platform_write                           0x080082b5   Thumb Code    58  main.o(.text.platform_write)
    [Anonymous Symbol]                       0x080082b4   Section        0  main.o(.text.platform_write)
    sflp2q                                   0x080082f1   Thumb Code   238  main.o(.text.sflp2q)
    [Anonymous Symbol]                       0x080082f0   Section        0  main.o(.text.sflp2q)
    i.__0printf                              0x080083e0   Section        0  printfa.o(i.__0printf)
    i.__ARM_fpclassifyf                      0x08008400   Section        0  fpclassifyf.o(i.__ARM_fpclassifyf)
    i.__hardfp_asinf                         0x08008428   Section        0  asinf.o(i.__hardfp_asinf)
    i.__hardfp_atan2f                        0x08008554   Section        0  atan2f.o(i.__hardfp_atan2f)
    i.__hardfp_sqrtf                         0x08008800   Section        0  sqrtf.o(i.__hardfp_sqrtf)
    i.__mathlib_flt_infnan                   0x0800883a   Section        0  funder.o(i.__mathlib_flt_infnan)
    i.__mathlib_flt_infnan2                  0x08008840   Section        0  funder.o(i.__mathlib_flt_infnan2)
    i.__mathlib_flt_invalid                  0x08008848   Section        0  funder.o(i.__mathlib_flt_invalid)
    i.__mathlib_flt_underflow                0x08008858   Section        0  funder.o(i.__mathlib_flt_underflow)
    i.__scatterload_copy                     0x08008868   Section       14  handlers.o(i.__scatterload_copy)
    i.__scatterload_null                     0x08008876   Section        2  handlers.o(i.__scatterload_null)
    i.__scatterload_zeroinit                 0x08008878   Section       14  handlers.o(i.__scatterload_zeroinit)
    i.__set_errno                            0x08008888   Section        0  errno.o(i.__set_errno)
    _fp_digits                               0x08008895   Thumb Code   366  printfa.o(i._fp_digits)
    i._fp_digits                             0x08008894   Section        0  printfa.o(i._fp_digits)
    _printf_core                             0x08008a19   Thumb Code  1744  printfa.o(i._printf_core)
    i._printf_core                           0x08008a18   Section        0  printfa.o(i._printf_core)
    _printf_post_padding                     0x080090f5   Thumb Code    36  printfa.o(i._printf_post_padding)
    i._printf_post_padding                   0x080090f4   Section        0  printfa.o(i._printf_post_padding)
    _printf_pre_padding                      0x08009119   Thumb Code    46  printfa.o(i._printf_pre_padding)
    i._printf_pre_padding                    0x08009118   Section        0  printfa.o(i._printf_pre_padding)
    i.sqrtf                                  0x08009146   Section        0  sqrtf.o(i.sqrtf)
    UARTEx_SetNbDataToProcess.denominator    0x0800919c   Data           8  stm32h5xx_hal_uart_ex.o(.rodata.UARTEx_SetNbDataToProcess.denominator)
    [Anonymous Symbol]                       0x0800919c   Section        0  stm32h5xx_hal_uart_ex.o(.rodata.UARTEx_SetNbDataToProcess.denominator)
    UARTEx_SetNbDataToProcess.numerator      0x080091a4   Data           8  stm32h5xx_hal_uart_ex.o(.rodata.UARTEx_SetNbDataToProcess.numerator)
    [Anonymous Symbol]                       0x080091a4   Section        0  stm32h5xx_hal_uart_ex.o(.rodata.UARTEx_SetNbDataToProcess.numerator)
    .L.str.3                                 0x080091c4   Data          12  main.o(.rodata.str1.1)
    [Anonymous Symbol]                       0x080091c4   Section        0  main.o(.rodata.str1.1)
    .L.str.2                                 0x080091d0   Data          18  main.o(.rodata.str1.1)
    .L.str                                   0x080091e2   Data           8  main.o(.rodata.str1.1)
    .L.str.1                                 0x080091ea   Data          31  main.o(.rodata.str1.1)
    .data                                    0x20000000   Section        4  stdout.o(.data)
    _errno                                   0x20000004   Data           4  errno.o(.data)
    .data                                    0x20000004   Section        4  errno.o(.data)
    fifo_sflp                                0x20000019   Data           1  main.o(.bss.fifo_sflp)
    [Anonymous Symbol]                       0x20000019   Section        0  main.o(.bss.fifo_sflp)
    whoamI                                   0x20000108   Data           1  main.o(.bss.whoamI)
    [Anonymous Symbol]                       0x20000108   Section        0  main.o(.bss.whoamI)
    STACK                                    0x20000110   Section    16384  startup_stm32h503xx.o(STACK)

    Global Symbols

    Symbol Name                              Value     Ov Type        Size  Object(Section)

    BuildAttributes$$THM_ISAv4$E$P$D$K$B$S$7EM$8M$VFPi5$EXTD16$VFPS$VFMA$PE$A:L22UL41UL21$X:L11$S22US41US21$IEEE1$IW$~IW$USESV6$~STKCKD$USESV7$~SHL$OTIME$ROPI$IEEEX$EBA8$MICROLIB$REQ8$PRES8$EABIv2 0x00000000   Number         0  anon$$obj.o ABSOLUTE
    __cpp_initialize__aeabi_                  - Undefined Weak Reference
    __cxa_finalize                            - Undefined Weak Reference
    __decompress                              - Undefined Weak Reference
    _clock_init                               - Undefined Weak Reference
    _microlib_exit                            - Undefined Weak Reference
    __Vectors_Size                           0x00000258   Number         0  startup_stm32h503xx.o ABSOLUTE
    __Vectors                                0x08000000   Data           4  startup_stm32h503xx.o(RESET)
    __Vectors_End                            0x08000258   Data           0  startup_stm32h503xx.o(RESET)
    __main                                   0x08000259   Thumb Code     0  entry.o(.ARM.Collect$$$$00000000)
    _main_stk                                0x08000259   Thumb Code     0  entry2.o(.ARM.Collect$$$$00000001)
    _main_scatterload                        0x0800025d   Thumb Code     0  entry5.o(.ARM.Collect$$$$00000004)
    __main_after_scatterload                 0x08000261   Thumb Code     0  entry5.o(.ARM.Collect$$$$00000004)
    _main_clock                              0x08000261   Thumb Code     0  entry7b.o(.ARM.Collect$$$$00000008)
    _main_cpp_init                           0x08000261   Thumb Code     0  entry8b.o(.ARM.Collect$$$$0000000A)
    _main_init                               0x08000261   Thumb Code     0  entry9a.o(.ARM.Collect$$$$0000000B)
    __rt_final_cpp                           0x08000269   Thumb Code     0  entry10a.o(.ARM.Collect$$$$0000000D)
    __rt_final_exit                          0x08000269   Thumb Code     0  entry11a.o(.ARM.Collect$$$$0000000F)
    Reset_Handler                            0x0800026d   Thumb Code     8  startup_stm32h503xx.o(.text)
    SecureFault_Handler                      0x0800027f   Thumb Code     2  startup_stm32h503xx.o(.text)
    ADC1_IRQHandler                          0x08000289   Thumb Code     0  startup_stm32h503xx.o(.text)
    COMP1_IRQHandler                         0x08000289   Thumb Code     0  startup_stm32h503xx.o(.text)
    CRS_IRQHandler                           0x08000289   Thumb Code     0  startup_stm32h503xx.o(.text)
    DAC1_IRQHandler                          0x08000289   Thumb Code     0  startup_stm32h503xx.o(.text)
    DTS_IRQHandler                           0x08000289   Thumb Code     0  startup_stm32h503xx.o(.text)
    EXTI10_IRQHandler                        0x08000289   Thumb Code     0  startup_stm32h503xx.o(.text)
    EXTI11_IRQHandler                        0x08000289   Thumb Code     0  startup_stm32h503xx.o(.text)
    EXTI12_IRQHandler                        0x08000289   Thumb Code     0  startup_stm32h503xx.o(.text)
    EXTI13_IRQHandler                        0x08000289   Thumb Code     0  startup_stm32h503xx.o(.text)
    EXTI14_IRQHandler                        0x08000289   Thumb Code     0  startup_stm32h503xx.o(.text)
    EXTI15_IRQHandler                        0x08000289   Thumb Code     0  startup_stm32h503xx.o(.text)
    EXTI1_IRQHandler                         0x08000289   Thumb Code     0  startup_stm32h503xx.o(.text)
    EXTI2_IRQHandler                         0x08000289   Thumb Code     0  startup_stm32h503xx.o(.text)
    EXTI3_IRQHandler                         0x08000289   Thumb Code     0  startup_stm32h503xx.o(.text)
    EXTI4_IRQHandler                         0x08000289   Thumb Code     0  startup_stm32h503xx.o(.text)
    EXTI5_IRQHandler                         0x08000289   Thumb Code     0  startup_stm32h503xx.o(.text)
    EXTI6_IRQHandler                         0x08000289   Thumb Code     0  startup_stm32h503xx.o(.text)
    EXTI7_IRQHandler                         0x08000289   Thumb Code     0  startup_stm32h503xx.o(.text)
    EXTI8_IRQHandler                         0x08000289   Thumb Code     0  startup_stm32h503xx.o(.text)
    EXTI9_IRQHandler                         0x08000289   Thumb Code     0  startup_stm32h503xx.o(.text)
    FDCAN1_IT0_IRQHandler                    0x08000289   Thumb Code     0  startup_stm32h503xx.o(.text)
    FDCAN1_IT1_IRQHandler                    0x08000289   Thumb Code     0  startup_stm32h503xx.o(.text)
    FLASH_IRQHandler                         0x08000289   Thumb Code     0  startup_stm32h503xx.o(.text)
    FPU_IRQHandler                           0x08000289   Thumb Code     0  startup_stm32h503xx.o(.text)
    GPDMA1_Channel0_IRQHandler               0x08000289   Thumb Code     0  startup_stm32h503xx.o(.text)
    GPDMA1_Channel1_IRQHandler               0x08000289   Thumb Code     0  startup_stm32h503xx.o(.text)
    GPDMA1_Channel2_IRQHandler               0x08000289   Thumb Code     0  startup_stm32h503xx.o(.text)
    GPDMA1_Channel3_IRQHandler               0x08000289   Thumb Code     0  startup_stm32h503xx.o(.text)
    GPDMA1_Channel4_IRQHandler               0x08000289   Thumb Code     0  startup_stm32h503xx.o(.text)
    GPDMA1_Channel5_IRQHandler               0x08000289   Thumb Code     0  startup_stm32h503xx.o(.text)
    GPDMA1_Channel6_IRQHandler               0x08000289   Thumb Code     0  startup_stm32h503xx.o(.text)
    GPDMA1_Channel7_IRQHandler               0x08000289   Thumb Code     0  startup_stm32h503xx.o(.text)
    GPDMA2_Channel0_IRQHandler               0x08000289   Thumb Code     0  startup_stm32h503xx.o(.text)
    GPDMA2_Channel1_IRQHandler               0x08000289   Thumb Code     0  startup_stm32h503xx.o(.text)
    GPDMA2_Channel2_IRQHandler               0x08000289   Thumb Code     0  startup_stm32h503xx.o(.text)
    GPDMA2_Channel3_IRQHandler               0x08000289   Thumb Code     0  startup_stm32h503xx.o(.text)
    GPDMA2_Channel4_IRQHandler               0x08000289   Thumb Code     0  startup_stm32h503xx.o(.text)
    GPDMA2_Channel5_IRQHandler               0x08000289   Thumb Code     0  startup_stm32h503xx.o(.text)
    GPDMA2_Channel6_IRQHandler               0x08000289   Thumb Code     0  startup_stm32h503xx.o(.text)
    GPDMA2_Channel7_IRQHandler               0x08000289   Thumb Code     0  startup_stm32h503xx.o(.text)
    GTZC_IRQHandler                          0x08000289   Thumb Code     0  startup_stm32h503xx.o(.text)
    HASH_IRQHandler                          0x08000289   Thumb Code     0  startup_stm32h503xx.o(.text)
    I2C1_ER_IRQHandler                       0x08000289   Thumb Code     0  startup_stm32h503xx.o(.text)
    I2C1_EV_IRQHandler                       0x08000289   Thumb Code     0  startup_stm32h503xx.o(.text)
    I2C2_ER_IRQHandler                       0x08000289   Thumb Code     0  startup_stm32h503xx.o(.text)
    I2C2_EV_IRQHandler                       0x08000289   Thumb Code     0  startup_stm32h503xx.o(.text)
    I3C1_ER_IRQHandler                       0x08000289   Thumb Code     0  startup_stm32h503xx.o(.text)
    I3C1_EV_IRQHandler                       0x08000289   Thumb Code     0  startup_stm32h503xx.o(.text)
    I3C2_ER_IRQHandler                       0x08000289   Thumb Code     0  startup_stm32h503xx.o(.text)
    I3C2_EV_IRQHandler                       0x08000289   Thumb Code     0  startup_stm32h503xx.o(.text)
    ICACHE_IRQHandler                        0x08000289   Thumb Code     0  startup_stm32h503xx.o(.text)
    IWDG_IRQHandler                          0x08000289   Thumb Code     0  startup_stm32h503xx.o(.text)
    LPTIM1_IRQHandler                        0x08000289   Thumb Code     0  startup_stm32h503xx.o(.text)
    LPTIM2_IRQHandler                        0x08000289   Thumb Code     0  startup_stm32h503xx.o(.text)
    LPUART1_IRQHandler                       0x08000289   Thumb Code     0  startup_stm32h503xx.o(.text)
    PVD_AVD_IRQHandler                       0x08000289   Thumb Code     0  startup_stm32h503xx.o(.text)
    RAMCFG_IRQHandler                        0x08000289   Thumb Code     0  startup_stm32h503xx.o(.text)
    RCC_IRQHandler                           0x08000289   Thumb Code     0  startup_stm32h503xx.o(.text)
    RNG_IRQHandler                           0x08000289   Thumb Code     0  startup_stm32h503xx.o(.text)
    RTC_IRQHandler                           0x08000289   Thumb Code     0  startup_stm32h503xx.o(.text)
    SPI1_IRQHandler                          0x08000289   Thumb Code     0  startup_stm32h503xx.o(.text)
    SPI2_IRQHandler                          0x08000289   Thumb Code     0  startup_stm32h503xx.o(.text)
    SPI3_IRQHandler                          0x08000289   Thumb Code     0  startup_stm32h503xx.o(.text)
    TAMP_IRQHandler                          0x08000289   Thumb Code     0  startup_stm32h503xx.o(.text)
    TIM1_BRK_IRQHandler                      0x08000289   Thumb Code     0  startup_stm32h503xx.o(.text)
    TIM1_CC_IRQHandler                       0x08000289   Thumb Code     0  startup_stm32h503xx.o(.text)
    TIM1_TRG_COM_IRQHandler                  0x08000289   Thumb Code     0  startup_stm32h503xx.o(.text)
    TIM1_UP_IRQHandler                       0x08000289   Thumb Code     0  startup_stm32h503xx.o(.text)
    TIM2_IRQHandler                          0x08000289   Thumb Code     0  startup_stm32h503xx.o(.text)
    TIM3_IRQHandler                          0x08000289   Thumb Code     0  startup_stm32h503xx.o(.text)
    TIM6_IRQHandler                          0x08000289   Thumb Code     0  startup_stm32h503xx.o(.text)
    TIM7_IRQHandler                          0x08000289   Thumb Code     0  startup_stm32h503xx.o(.text)
    USART1_IRQHandler                        0x08000289   Thumb Code     0  startup_stm32h503xx.o(.text)
    USART2_IRQHandler                        0x08000289   Thumb Code     0  startup_stm32h503xx.o(.text)
    USART3_IRQHandler                        0x08000289   Thumb Code     0  startup_stm32h503xx.o(.text)
    USB_DRD_FS_IRQHandler                    0x08000289   Thumb Code     0  startup_stm32h503xx.o(.text)
    WWDG_IRQHandler                          0x08000289   Thumb Code     0  startup_stm32h503xx.o(.text)
    __aeabi_uldivmod                         0x08000295   Thumb Code    98  uldiv.o(.text)
    __aeabi_memset                           0x080002f7   Thumb Code    14  memseta.o(.text)
    __aeabi_memset4                          0x080002f7   Thumb Code     0  memseta.o(.text)
    __aeabi_memset8                          0x080002f7   Thumb Code     0  memseta.o(.text)
    __aeabi_memclr                           0x08000305   Thumb Code     4  memseta.o(.text)
    __aeabi_memclr4                          0x08000305   Thumb Code     0  memseta.o(.text)
    __aeabi_memclr8                          0x08000305   Thumb Code     0  memseta.o(.text)
    _memset$wrapper                          0x08000309   Thumb Code    18  memseta.o(.text)
    __aeabi_dadd                             0x0800031b   Thumb Code   322  dadd.o(.text)
    __aeabi_dsub                             0x0800045d   Thumb Code     6  dadd.o(.text)
    __aeabi_drsub                            0x08000463   Thumb Code     6  dadd.o(.text)
    __aeabi_dmul                             0x08000469   Thumb Code   228  dmul.o(.text)
    __aeabi_f2d                              0x0800054d   Thumb Code    38  f2d.o(.text)
    __aeabi_d2f                              0x08000573   Thumb Code    56  d2f.o(.text)
    __aeabi_uidiv                            0x080005ab   Thumb Code     0  uidiv.o(.text)
    __aeabi_uidivmod                         0x080005ab   Thumb Code    44  uidiv.o(.text)
    __aeabi_llsl                             0x080005d7   Thumb Code    30  llshl.o(.text)
    _ll_shift_l                              0x080005d7   Thumb Code     0  llshl.o(.text)
    __aeabi_llsr                             0x080005f5   Thumb Code    32  llushr.o(.text)
    _ll_ushift_r                             0x080005f5   Thumb Code     0  llushr.o(.text)
    __aeabi_lasr                             0x08000615   Thumb Code    36  llsshr.o(.text)
    _ll_sshift_r                             0x08000615   Thumb Code     0  llsshr.o(.text)
    __I$use$fp                               0x08000639   Thumb Code     0  iusefp.o(.text)
    _float_round                             0x08000639   Thumb Code    18  fepilogue.o(.text)
    _float_epilogue                          0x0800064b   Thumb Code    92  fepilogue.o(.text)
    _double_round                            0x080006a7   Thumb Code    30  depilogue.o(.text)
    _double_epilogue                         0x080006c5   Thumb Code   156  depilogue.o(.text)
    __aeabi_ddiv                             0x08000761   Thumb Code   222  ddiv.o(.text)
    __aeabi_d2ulz                            0x0800083f   Thumb Code    48  dfixul.o(.text)
    __aeabi_cdrcmple                         0x08000871   Thumb Code    48  cdrcmple.o(.text)
    __scatterload                            0x080008a1   Thumb Code    28  init.o(.text)
    __scatterload_rt2                        0x080008a1   Thumb Code     0  init.o(.text)
    BusFault_Handler                         0x080008c5   Thumb Code     4  stm32h5xx_it.o(.text.BusFault_Handler)
    DebugMon_Handler                         0x080008c9   Thumb Code     2  stm32h5xx_it.o(.text.DebugMon_Handler)
    EXTI0_IRQHandler                         0x080008cd   Thumb Code    22  stm32h5xx_it.o(.text.EXTI0_IRQHandler)
    Error_Handler                            0x080008e5   Thumb Code     6  main.o(.text.Error_Handler)
    HAL_Delay                                0x080008ed   Thumb Code    66  stm32h5xx_hal.o(.text.HAL_Delay)
    HAL_GPIO_EXTI_Callback                   0x08000931   Thumb Code    34  main.o(.text.HAL_GPIO_EXTI_Callback)
    HAL_GPIO_EXTI_Falling_Callback           0x08000955   Thumb Code    10  stm32h5xx_hal_gpio.o(.text.HAL_GPIO_EXTI_Falling_Callback)
    HAL_GPIO_EXTI_IRQHandler                 0x08000961   Thumb Code   100  stm32h5xx_hal_gpio.o(.text.HAL_GPIO_EXTI_IRQHandler)
    HAL_GPIO_EXTI_Rising_Callback            0x080009c5   Thumb Code    10  stm32h5xx_hal_gpio.o(.text.HAL_GPIO_EXTI_Rising_Callback)
    HAL_GPIO_Init                            0x080009d1   Thumb Code   718  stm32h5xx_hal_gpio.o(.text.HAL_GPIO_Init)
    HAL_GPIO_WritePin                        0x08000ca1   Thumb Code    44  stm32h5xx_hal_gpio.o(.text.HAL_GPIO_WritePin)
    HAL_GetTick                              0x08000ccd   Thumb Code    12  stm32h5xx_hal.o(.text.HAL_GetTick)
    HAL_I2CEx_ConfigAnalogFilter             0x08000cd9   Thumb Code   152  stm32h5xx_hal_i2c_ex.o(.text.HAL_I2CEx_ConfigAnalogFilter)
    HAL_I2CEx_ConfigDigitalFilter            0x08000d71   Thumb Code   162  stm32h5xx_hal_i2c_ex.o(.text.HAL_I2CEx_ConfigDigitalFilter)
    HAL_I2C_Init                             0x08000e15   Thumb Code   276  stm32h5xx_hal_i2c.o(.text.HAL_I2C_Init)
    HAL_I2C_Mem_Read                         0x08000f29   Thumb Code   650  stm32h5xx_hal_i2c.o(.text.HAL_I2C_Mem_Read)
    HAL_I2C_Mem_Write                        0x080011b5   Thumb Code   628  stm32h5xx_hal_i2c.o(.text.HAL_I2C_Mem_Write)
    HAL_I2C_MspInit                          0x08001429   Thumb Code   170  i2c.o(.text.HAL_I2C_MspInit)
    HAL_ICACHE_ConfigAssociativityMode       0x080014d5   Thumb Code    64  stm32h5xx_hal_icache.o(.text.HAL_ICACHE_ConfigAssociativityMode)
    HAL_ICACHE_Enable                        0x08001515   Thumb Code    20  stm32h5xx_hal_icache.o(.text.HAL_ICACHE_Enable)
    HAL_IncTick                              0x08001529   Thumb Code    26  stm32h5xx_hal.o(.text.HAL_IncTick)
    HAL_Init                                 0x08001545   Thumb Code    94  stm32h5xx_hal.o(.text.HAL_Init)
    HAL_InitTick                             0x080015a5   Thumb Code   276  stm32h5xx_hal.o(.text.HAL_InitTick)
    HAL_MspInit                              0x080016b9   Thumb Code     2  stm32h5xx_hal_msp.o(.text.HAL_MspInit)
    HAL_NVIC_EnableIRQ                       0x080016bd   Thumb Code    20  stm32h5xx_hal_cortex.o(.text.HAL_NVIC_EnableIRQ)
    HAL_NVIC_SetPriority                     0x080016d1   Thumb Code    46  stm32h5xx_hal_cortex.o(.text.HAL_NVIC_SetPriority)
    HAL_NVIC_SetPriorityGrouping             0x08001701   Thumb Code    16  stm32h5xx_hal_cortex.o(.text.HAL_NVIC_SetPriorityGrouping)
    HAL_RCCEx_GetPLL1ClockFreq               0x08001711   Thumb Code   760  stm32h5xx_hal_rcc_ex.o(.text.HAL_RCCEx_GetPLL1ClockFreq)
    HAL_RCCEx_GetPLL2ClockFreq               0x08001a09   Thumb Code   760  stm32h5xx_hal_rcc_ex.o(.text.HAL_RCCEx_GetPLL2ClockFreq)
    HAL_RCCEx_GetPeriphCLKFreq               0x08001d01   Thumb Code  4080  stm32h5xx_hal_rcc_ex.o(.text.HAL_RCCEx_GetPeriphCLKFreq)
    HAL_RCCEx_PeriphCLKConfig                0x08002cf1   Thumb Code  2714  stm32h5xx_hal_rcc_ex.o(.text.HAL_RCCEx_PeriphCLKConfig)
    HAL_RCC_ClockConfig                      0x0800378d   Thumb Code  1172  stm32h5xx_hal_rcc.o(.text.HAL_RCC_ClockConfig)
    HAL_RCC_GetHCLKFreq                      0x08003c21   Thumb Code    52  stm32h5xx_hal_rcc.o(.text.HAL_RCC_GetHCLKFreq)
    HAL_RCC_GetPCLK1Freq                     0x08003c55   Thumb Code    38  stm32h5xx_hal_rcc.o(.text.HAL_RCC_GetPCLK1Freq)
    HAL_RCC_GetPCLK2Freq                     0x08003c7d   Thumb Code    38  stm32h5xx_hal_rcc.o(.text.HAL_RCC_GetPCLK2Freq)
    HAL_RCC_GetPCLK3Freq                     0x08003ca5   Thumb Code    38  stm32h5xx_hal_rcc.o(.text.HAL_RCC_GetPCLK3Freq)
    HAL_RCC_GetSysClockFreq                  0x08003ccd   Thumb Code   716  stm32h5xx_hal_rcc.o(.text.HAL_RCC_GetSysClockFreq)
    HAL_RCC_OscConfig                        0x08003f99   Thumb Code  2556  stm32h5xx_hal_rcc.o(.text.HAL_RCC_OscConfig)
    HAL_SYSTICK_CLKSourceConfig              0x08004995   Thumb Code   154  stm32h5xx_hal_cortex.o(.text.HAL_SYSTICK_CLKSourceConfig)
    HAL_SYSTICK_Config                       0x08004a31   Thumb Code    74  stm32h5xx_hal_cortex.o(.text.HAL_SYSTICK_Config)
    HAL_SYSTICK_GetCLKSourceConfig           0x08004a7d   Thumb Code    98  stm32h5xx_hal_cortex.o(.text.HAL_SYSTICK_GetCLKSourceConfig)
    HAL_UARTEx_DisableFifoMode               0x08004ae1   Thumb Code   124  stm32h5xx_hal_uart_ex.o(.text.HAL_UARTEx_DisableFifoMode)
    HAL_UARTEx_SetRxFifoThreshold            0x08004b5d   Thumb Code   140  stm32h5xx_hal_uart_ex.o(.text.HAL_UARTEx_SetRxFifoThreshold)
    HAL_UARTEx_SetTxFifoThreshold            0x08004be9   Thumb Code   140  stm32h5xx_hal_uart_ex.o(.text.HAL_UARTEx_SetTxFifoThreshold)
    HAL_UART_Init                            0x08004c75   Thumb Code   170  stm32h5xx_hal_uart.o(.text.HAL_UART_Init)
    HAL_UART_MspInit                         0x08004d21   Thumb Code   168  usart.o(.text.HAL_UART_MspInit)
    HAL_UART_Transmit                        0x08004dc9   Thumb Code   340  stm32h5xx_hal_uart.o(.text.HAL_UART_Transmit)
    HardFault_Handler                        0x08004f1d   Thumb Code     4  stm32h5xx_it.o(.text.HardFault_Handler)
    MX_GPIO_Init                             0x08005549   Thumb Code   214  gpio.o(.text.MX_GPIO_Init)
    MX_I2C1_Init                             0x08005621   Thumb Code   118  i2c.o(.text.MX_I2C1_Init)
    MX_ICACHE_Init                           0x08005699   Thumb Code    34  icache.o(.text.MX_ICACHE_Init)
    MX_USART1_UART_Init                      0x080056bd   Thumb Code   146  usart.o(.text.MX_USART1_UART_Init)
    MemManage_Handler                        0x08005751   Thumb Code     4  stm32h5xx_it.o(.text.MemManage_Handler)
    NMI_Handler                              0x08005755   Thumb Code     4  stm32h5xx_it.o(.text.NMI_Handler)
    PendSV_Handler                           0x080057c5   Thumb Code     2  stm32h5xx_it.o(.text.PendSV_Handler)
    SVC_Handler                              0x08005935   Thumb Code     2  stm32h5xx_it.o(.text.SVC_Handler)
    SysTick_Handler                          0x08005939   Thumb Code     8  stm32h5xx_it.o(.text.SysTick_Handler)
    SystemClock_Config                       0x08005941   Thumb Code   198  main.o(.text.SystemClock_Config)
    SystemInit                               0x08005a09   Thumb Code   278  system_stm32h5xx.o(.text.SystemInit)
    UART_AdvFeatureConfig                    0x08005c81   Thumb Code   328  stm32h5xx_hal_uart.o(.text.UART_AdvFeatureConfig)
    UART_CheckIdleState                      0x08005dc9   Thumb Code   326  stm32h5xx_hal_uart.o(.text.UART_CheckIdleState)
    UART_SetConfig                           0x08005fb1   Thumb Code   752  stm32h5xx_hal_uart.o(.text.UART_SetConfig)
    UART_WaitOnFlagUntilTimeout              0x080062a1   Thumb Code   268  stm32h5xx_hal_uart.o(.text.UART_WaitOnFlagUntilTimeout)
    UsageFault_Handler                       0x080063ad   Thumb Code     4  stm32h5xx_it.o(.text.UsageFault_Handler)
    fputc                                    0x08006491   Thumb Code    34  main.o(.text.fputc)
    lsm6dsv16x_acceleration_raw_get          0x080064b5   Thumb Code   114  lsm6dsv16x_reg.o(.text.lsm6dsv16x_acceleration_raw_get)
    lsm6dsv16x_block_data_update_set         0x08006529   Thumb Code    76  lsm6dsv16x_reg.o(.text.lsm6dsv16x_block_data_update_set)
    lsm6dsv16x_device_id_get                 0x08006575   Thumb Code    28  lsm6dsv16x_reg.o(.text.lsm6dsv16x_device_id_get)
    lsm6dsv16x_fifo_mode_set                 0x08006591   Thumb Code    74  lsm6dsv16x_reg.o(.text.lsm6dsv16x_fifo_mode_set)
    lsm6dsv16x_fifo_out_raw_get              0x080065dd   Thumb Code   614  lsm6dsv16x_reg.o(.text.lsm6dsv16x_fifo_out_raw_get)
    lsm6dsv16x_fifo_sflp_batch_set           0x08006845   Thumb Code   168  lsm6dsv16x_reg.o(.text.lsm6dsv16x_fifo_sflp_batch_set)
    lsm6dsv16x_fifo_status_get               0x080068ed   Thumb Code   192  lsm6dsv16x_reg.o(.text.lsm6dsv16x_fifo_status_get)
    lsm6dsv16x_fifo_watermark_set            0x080069ad   Thumb Code    38  lsm6dsv16x_reg.o(.text.lsm6dsv16x_fifo_watermark_set)
    lsm6dsv16x_flag_data_ready_get           0x080069d5   Thumb Code   106  lsm6dsv16x_reg.o(.text.lsm6dsv16x_flag_data_ready_get)
    lsm6dsv16x_from_f16_to_f32               0x08006a41   Thumb Code    20  lsm6dsv16x_reg.o(.text.lsm6dsv16x_from_f16_to_f32)
    lsm6dsv16x_gy_data_rate_set              0x08006a55   Thumb Code   184  lsm6dsv16x_reg.o(.text.lsm6dsv16x_gy_data_rate_set)
    lsm6dsv16x_gy_full_scale_set             0x08006b0d   Thumb Code    74  lsm6dsv16x_reg.o(.text.lsm6dsv16x_gy_full_scale_set)
    lsm6dsv16x_gy_mode_set                   0x08006b59   Thumb Code    76  lsm6dsv16x_reg.o(.text.lsm6dsv16x_gy_mode_set)
    lsm6dsv16x_ln_pg_write                   0x08006ba5   Thumb Code   636  lsm6dsv16x_reg.o(.text.lsm6dsv16x_ln_pg_write)
    lsm6dsv16x_mem_bank_set                  0x08006e21   Thumb Code   106  lsm6dsv16x_reg.o(.text.lsm6dsv16x_mem_bank_set)
    lsm6dsv16x_pin_int1_route_set            0x08006e8d   Thumb Code   460  lsm6dsv16x_reg.o(.text.lsm6dsv16x_pin_int1_route_set)
    lsm6dsv16x_read_reg                      0x08007059   Thumb Code    64  lsm6dsv16x_reg.o(.text.lsm6dsv16x_read_reg)
    lsm6dsv16x_reset_get                     0x08007099   Thumb Code   156  lsm6dsv16x_reg.o(.text.lsm6dsv16x_reset_get)
    lsm6dsv16x_reset_set                     0x08007135   Thumb Code   178  lsm6dsv16x_reg.o(.text.lsm6dsv16x_reset_set)
    lsm6dsv16x_sflp_data_rate_get            0x080071e9   Thumb Code   164  lsm6dsv16x_reg.o(.text.lsm6dsv16x_sflp_data_rate_get)
    lsm6dsv16x_sflp_data_rate_set            0x0800728d   Thumb Code   128  lsm6dsv16x_reg.o(.text.lsm6dsv16x_sflp_data_rate_set)
    lsm6dsv16x_sflp_game_gbias_set           0x0800730d   Thumb Code  1246  lsm6dsv16x_reg.o(.text.lsm6dsv16x_sflp_game_gbias_set)
    lsm6dsv16x_sflp_game_rotation_set        0x080077ed   Thumb Code   128  lsm6dsv16x_reg.o(.text.lsm6dsv16x_sflp_game_rotation_set)
    lsm6dsv16x_sh_master_get                 0x0800786d   Thumb Code    72  lsm6dsv16x_reg.o(.text.lsm6dsv16x_sh_master_get)
    lsm6dsv16x_sh_master_set                 0x080078b5   Thumb Code   110  lsm6dsv16x_reg.o(.text.lsm6dsv16x_sh_master_set)
    lsm6dsv16x_write_reg                     0x08007925   Thumb Code    64  lsm6dsv16x_reg.o(.text.lsm6dsv16x_write_reg)
    lsm6dsv16x_xl_data_rate_set              0x08007965   Thumb Code   184  lsm6dsv16x_reg.o(.text.lsm6dsv16x_xl_data_rate_set)
    lsm6dsv16x_xl_full_scale_get             0x08007a1d   Thumb Code   112  lsm6dsv16x_reg.o(.text.lsm6dsv16x_xl_full_scale_get)
    lsm6dsv16x_xl_full_scale_set             0x08007a8d   Thumb Code    74  lsm6dsv16x_reg.o(.text.lsm6dsv16x_xl_full_scale_set)
    lsm6dsv16x_xl_mode_set                   0x08007ad9   Thumb Code    76  lsm6dsv16x_reg.o(.text.lsm6dsv16x_xl_mode_set)
    main                                     0x08007b29   Thumb Code  1464  main.o(.text.main)
    __0printf                                0x080083e1   Thumb Code    22  printfa.o(i.__0printf)
    __1printf                                0x080083e1   Thumb Code     0  printfa.o(i.__0printf)
    __2printf                                0x080083e1   Thumb Code     0  printfa.o(i.__0printf)
    __c89printf                              0x080083e1   Thumb Code     0  printfa.o(i.__0printf)
    printf                                   0x080083e1   Thumb Code     0  printfa.o(i.__0printf)
    __ARM_fpclassifyf                        0x08008401   Thumb Code    38  fpclassifyf.o(i.__ARM_fpclassifyf)
    __hardfp_asinf                           0x08008429   Thumb Code   258  asinf.o(i.__hardfp_asinf)
    __hardfp_atan2f                          0x08008555   Thumb Code   594  atan2f.o(i.__hardfp_atan2f)
    __hardfp_sqrtf                           0x08008801   Thumb Code    58  sqrtf.o(i.__hardfp_sqrtf)
    __mathlib_flt_infnan                     0x0800883b   Thumb Code     6  funder.o(i.__mathlib_flt_infnan)
    __mathlib_flt_infnan2                    0x08008841   Thumb Code     6  funder.o(i.__mathlib_flt_infnan2)
    __mathlib_flt_invalid                    0x08008849   Thumb Code    10  funder.o(i.__mathlib_flt_invalid)
    __mathlib_flt_underflow                  0x08008859   Thumb Code    10  funder.o(i.__mathlib_flt_underflow)
    __scatterload_copy                       0x08008869   Thumb Code    14  handlers.o(i.__scatterload_copy)
    __scatterload_null                       0x08008877   Thumb Code     2  handlers.o(i.__scatterload_null)
    __scatterload_zeroinit                   0x08008879   Thumb Code    14  handlers.o(i.__scatterload_zeroinit)
    __set_errno                              0x08008889   Thumb Code     6  errno.o(i.__set_errno)
    sqrtf                                    0x08009147   Thumb Code    62  sqrtf.o(i.sqrtf)
    AHBPrescTable                            0x08009184   Data          16  system_stm32h5xx.o(.rodata.AHBPrescTable)
    APBPrescTable                            0x08009194   Data           8  system_stm32h5xx.o(.rodata.APBPrescTable)
    UARTPrescTable                           0x080091ac   Data          24  stm32h5xx_hal_uart.o(.rodata.UARTPrescTable)
    Region$$Table$$Base                      0x0800920c   Number         0  anon$$obj.o(Region$$Table)
    Region$$Table$$Limit                     0x0800922c   Number         0  anon$$obj.o(Region$$Table)
    __stdout                                 0x20000000   Data           4  stdout.o(.data)
    SystemCoreClock                          0x20000008   Data           4  system_stm32h5xx.o(.data.SystemCoreClock)
    uwTickFreq                               0x2000000c   Data           1  stm32h5xx_hal.o(.data.uwTickFreq)
    uwTickPrio                               0x20000010   Data           4  stm32h5xx_hal.o(.data.uwTickPrio)
    fifo_flag                                0x20000018   Data           1  main.o(.bss.fifo_flag)
    hi2c1                                    0x2000001c   Data          84  i2c.o(.bss.hi2c1)
    huart1                                   0x20000070   Data         148  usart.o(.bss.huart1)
    uwTick                                   0x20000104   Data           4  stm32h5xx_hal.o(.bss.uwTick)
    __initial_sp                             0x20004110   Data           0  startup_stm32h503xx.o(STACK)



==============================================================================

Memory Map of the image

  Image Entry point : 0x08000259

  Load Region LR_IROM1 (Base: 0x08000000, Size: 0x00009248, Max: 0x00020000, ABSOLUTE)

    Execution Region ER_IROM1 (Exec base: 0x08000000, Load base: 0x08000000, Size: 0x0000922c, Max: 0x00020000, ABSOLUTE)

    Exec Addr    Load Addr    Size         Type   Attr      Idx    E Section Name        Object

    0x08000000   0x08000000   0x00000258   Data   RO            3    RESET               startup_stm32h503xx.o
    0x08000258   0x08000258   0x00000000   Code   RO         1924  * .ARM.Collect$$$$00000000  mc_w.l(entry.o)
    0x08000258   0x08000258   0x00000004   Code   RO         1983    .ARM.Collect$$$$00000001  mc_w.l(entry2.o)
    0x0800025c   0x0800025c   0x00000004   Code   RO         1986    .ARM.Collect$$$$00000004  mc_w.l(entry5.o)
    0x08000260   0x08000260   0x00000000   Code   RO         1988    .ARM.Collect$$$$00000008  mc_w.l(entry7b.o)
    0x08000260   0x08000260   0x00000000   Code   RO         1990    .ARM.Collect$$$$0000000A  mc_w.l(entry8b.o)
    0x08000260   0x08000260   0x00000008   Code   RO         1991    .ARM.Collect$$$$0000000B  mc_w.l(entry9a.o)
    0x08000268   0x08000268   0x00000000   Code   RO         1993    .ARM.Collect$$$$0000000D  mc_w.l(entry10a.o)
    0x08000268   0x08000268   0x00000000   Code   RO         1995    .ARM.Collect$$$$0000000F  mc_w.l(entry11a.o)
    0x08000268   0x08000268   0x00000004   Code   RO         1984    .ARM.Collect$$$$00002712  mc_w.l(entry2.o)
    0x0800026c   0x0800026c   0x00000028   Code   RO            4    .text               startup_stm32h503xx.o
    0x08000294   0x08000294   0x00000062   Code   RO         1927    .text               mc_w.l(uldiv.o)
    0x080002f6   0x080002f6   0x00000024   Code   RO         1929    .text               mc_w.l(memseta.o)
    0x0800031a   0x0800031a   0x0000014e   Code   RO         1959    .text               mf_w.l(dadd.o)
    0x08000468   0x08000468   0x000000e4   Code   RO         1961    .text               mf_w.l(dmul.o)
    0x0800054c   0x0800054c   0x00000026   Code   RO         1963    .text               mf_w.l(f2d.o)
    0x08000572   0x08000572   0x00000038   Code   RO         1965    .text               mf_w.l(d2f.o)
    0x080005aa   0x080005aa   0x0000002c   Code   RO         2007    .text               mc_w.l(uidiv.o)
    0x080005d6   0x080005d6   0x0000001e   Code   RO         2009    .text               mc_w.l(llshl.o)
    0x080005f4   0x080005f4   0x00000020   Code   RO         2011    .text               mc_w.l(llushr.o)
    0x08000614   0x08000614   0x00000024   Code   RO         2013    .text               mc_w.l(llsshr.o)
    0x08000638   0x08000638   0x00000000   Code   RO         2022    .text               mc_w.l(iusefp.o)
    0x08000638   0x08000638   0x0000006e   Code   RO         2023    .text               mf_w.l(fepilogue.o)
    0x080006a6   0x080006a6   0x000000ba   Code   RO         2025    .text               mf_w.l(depilogue.o)
    0x08000760   0x08000760   0x000000de   Code   RO         2027    .text               mf_w.l(ddiv.o)
    0x0800083e   0x0800083e   0x00000030   Code   RO         2029    .text               mf_w.l(dfixul.o)
    0x0800086e   0x0800086e   0x00000002   PAD
    0x08000870   0x08000870   0x00000030   Code   RO         2031    .text               mf_w.l(cdrcmple.o)
    0x080008a0   0x080008a0   0x00000024   Code   RO         2033    .text               mc_w.l(init.o)
    0x080008c4   0x080008c4   0x00000004   Code   RO           94    .text.BusFault_Handler  stm32h5xx_it.o
    0x080008c8   0x080008c8   0x00000002   Code   RO          100    .text.DebugMon_Handler  stm32h5xx_it.o
    0x080008ca   0x080008ca   0x00000002   PAD
    0x080008cc   0x080008cc   0x00000016   Code   RO          106    .text.EXTI0_IRQHandler  stm32h5xx_it.o
    0x080008e2   0x080008e2   0x00000002   PAD
    0x080008e4   0x080008e4   0x00000006   Code   RO           25    .text.Error_Handler  main.o
    0x080008ea   0x080008ea   0x00000002   PAD
    0x080008ec   0x080008ec   0x00000042   Code   RO         1542    .text.HAL_Delay     stm32h5xx_hal.o
    0x0800092e   0x0800092e   0x00000002   PAD
    0x08000930   0x08000930   0x00000022   Code   RO           27    .text.HAL_GPIO_EXTI_Callback  main.o
    0x08000952   0x08000952   0x00000002   PAD
    0x08000954   0x08000954   0x0000000a   Code   RO         1401    .text.HAL_GPIO_EXTI_Falling_Callback  stm32h5xx_hal_gpio.o
    0x0800095e   0x0800095e   0x00000002   PAD
    0x08000960   0x08000960   0x00000064   Code   RO         1397    .text.HAL_GPIO_EXTI_IRQHandler  stm32h5xx_hal_gpio.o
    0x080009c4   0x080009c4   0x0000000a   Code   RO         1399    .text.HAL_GPIO_EXTI_Rising_Callback  stm32h5xx_hal_gpio.o
    0x080009ce   0x080009ce   0x00000002   PAD
    0x080009d0   0x080009d0   0x000002ce   Code   RO         1379    .text.HAL_GPIO_Init  stm32h5xx_hal_gpio.o
    0x08000c9e   0x08000c9e   0x00000002   PAD
    0x08000ca0   0x08000ca0   0x0000002c   Code   RO         1385    .text.HAL_GPIO_WritePin  stm32h5xx_hal_gpio.o
    0x08000ccc   0x08000ccc   0x0000000c   Code   RO         1534    .text.HAL_GetTick   stm32h5xx_hal.o
    0x08000cd8   0x08000cd8   0x00000098   Code   RO         1010    .text.HAL_I2CEx_ConfigAnalogFilter  stm32h5xx_hal_i2c_ex.o
    0x08000d70   0x08000d70   0x000000a2   Code   RO         1012    .text.HAL_I2CEx_ConfigDigitalFilter  stm32h5xx_hal_i2c_ex.o
    0x08000e12   0x08000e12   0x00000002   PAD
    0x08000e14   0x08000e14   0x00000114   Code   RO          841    .text.HAL_I2C_Init  stm32h5xx_hal_i2c.o
    0x08000f28   0x08000f28   0x0000028a   Code   RO          909    .text.HAL_I2C_Mem_Read  stm32h5xx_hal_i2c.o
    0x080011b2   0x080011b2   0x00000002   PAD
    0x080011b4   0x080011b4   0x00000274   Code   RO          905    .text.HAL_I2C_Mem_Write  stm32h5xx_hal_i2c.o
    0x08001428   0x08001428   0x000000aa   Code   RO           53    .text.HAL_I2C_MspInit  i2c.o
    0x080014d2   0x080014d2   0x00000002   PAD
    0x080014d4   0x080014d4   0x00000040   Code   RO         1659    .text.HAL_ICACHE_ConfigAssociativityMode  stm32h5xx_hal_icache.o
    0x08001514   0x08001514   0x00000014   Code   RO         1663    .text.HAL_ICACHE_Enable  stm32h5xx_hal_icache.o
    0x08001528   0x08001528   0x0000001a   Code   RO         1532    .text.HAL_IncTick   stm32h5xx_hal.o
    0x08001542   0x08001542   0x00000002   PAD
    0x08001544   0x08001544   0x0000005e   Code   RO         1522    .text.HAL_Init      stm32h5xx_hal.o
    0x080015a2   0x080015a2   0x00000002   PAD
    0x080015a4   0x080015a4   0x00000114   Code   RO         1524    .text.HAL_InitTick  stm32h5xx_hal.o
    0x080016b8   0x080016b8   0x00000002   Code   RO          115    .text.HAL_MspInit   stm32h5xx_hal_msp.o
    0x080016ba   0x080016ba   0x00000002   PAD
    0x080016bc   0x080016bc   0x00000014   Code   RO          772    .text.HAL_NVIC_EnableIRQ  stm32h5xx_hal_cortex.o
    0x080016d0   0x080016d0   0x0000002e   Code   RO          764    .text.HAL_NVIC_SetPriority  stm32h5xx_hal_cortex.o
    0x080016fe   0x080016fe   0x00000002   PAD
    0x08001700   0x08001700   0x00000010   Code   RO          760    .text.HAL_NVIC_SetPriorityGrouping  stm32h5xx_hal_cortex.o
    0x08001710   0x08001710   0x000002f8   Code   RO         1219    .text.HAL_RCCEx_GetPLL1ClockFreq  stm32h5xx_hal_rcc_ex.o
    0x08001a08   0x08001a08   0x000002f8   Code   RO         1221    .text.HAL_RCCEx_GetPLL2ClockFreq  stm32h5xx_hal_rcc_ex.o
    0x08001d00   0x08001d00   0x00000ff0   Code   RO         1223    .text.HAL_RCCEx_GetPeriphCLKFreq  stm32h5xx_hal_rcc_ex.o
    0x08002cf0   0x08002cf0   0x00000a9a   Code   RO         1213    .text.HAL_RCCEx_PeriphCLKConfig  stm32h5xx_hal_rcc_ex.o
    0x0800378a   0x0800378a   0x00000002   PAD
    0x0800378c   0x0800378c   0x00000494   Code   RO         1178    .text.HAL_RCC_ClockConfig  stm32h5xx_hal_rcc.o
    0x08003c20   0x08003c20   0x00000034   Code   RO         1176    .text.HAL_RCC_GetHCLKFreq  stm32h5xx_hal_rcc.o
    0x08003c54   0x08003c54   0x00000026   Code   RO         1184    .text.HAL_RCC_GetPCLK1Freq  stm32h5xx_hal_rcc.o
    0x08003c7a   0x08003c7a   0x00000002   PAD
    0x08003c7c   0x08003c7c   0x00000026   Code   RO         1186    .text.HAL_RCC_GetPCLK2Freq  stm32h5xx_hal_rcc.o
    0x08003ca2   0x08003ca2   0x00000002   PAD
    0x08003ca4   0x08003ca4   0x00000026   Code   RO         1188    .text.HAL_RCC_GetPCLK3Freq  stm32h5xx_hal_rcc.o
    0x08003cca   0x08003cca   0x00000002   PAD
    0x08003ccc   0x08003ccc   0x000002cc   Code   RO         1180    .text.HAL_RCC_GetSysClockFreq  stm32h5xx_hal_rcc.o
    0x08003f98   0x08003f98   0x000009fc   Code   RO         1174    .text.HAL_RCC_OscConfig  stm32h5xx_hal_rcc.o
    0x08004994   0x08004994   0x0000009a   Code   RO          810    .text.HAL_SYSTICK_CLKSourceConfig  stm32h5xx_hal_cortex.o
    0x08004a2e   0x08004a2e   0x00000002   PAD
    0x08004a30   0x08004a30   0x0000004a   Code   RO          808    .text.HAL_SYSTICK_Config  stm32h5xx_hal_cortex.o
    0x08004a7a   0x08004a7a   0x00000002   PAD
    0x08004a7c   0x08004a7c   0x00000062   Code   RO          812    .text.HAL_SYSTICK_GetCLKSourceConfig  stm32h5xx_hal_cortex.o
    0x08004ade   0x08004ade   0x00000002   PAD
    0x08004ae0   0x08004ae0   0x0000007c   Code   RO         1870    .text.HAL_UARTEx_DisableFifoMode  stm32h5xx_hal_uart_ex.o
    0x08004b5c   0x08004b5c   0x0000008c   Code   RO         1874    .text.HAL_UARTEx_SetRxFifoThreshold  stm32h5xx_hal_uart_ex.o
    0x08004be8   0x08004be8   0x0000008c   Code   RO         1872    .text.HAL_UARTEx_SetTxFifoThreshold  stm32h5xx_hal_uart_ex.o
    0x08004c74   0x08004c74   0x000000aa   Code   RO         1700    .text.HAL_UART_Init  stm32h5xx_hal_uart.o
    0x08004d1e   0x08004d1e   0x00000002   PAD
    0x08004d20   0x08004d20   0x000000a8   Code   RO           76    .text.HAL_UART_MspInit  usart.o
    0x08004dc8   0x08004dc8   0x00000154   Code   RO         1720    .text.HAL_UART_Transmit  stm32h5xx_hal_uart.o
    0x08004f1c   0x08004f1c   0x00000004   Code   RO           90    .text.HardFault_Handler  stm32h5xx_it.o
    0x08004f20   0x08004f20   0x00000040   Code   RO          865    .text.I2C_Flush_TXDR  stm32h5xx_hal_i2c.o
    0x08004f60   0x08004f60   0x000001fe   Code   RO         1001    .text.I2C_IsErrorOccurred  stm32h5xx_hal_i2c.o
    0x0800515e   0x0800515e   0x00000002   PAD
    0x08005160   0x08005160   0x000000be   Code   RO          911    .text.I2C_RequestMemoryRead  stm32h5xx_hal_i2c.o
    0x0800521e   0x0800521e   0x00000002   PAD
    0x08005220   0x08005220   0x000000c0   Code   RO          907    .text.I2C_RequestMemoryWrite  stm32h5xx_hal_i2c.o
    0x080052e0   0x080052e0   0x00000054   Code   RO          853    .text.I2C_TransferConfig  stm32h5xx_hal_i2c.o
    0x08005334   0x08005334   0x000000c4   Code   RO          851    .text.I2C_WaitOnFlagUntilTimeout  stm32h5xx_hal_i2c.o
    0x080053f8   0x080053f8   0x000000a2   Code   RO          857    .text.I2C_WaitOnSTOPFlagUntilTimeout  stm32h5xx_hal_i2c.o
    0x0800549a   0x0800549a   0x00000002   PAD
    0x0800549c   0x0800549c   0x000000ac   Code   RO          855    .text.I2C_WaitOnTXISFlagUntilTimeout  stm32h5xx_hal_i2c.o
    0x08005548   0x08005548   0x000000d6   Code   RO           43    .text.MX_GPIO_Init  gpio.o
    0x0800561e   0x0800561e   0x00000002   PAD
    0x08005620   0x08005620   0x00000076   Code   RO           51    .text.MX_I2C1_Init  i2c.o
    0x08005696   0x08005696   0x00000002   PAD
    0x08005698   0x08005698   0x00000022   Code   RO           65    .text.MX_ICACHE_Init  icache.o
    0x080056ba   0x080056ba   0x00000002   PAD
    0x080056bc   0x080056bc   0x00000092   Code   RO           74    .text.MX_USART1_UART_Init  usart.o
    0x0800574e   0x0800574e   0x00000002   PAD
    0x08005750   0x08005750   0x00000004   Code   RO           92    .text.MemManage_Handler  stm32h5xx_it.o
    0x08005754   0x08005754   0x00000004   Code   RO           88    .text.NMI_Handler   stm32h5xx_it.o
    0x08005758   0x08005758   0x0000006c   Code   RO          770    .text.NVIC_EncodePriority  stm32h5xx_hal_cortex.o
    0x080057c4   0x080057c4   0x00000002   Code   RO          102    .text.PendSV_Handler  stm32h5xx_it.o
    0x080057c6   0x080057c6   0x00000002   PAD
    0x080057c8   0x080057c8   0x0000016c   Code   RO         1215    .text.RCCEx_PLL2_Config  stm32h5xx_hal_rcc_ex.o
    0x08005934   0x08005934   0x00000002   Code   RO           98    .text.SVC_Handler   stm32h5xx_it.o
    0x08005936   0x08005936   0x00000002   PAD
    0x08005938   0x08005938   0x00000008   Code   RO          104    .text.SysTick_Handler  stm32h5xx_it.o
    0x08005940   0x08005940   0x000000c6   Code   RO           15    .text.SystemClock_Config  main.o
    0x08005a06   0x08005a06   0x00000002   PAD
    0x08005a08   0x08005a08   0x00000116   Code   RO         1893    .text.SystemInit    system_stm32h5xx.o
    0x08005b1e   0x08005b1e   0x00000002   PAD
    0x08005b20   0x08005b20   0x000000d4   Code   RO          157    .text.ToFloatBits   lsm6dsv16x_reg.o
    0x08005bf4   0x08005bf4   0x0000008a   Code   RO         1868    .text.UARTEx_SetNbDataToProcess  stm32h5xx_hal_uart_ex.o
    0x08005c7e   0x08005c7e   0x00000002   PAD
    0x08005c80   0x08005c80   0x00000148   Code   RO         1704    .text.UART_AdvFeatureConfig  stm32h5xx_hal_uart.o
    0x08005dc8   0x08005dc8   0x00000146   Code   RO         1708    .text.UART_CheckIdleState  stm32h5xx_hal_uart.o
    0x08005f0e   0x08005f0e   0x00000002   PAD
    0x08005f10   0x08005f10   0x0000009e   Code   RO         1760    .text.UART_EndRxTransfer  stm32h5xx_hal_uart.o
    0x08005fae   0x08005fae   0x00000002   PAD
    0x08005fb0   0x08005fb0   0x000002f0   Code   RO         1706    .text.UART_SetConfig  stm32h5xx_hal_uart.o
    0x080062a0   0x080062a0   0x0000010c   Code   RO         1722    .text.UART_WaitOnFlagUntilTimeout  stm32h5xx_hal_uart.o
    0x080063ac   0x080063ac   0x00000004   Code   RO           96    .text.UsageFault_Handler  stm32h5xx_it.o
    0x080063b0   0x080063b0   0x00000030   Code   RO          774    .text.__NVIC_EnableIRQ  stm32h5xx_hal_cortex.o
    0x080063e0   0x080063e0   0x00000010   Code   RO          766    .text.__NVIC_GetPriorityGrouping  stm32h5xx_hal_cortex.o
    0x080063f0   0x080063f0   0x00000042   Code   RO          768    .text.__NVIC_SetPriority  stm32h5xx_hal_cortex.o
    0x08006432   0x08006432   0x00000002   PAD
    0x08006434   0x08006434   0x0000003c   Code   RO          762    .text.__NVIC_SetPriorityGrouping  stm32h5xx_hal_cortex.o
    0x08006470   0x08006470   0x00000020   Code   RO          265    .text.bytecpy       lsm6dsv16x_reg.o
    0x08006490   0x08006490   0x00000022   Code   RO           11    .text.fputc         main.o
    0x080064b2   0x080064b2   0x00000002   PAD
    0x080064b4   0x080064b4   0x00000072   Code   RO          281    .text.lsm6dsv16x_acceleration_raw_get  lsm6dsv16x_reg.o
    0x08006526   0x08006526   0x00000002   PAD
    0x08006528   0x08006528   0x0000004c   Code   RO          197    .text.lsm6dsv16x_block_data_update_set  lsm6dsv16x_reg.o
    0x08006574   0x08006574   0x0000001c   Code   RO          175    .text.lsm6dsv16x_device_id_get  lsm6dsv16x_reg.o
    0x08006590   0x08006590   0x0000004a   Code   RO          349    .text.lsm6dsv16x_fifo_mode_set  lsm6dsv16x_reg.o
    0x080065da   0x080065da   0x00000002   PAD
    0x080065dc   0x080065dc   0x00000266   Code   RO          375    .text.lsm6dsv16x_fifo_out_raw_get  lsm6dsv16x_reg.o
    0x08006842   0x08006842   0x00000002   PAD
    0x08006844   0x08006844   0x000000a8   Code   RO          393    .text.lsm6dsv16x_fifo_sflp_batch_set  lsm6dsv16x_reg.o
    0x080068ec   0x080068ec   0x000000c0   Code   RO          373    .text.lsm6dsv16x_fifo_status_get  lsm6dsv16x_reg.o
    0x080069ac   0x080069ac   0x00000026   Code   RO          317    .text.lsm6dsv16x_fifo_watermark_set  lsm6dsv16x_reg.o
    0x080069d2   0x080069d2   0x00000002   PAD
    0x080069d4   0x080069d4   0x0000006a   Code   RO          267    .text.lsm6dsv16x_flag_data_ready_get  lsm6dsv16x_reg.o
    0x08006a3e   0x08006a3e   0x00000002   PAD
    0x08006a40   0x08006a40   0x00000014   Code   RO          155    .text.lsm6dsv16x_from_f16_to_f32  lsm6dsv16x_reg.o
    0x08006a54   0x08006a54   0x000000b8   Code   RO          185    .text.lsm6dsv16x_gy_data_rate_set  lsm6dsv16x_reg.o
    0x08006b0c   0x08006b0c   0x0000004a   Code   RO          213    .text.lsm6dsv16x_gy_full_scale_set  lsm6dsv16x_reg.o
    0x08006b56   0x08006b56   0x00000002   PAD
    0x08006b58   0x08006b58   0x0000004c   Code   RO          189    .text.lsm6dsv16x_gy_mode_set  lsm6dsv16x_reg.o
    0x08006ba4   0x08006ba4   0x0000027c   Code   RO          289    .text.lsm6dsv16x_ln_pg_write  lsm6dsv16x_reg.o
    0x08006e20   0x08006e20   0x0000006a   Code   RO          171    .text.lsm6dsv16x_mem_bank_set  lsm6dsv16x_reg.o
    0x08006e8a   0x08006e8a   0x00000002   PAD
    0x08006e8c   0x08006e8c   0x000001cc   Code   RO          241    .text.lsm6dsv16x_pin_int1_route_set  lsm6dsv16x_reg.o
    0x08007058   0x08007058   0x00000040   Code   RO          123    .text.lsm6dsv16x_read_reg  lsm6dsv16x_reg.o
    0x08007098   0x08007098   0x0000009c   Code   RO          169    .text.lsm6dsv16x_reset_get  lsm6dsv16x_reg.o
    0x08007134   0x08007134   0x000000b2   Code   RO          167    .text.lsm6dsv16x_reset_set  lsm6dsv16x_reg.o
    0x080071e6   0x080071e6   0x00000002   PAD
    0x080071e8   0x080071e8   0x000000a4   Code   RO          483    .text.lsm6dsv16x_sflp_data_rate_get  lsm6dsv16x_reg.o
    0x0800728c   0x0800728c   0x00000080   Code   RO          699    .text.lsm6dsv16x_sflp_data_rate_set  lsm6dsv16x_reg.o
    0x0800730c   0x0800730c   0x000004de   Code   RO          481    .text.lsm6dsv16x_sflp_game_gbias_set  lsm6dsv16x_reg.o
    0x080077ea   0x080077ea   0x00000002   PAD
    0x080077ec   0x080077ec   0x00000080   Code   RO          695    .text.lsm6dsv16x_sflp_game_rotation_set  lsm6dsv16x_reg.o
    0x0800786c   0x0800786c   0x00000048   Code   RO          487    .text.lsm6dsv16x_sh_master_get  lsm6dsv16x_reg.o
    0x080078b4   0x080078b4   0x0000006e   Code   RO          489    .text.lsm6dsv16x_sh_master_set  lsm6dsv16x_reg.o
    0x08007922   0x08007922   0x00000002   PAD
    0x08007924   0x08007924   0x00000040   Code   RO          125    .text.lsm6dsv16x_write_reg  lsm6dsv16x_reg.o
    0x08007964   0x08007964   0x000000b8   Code   RO          177    .text.lsm6dsv16x_xl_data_rate_set  lsm6dsv16x_reg.o
    0x08007a1c   0x08007a1c   0x00000070   Code   RO          219    .text.lsm6dsv16x_xl_full_scale_get  lsm6dsv16x_reg.o
    0x08007a8c   0x08007a8c   0x0000004a   Code   RO          217    .text.lsm6dsv16x_xl_full_scale_set  lsm6dsv16x_reg.o
    0x08007ad6   0x08007ad6   0x00000002   PAD
    0x08007ad8   0x08007ad8   0x0000004c   Code   RO          181    .text.lsm6dsv16x_xl_mode_set  lsm6dsv16x_reg.o
    0x08007b24   0x08007b24   0x00000004   PAD
    0x08007b28   0x08007b28   0x000005b8   Code   RO           13    .text.main          main.o
    0x080080e0   0x080080e0   0x00000016   Code   RO          485    .text.npy_float_to_half  lsm6dsv16x_reg.o
    0x080080f6   0x080080f6   0x00000002   PAD
    0x080080f8   0x080080f8   0x00000152   Code   RO          751    .text.npy_floatbits_to_halfbits  lsm6dsv16x_reg.o
    0x0800824a   0x0800824a   0x00000002   PAD
    0x0800824c   0x0800824c   0x0000001a   Code   RO           29    .text.npy_half_to_float  main.o
    0x08008266   0x08008266   0x00000002   PAD
    0x08008268   0x08008268   0x00000010   Code   RO           21    .text.platform_delay  main.o
    0x08008278   0x08008278   0x0000003a   Code   RO           19    .text.platform_read  main.o
    0x080082b2   0x080082b2   0x00000002   PAD
    0x080082b4   0x080082b4   0x0000003a   Code   RO           17    .text.platform_write  main.o
    0x080082ee   0x080082ee   0x00000002   PAD
    0x080082f0   0x080082f0   0x000000ee   Code   RO           23    .text.sflp2q        main.o
    0x080083de   0x080083de   0x00000002   PAD
    0x080083e0   0x080083e0   0x00000020   Code   RO         1932    i.__0printf         mc_w.l(printfa.o)
    0x08008400   0x08008400   0x00000026   Code   RO         1967    i.__ARM_fpclassifyf  m_wm.l(fpclassifyf.o)
    0x08008426   0x08008426   0x00000002   PAD
    0x08008428   0x08008428   0x0000012c   Code   RO         1906    i.__hardfp_asinf    m_wm.l(asinf.o)
    0x08008554   0x08008554   0x000002ac   Code   RO         1912    i.__hardfp_atan2f   m_wm.l(atan2f.o)
    0x08008800   0x08008800   0x0000003a   Code   RO         1918    i.__hardfp_sqrtf    m_wm.l(sqrtf.o)
    0x0800883a   0x0800883a   0x00000006   Code   RO         1970    i.__mathlib_flt_infnan  m_wm.l(funder.o)
    0x08008840   0x08008840   0x00000006   Code   RO         1971    i.__mathlib_flt_infnan2  m_wm.l(funder.o)
    0x08008846   0x08008846   0x00000002   PAD
    0x08008848   0x08008848   0x00000010   Code   RO         1972    i.__mathlib_flt_invalid  m_wm.l(funder.o)
    0x08008858   0x08008858   0x00000010   Code   RO         1975    i.__mathlib_flt_underflow  m_wm.l(funder.o)
    0x08008868   0x08008868   0x0000000e   Code   RO         2037    i.__scatterload_copy  mc_w.l(handlers.o)
    0x08008876   0x08008876   0x00000002   Code   RO         2038    i.__scatterload_null  mc_w.l(handlers.o)
    0x08008878   0x08008878   0x0000000e   Code   RO         2039    i.__scatterload_zeroinit  mc_w.l(handlers.o)
    0x08008886   0x08008886   0x00000002   PAD
    0x08008888   0x08008888   0x0000000c   Code   RO         2017    i.__set_errno       mc_w.l(errno.o)
    0x08008894   0x08008894   0x00000184   Code   RO         1939    i._fp_digits        mc_w.l(printfa.o)
    0x08008a18   0x08008a18   0x000006dc   Code   RO         1940    i._printf_core      mc_w.l(printfa.o)
    0x080090f4   0x080090f4   0x00000024   Code   RO         1941    i._printf_post_padding  mc_w.l(printfa.o)
    0x08009118   0x08009118   0x0000002e   Code   RO         1942    i._printf_pre_padding  mc_w.l(printfa.o)
    0x08009146   0x08009146   0x0000003e   Code   RO         1920    i.sqrtf             m_wm.l(sqrtf.o)
    0x08009184   0x08009184   0x00000010   Data   RO         1898    .rodata.AHBPrescTable  system_stm32h5xx.o
    0x08009194   0x08009194   0x00000008   Data   RO         1899    .rodata.APBPrescTable  system_stm32h5xx.o
    0x0800919c   0x0800919c   0x00000008   Data   RO         1885    .rodata.UARTEx_SetNbDataToProcess.denominator  stm32h5xx_hal_uart_ex.o
    0x080091a4   0x080091a4   0x00000008   Data   RO         1884    .rodata.UARTEx_SetNbDataToProcess.numerator  stm32h5xx_hal_uart_ex.o
    0x080091ac   0x080091ac   0x00000018   Data   RO         1840    .rodata.UARTPrescTable  stm32h5xx_hal_uart.o
    0x080091c4   0x080091c4   0x00000045   Data   RO           32    .rodata.str1.1      main.o
    0x08009209   0x08009209   0x00000003   PAD
    0x0800920c   0x0800920c   0x00000020   Data   RO         2036    Region$$Table       anon$$obj.o


    Execution Region RW_IRAM1 (Exec base: 0x20000000, Load base: 0x08009230, Size: 0x00004110, Max: 0x00008000, ABSOLUTE)

    Exec Addr    Load Addr    Size         Type   Attr      Idx    E Section Name        Object

    0x20000000   0x08009230   0x00000004   Data   RW         1997    .data               mc_w.l(stdout.o)
    0x20000004   0x08009234   0x00000004   Data   RW         2018    .data               mc_w.l(errno.o)
    0x20000008   0x08009238   0x00000004   Data   RW         1897    .data.SystemCoreClock  system_stm32h5xx.o
    0x2000000c   0x0800923c   0x00000001   Data   RW         1621    .data.uwTickFreq    stm32h5xx_hal.o
    0x2000000d   0x0800923d   0x00000003   PAD
    0x20000010   0x08009240   0x00000004   Data   RW         1620    .data.uwTickPrio    stm32h5xx_hal.o
    0x20000014   0x08009244   0x00000004   PAD
    0x20000018        -       0x00000001   Zero   RW           31    .bss.fifo_flag      main.o
    0x20000019        -       0x00000001   Zero   RW           34    .bss.fifo_sflp      main.o
    0x2000001a   0x08009244   0x00000002   PAD
    0x2000001c        -       0x00000054   Zero   RW           57    .bss.hi2c1          i2c.o
    0x20000070        -       0x00000094   Zero   RW           80    .bss.huart1         usart.o
    0x20000104        -       0x00000004   Zero   RW         1622    .bss.uwTick         stm32h5xx_hal.o
    0x20000108        -       0x00000001   Zero   RW           33    .bss.whoamI         main.o
    0x20000109   0x08009244   0x00000007   PAD
    0x20000110        -       0x00004000   Zero   RW            1    STACK               startup_stm32h503xx.o


==============================================================================

Image component sizes


      Code (inc. data)   RO Data    RW Data    ZI Data      Debug   Object Name

       214          0          0          0          0       4701   gpio.o
       288          0          0          0         84       7879   i2c.o
        34          0          0          0          0        600   icache.o
      6326         88          0          0          0     115550   lsm6dsv16x_reg.o
      2132         16         69          0          3      11119   main.o
        40         10        600          0      16384        904   startup_stm32h503xx.o
       474          0          0          5          4      11365   stm32h5xx_hal.o
       706          6          0          0          0      12392   stm32h5xx_hal_cortex.o
       882          0          0          0          0       5074   stm32h5xx_hal_gpio.o
      3124          0          0          0          0      38253   stm32h5xx_hal_i2c.o
       314          0          0          0          0       5537   stm32h5xx_hal_i2c_ex.o
        84          0          0          0          0       3372   stm32h5xx_hal_icache.o
         2          0          0          0          0        402   stm32h5xx_hal_msp.o
      4610         16          0          0          0      12205   stm32h5xx_hal_rcc.o
      8678        152          0          0          0      17282   stm32h5xx_hal_rcc_ex.o
      2342          0         24          0          0      26331   stm32h5xx_hal_uart.o
       542          0         16          0          0       9334   stm32h5xx_hal_uart_ex.o
        56          0          0          0          0       1270   stm32h5xx_it.o
       278          0         24          4          0       5284   system_stm32h5xx.o
       314          0          0          0        148       8035   usart.o

    ----------------------------------------------------------------------
     31556        288        768         12      16636     296889   Object Totals
         0          0         32          0          0          0   (incl. Generated)
       116          0          3          3         13          0   (incl. Padding)

    ----------------------------------------------------------------------

      Code (inc. data)   RO Data    RW Data    ZI Data      Debug   Library Member Name

       300         42          0          0          0        176   asinf.o
       684         90          0          0          0        208   atan2f.o
        38          0          0          0          0        116   fpclassifyf.o
        44         12          0          0          0        464   funder.o
       120          0          0          0          0        272   sqrtf.o
         0          0          0          0          0          0   entry.o
         0          0          0          0          0          0   entry10a.o
         0          0          0          0          0          0   entry11a.o
         8          4          0          0          0          0   entry2.o
         4          0          0          0          0          0   entry5.o
         0          0          0          0          0          0   entry7b.o
         0          0          0          0          0          0   entry8b.o
         8          4          0          0          0          0   entry9a.o
        12          6          0          4          0         68   errno.o
        30          0          0          0          0          0   handlers.o
        36          8          0          0          0         68   init.o
         0          0          0          0          0          0   iusefp.o
        30          0          0          0          0         68   llshl.o
        36          0          0          0          0         68   llsshr.o
        32          0          0          0          0         68   llushr.o
        36          0          0          0          0        108   memseta.o
      2258         90          0          0          0        452   printfa.o
         0          0          0          4          0          0   stdout.o
        44          0          0          0          0         80   uidiv.o
        98          0          0          0          0         92   uldiv.o
        48          0          0          0          0         68   cdrcmple.o
        56          0          0          0          0         88   d2f.o
       334          0          0          0          0        148   dadd.o
       222          0          0          0          0        100   ddiv.o
       186          0          0          0          0        176   depilogue.o
        48          0          0          0          0         68   dfixul.o
       228          0          0          0          0         96   dmul.o
        38          0          0          0          0         68   f2d.o
       110          0          0          0          0        168   fepilogue.o

    ----------------------------------------------------------------------
      5096        256          0          8          0       3288   Library Totals
         8          0          0          0          0          0   (incl. Padding)

    ----------------------------------------------------------------------

      Code (inc. data)   RO Data    RW Data    ZI Data      Debug   Library Name

      1186        144          0          0          0       1236   m_wm.l
      2632        112          0          8          0       1072   mc_w.l
      1270          0          0          0          0        980   mf_w.l

    ----------------------------------------------------------------------
      5096        256          0          8          0       3288   Library Totals

    ----------------------------------------------------------------------

==============================================================================


      Code (inc. data)   RO Data    RW Data    ZI Data      Debug   

     36652        544        768         20      16636     298233   Grand Totals
     36652        544        768         20      16636     298233   ELF Image Totals
     36652        544        768         20          0          0   ROM Totals

==============================================================================

    Total RO  Size (Code + RO Data)                37420 (  36.54kB)
    Total RW  Size (RW Data + ZI Data)             16656 (  16.27kB)
    Total ROM Size (Code + RO Data + RW Data)      37440 (  36.56kB)

==============================================================================

