Component: Arm Compiler for Embedded 6.18 Tool: armlink [5e4cc100]

==============================================================================

Section Cross References

    startup_stm32h503xx.o(RESET) refers to startup_stm32h503xx.o(STACK) for __initial_sp
    startup_stm32h503xx.o(RESET) refers to startup_stm32h503xx.o(.text) for Reset_Handler
    startup_stm32h503xx.o(RESET) refers to stm32h5xx_it.o(.text.NMI_Handler) for NMI_Handler
    startup_stm32h503xx.o(RESET) refers to stm32h5xx_it.o(.text.HardFault_Handler) for HardFault_Handler
    startup_stm32h503xx.o(RESET) refers to stm32h5xx_it.o(.text.MemManage_Handler) for MemManage_Handler
    startup_stm32h503xx.o(RESET) refers to stm32h5xx_it.o(.text.BusFault_Handler) for BusFault_Handler
    startup_stm32h503xx.o(RESET) refers to stm32h5xx_it.o(.text.UsageFault_Handler) for UsageFault_Handler
    startup_stm32h503xx.o(RESET) refers to stm32h5xx_it.o(.text.SVC_Handler) for SVC_Handler
    startup_stm32h503xx.o(RESET) refers to stm32h5xx_it.o(.text.DebugMon_Handler) for DebugMon_Handler
    startup_stm32h503xx.o(RESET) refers to stm32h5xx_it.o(.text.PendSV_Handler) for PendSV_Handler
    startup_stm32h503xx.o(RESET) refers to stm32h5xx_it.o(.text.SysTick_Handler) for SysTick_Handler
    startup_stm32h503xx.o(.text) refers to system_stm32h5xx.o(.text.SystemInit) for SystemInit
    startup_stm32h503xx.o(.text) refers to entry.o(.ARM.Collect$$$$00000000) for __main
    main.o(.text.fputc) refers to usart.o(.bss.huart1) for huart1
    main.o(.text.fputc) refers to stm32h5xx_hal_uart.o(.text.HAL_UART_Transmit) for HAL_UART_Transmit
    main.o(.ARM.exidx.text.fputc) refers to main.o(.text.fputc) for [Anonymous Symbol]
    main.o(.text.main) refers to stm32h5xx_hal.o(.text.HAL_Init) for HAL_Init
    main.o(.text.main) refers to main.o(.text.SystemClock_Config) for SystemClock_Config
    main.o(.text.main) refers to gpio.o(.text.MX_GPIO_Init) for MX_GPIO_Init
    main.o(.text.main) refers to i2c.o(.text.MX_I2C1_Init) for MX_I2C1_Init
    main.o(.text.main) refers to icache.o(.text.MX_ICACHE_Init) for MX_ICACHE_Init
    main.o(.text.main) refers to usart.o(.text.MX_USART1_UART_Init) for MX_USART1_UART_Init
    main.o(.text.main) refers to puts.o(i.puts) for puts
    main.o(.text.main) refers to stm32h5xx_hal_gpio.o(.text.HAL_GPIO_WritePin) for HAL_GPIO_WritePin
    main.o(.text.main) refers to stm32h5xx_hal.o(.text.HAL_Delay) for HAL_Delay
    main.o(.text.main) refers to main.o(.text.platform_write) for platform_write
    main.o(.text.main) refers to main.o(.text.platform_read) for platform_read
    main.o(.text.main) refers to main.o(.text.platform_delay) for platform_delay
    main.o(.text.main) refers to i2c.o(.bss.hi2c1) for hi2c1
    main.o(.text.main) refers to main.o(.bss..L_MergedGlobals) for .L_MergedGlobals
    main.o(.text.main) refers to lsm6dsv16x_reg.o(.text.lsm6dsv16x_device_id_get) for lsm6dsv16x_device_id_get
    main.o(.text.main) refers to printfa.o(i.__0printf) for __2printf
    main.o(.text.main) refers to lsm6dsv16x_reg.o(.text.lsm6dsv16x_reset_set) for lsm6dsv16x_reset_set
    main.o(.text.main) refers to lsm6dsv16x_reg.o(.text.lsm6dsv16x_reset_get) for lsm6dsv16x_reset_get
    main.o(.text.main) refers to lsm6dsv16x_reg.o(.text.lsm6dsv16x_block_data_update_set) for lsm6dsv16x_block_data_update_set
    main.o(.text.main) refers to lsm6dsv16x_reg.o(.text.lsm6dsv16x_xl_data_rate_set) for lsm6dsv16x_xl_data_rate_set
    main.o(.text.main) refers to lsm6dsv16x_reg.o(.text.lsm6dsv16x_gy_data_rate_set) for lsm6dsv16x_gy_data_rate_set
    main.o(.text.main) refers to lsm6dsv16x_reg.o(.text.lsm6dsv16x_xl_full_scale_set) for lsm6dsv16x_xl_full_scale_set
    main.o(.text.main) refers to lsm6dsv16x_reg.o(.text.lsm6dsv16x_gy_full_scale_set) for lsm6dsv16x_gy_full_scale_set
    main.o(.text.main) refers to lsm6dsv16x_reg.o(.text.lsm6dsv16x_filt_settling_mask_set) for lsm6dsv16x_filt_settling_mask_set
    main.o(.text.main) refers to lsm6dsv16x_reg.o(.text.lsm6dsv16x_filt_gy_lp1_set) for lsm6dsv16x_filt_gy_lp1_set
    main.o(.text.main) refers to lsm6dsv16x_reg.o(.text.lsm6dsv16x_filt_gy_lp1_bandwidth_set) for lsm6dsv16x_filt_gy_lp1_bandwidth_set
    main.o(.text.main) refers to lsm6dsv16x_reg.o(.text.lsm6dsv16x_filt_xl_lp2_set) for lsm6dsv16x_filt_xl_lp2_set
    main.o(.text.main) refers to lsm6dsv16x_reg.o(.text.lsm6dsv16x_filt_xl_lp2_bandwidth_set) for lsm6dsv16x_filt_xl_lp2_bandwidth_set
    main.o(.text.main) refers to lsm6dsv16x_reg.o(.text.lsm6dsv16x_flag_data_ready_get) for lsm6dsv16x_flag_data_ready_get
    main.o(.text.main) refers to lsm6dsv16x_reg.o(.text.lsm6dsv16x_acceleration_raw_get) for lsm6dsv16x_acceleration_raw_get
    main.o(.text.main) refers to lsm6dsv16x_reg.o(.text.lsm6dsv16x_from_fs2_to_mg) for lsm6dsv16x_from_fs2_to_mg
    main.o(.text.main) refers to f2d.o(.text) for __aeabi_f2d
    main.o(.text.main) refers to lsm6dsv16x_reg.o(.text.lsm6dsv16x_angular_rate_raw_get) for lsm6dsv16x_angular_rate_raw_get
[...]
    Removing stm32h5xx_hal_icache.o(.text), (0 bytes).
    Removing stm32h5xx_hal_icache.o(.ARM.exidx.text.HAL_ICACHE_ConfigAssociativityMode), (8 bytes).
    Removing stm32h5xx_hal_icache.o(.text.HAL_ICACHE_DeInit), (56 bytes).
    Removing stm32h5xx_hal_icache.o(.ARM.exidx.text.HAL_ICACHE_DeInit), (8 bytes).
    Removing stm32h5xx_hal_icache.o(.ARM.exidx.text.HAL_ICACHE_Enable), (8 bytes).
    Removing stm32h5xx_hal_icache.o(.text.HAL_ICACHE_Disable), (68 bytes).
    Removing stm32h5xx_hal_icache.o(.ARM.exidx.text.HAL_ICACHE_Disable), (8 bytes).
    Removing stm32h5xx_hal_icache.o(.text.HAL_ICACHE_IsEnabled), (16 bytes).
    Removing stm32h5xx_hal_icache.o(.ARM.exidx.text.HAL_ICACHE_IsEnabled), (8 bytes).
    Removing stm32h5xx_hal_icache.o(.text.HAL_ICACHE_Invalidate), (88 bytes).
    Removing stm32h5xx_hal_icache.o(.ARM.exidx.text.HAL_ICACHE_Invalidate), (8 bytes).
    Removing stm32h5xx_hal_icache.o(.text.HAL_ICACHE_WaitForInvalidateComplete), (72 bytes).
    Removing stm32h5xx_hal_icache.o(.ARM.exidx.text.HAL_ICACHE_WaitForInvalidateComplete), (8 bytes).
    Removing stm32h5xx_hal_icache.o(.text.HAL_ICACHE_Invalidate_IT), (42 bytes).
    Removing stm32h5xx_hal_icache.o(.ARM.exidx.text.HAL_ICACHE_Invalidate_IT), (8 bytes).
    Removing stm32h5xx_hal_icache.o(.text.HAL_ICACHE_Monitor_Start), (18 bytes).
    Removing stm32h5xx_hal_icache.o(.ARM.exidx.text.HAL_ICACHE_Monitor_Start), (8 bytes).
    Removing stm32h5xx_hal_icache.o(.text.HAL_ICACHE_Monitor_Stop), (18 bytes).
    Removing stm32h5xx_hal_icache.o(.ARM.exidx.text.HAL_ICACHE_Monitor_Stop), (8 bytes).
    Removing stm32h5xx_hal_icache.o(.text.HAL_ICACHE_Monitor_Reset), (28 bytes).
    Removing stm32h5xx_hal_icache.o(.ARM.exidx.text.HAL_ICACHE_Monitor_Reset), (8 bytes).
    Removing stm32h5xx_hal_icache.o(.text.HAL_ICACHE_Monitor_GetHitValue), (12 bytes).
    Removing stm32h5xx_hal_icache.o(.ARM.exidx.text.HAL_ICACHE_Monitor_GetHitValue), (8 bytes).
    Removing stm32h5xx_hal_icache.o(.text.HAL_ICACHE_Monitor_GetMissValue), (12 bytes).
    Removing stm32h5xx_hal_icache.o(.ARM.exidx.text.HAL_ICACHE_Monitor_GetMissValue), (8 bytes).
    Removing stm32h5xx_hal_icache.o(.text.HAL_ICACHE_IRQHandler), (66 bytes).
    Removing stm32h5xx_hal_icache.o(.ARM.exidx.text.HAL_ICACHE_IRQHandler), (8 bytes).
    Removing stm32h5xx_hal_icache.o(.text.HAL_ICACHE_ErrorCallback), (2 bytes).
    Removing stm32h5xx_hal_icache.o(.ARM.exidx.text.HAL_ICACHE_ErrorCallback), (8 bytes).
    Removing stm32h5xx_hal_icache.o(.text.HAL_ICACHE_InvalidateCompleteCallback), (2 bytes).
    Removing stm32h5xx_hal_icache.o(.ARM.exidx.text.HAL_ICACHE_InvalidateCompleteCallback), (8 bytes).
    Removing stm32h5xx_hal_tim.o(.text), (0 bytes).
    Removing stm32h5xx_hal_tim_ex.o(.text), (0 bytes).
    Removing stm32h5xx_hal_uart.o(.text), (0 bytes).
    Removing stm32h5xx_hal_uart.o(.ARM.exidx.text.HAL_UART_Init), (8 bytes).
    Removing stm32h5xx_hal_uart.o(.text.HAL_UART_MspInit), (2 bytes).
    Removing stm32h5xx_hal_uart.o(.ARM.exidx.text.HAL_UART_MspInit), (8 bytes).
    Removing stm32h5xx_hal_uart.o(.ARM.exidx.text.UART_AdvFeatureConfig), (8 bytes).
    Removing stm32h5xx_hal_uart.o(.ARM.exidx.text.UART_SetConfig), (8 bytes).
    Removing stm32h5xx_hal_uart.o(.ARM.exidx.text.UART_CheckIdleState), (8 bytes).
    Removing stm32h5xx_hal_uart.o(.text.HAL_HalfDuplex_Init), (112 bytes).
    Removing stm32h5xx_hal_uart.o(.ARM.exidx.text.HAL_HalfDuplex_Init), (8 bytes).
    Removing stm32h5xx_hal_uart.o(.text.HAL_LIN_Init), (134 bytes).
    Removing stm32h5xx_hal_uart.o(.ARM.exidx.text.HAL_LIN_Init), (8 bytes).
    Removing stm32h5xx_hal_uart.o(.text.HAL_MultiProcessor_Init), (136 bytes).
    Removing stm32h5xx_hal_uart.o(.ARM.exidx.text.HAL_MultiProcessor_Init), (8 bytes).
    Removing stm32h5xx_hal_uart.o(.text.HAL_UART_DeInit), (66 bytes).
    Removing stm32h5xx_hal_uart.o(.ARM.exidx.text.HAL_UART_DeInit), (8 bytes).
    Removing stm32h5xx_hal_uart.o(.text.HAL_UART_MspDeInit), (2 bytes).
    Removing stm32h5xx_hal_uart.o(.ARM.exidx.text.HAL_UART_MspDeInit), (8 bytes).
    Removing stm32h5xx_hal_uart.o(.ARM.exidx.text.HAL_UART_Transmit), (8 bytes).
    Removing stm32h5xx_hal_uart.o(.ARM.exidx.text.UART_WaitOnFlagUntilTimeout), (8 bytes).
    Removing stm32h5xx_hal_uart.o(.text.HAL_UART_Receive), (266 bytes).
    Removing stm32h5xx_hal_uart.o(.ARM.exidx.text.HAL_UART_Receive), (8 bytes).
    Removing stm32h5xx_hal_uart.o(.text.HAL_UART_Transmit_IT), (364 bytes).
    Removing stm32h5xx_hal_uart.o(.ARM.exidx.text.HAL_UART_Transmit_IT), (8 bytes).
    Removing stm32h5xx_hal_uart.o(.text.UART_TxISR_16BIT_FIFOEN), (224 bytes).
    Removing stm32h5xx_hal_uart.o(.ARM.exidx.text.UART_TxISR_16BIT_FIFOEN), (8 bytes).
    Removing stm32h5xx_hal_uart.o(.text.UART_TxISR_8BIT_FIFOEN), (220 bytes).
    Removing stm32h5xx_hal_uart.o(.ARM.exidx.text.UART_TxISR_8BIT_FIFOEN), (8 bytes).
    Removing stm32h5xx_hal_uart.o(.text.UART_TxISR_16BIT), (204 bytes).
    Removing stm32h5xx_hal_uart.o(.ARM.exidx.text.UART_TxISR_16BIT), (8 bytes).
    Removing stm32h5xx_hal_uart.o(.text.UART_TxISR_8BIT), (200 bytes).
    Removing stm32h5xx_hal_uart.o(.ARM.exidx.text.UART_TxISR_8BIT), (8 bytes).
    Removing stm32h5xx_hal_uart.o(.text.HAL_UART_Receive_IT), (194 bytes).
    Removing stm32h5xx_hal_uart.o(.ARM.exidx.text.HAL_UART_Receive_IT), (8 bytes).
    Removing stm32h5xx_hal_uart.o(.text.UART_Start_Receive_IT), (610 bytes).
    Removing stm32h5xx_hal_uart.o(.ARM.exidx.text.UART_Start_Receive_IT), (8 bytes).
    Removing stm32h5xx_hal_uart.o(.text.HAL_UART_Transmit_DMA), (288 bytes).
    Removing stm32h5xx_hal_uart.o(.ARM.exidx.text.HAL_UART_Transmit_DMA), (8 bytes).
    Removing stm32h5xx_hal_uart.o(.text.UART_DMATransmitCplt), (100 bytes).
    Removing stm32h5xx_hal_uart.o(.ARM.exidx.text.UART_DMATransmitCplt), (8 bytes).
    Removing stm32h5xx_hal_uart.o(.text.UART_DMATxHalfCplt), (6 bytes).
    Removing stm32h5xx_hal_uart.o(.ARM.exidx.text.UART_DMATxHalfCplt), (8 bytes).
    Removing stm32h5xx_hal_uart.o(.text.UART_DMAError), (482 bytes).
    Removing stm32h5xx_hal_uart.o(.ARM.exidx.text.UART_DMAError), (8 bytes).
    Removing stm32h5xx_hal_uart.o(.text.HAL_UART_Receive_DMA), (174 bytes).
    Removing stm32h5xx_hal_uart.o(.ARM.exidx.text.HAL_UART_Receive_DMA), (8 bytes).
    Removing stm32h5xx_hal_uart.o(.text.UART_Start_Receive_DMA), (392 bytes).
    Removing stm32h5xx_hal_uart.o(.ARM.exidx.text.UART_Start_Receive_DMA), (8 bytes).
    Removing stm32h5xx_hal_uart.o(.text.HAL_UART_DMAPause), (264 bytes).
    Removing stm32h5xx_hal_uart.o(.ARM.exidx.text.HAL_UART_DMAPause), (8 bytes).
    Removing stm32h5xx_hal_uart.o(.text.HAL_UART_DMAResume), (220 bytes).
    Removing stm32h5xx_hal_uart.o(.ARM.exidx.text.HAL_UART_DMAResume), (8 bytes).
    Removing stm32h5xx_hal_uart.o(.text.HAL_UART_DMAStop), (668 bytes).
    Removing stm32h5xx_hal_uart.o(.ARM.exidx.text.HAL_UART_DMAStop), (8 bytes).
    Removing stm32h5xx_hal_uart.o(.text.HAL_UART_Abort), (372 bytes).
    Removing stm32h5xx_hal_uart.o(.ARM.exidx.text.HAL_UART_Abort), (8 bytes).
    Removing stm32h5xx_hal_uart.o(.text.HAL_UART_AbortTransmit), (230 bytes).
    Removing stm32h5xx_hal_uart.o(.ARM.exidx.text.HAL_UART_AbortTransmit), (8 bytes).
    Removing stm32h5xx_hal_uart.o(.text.HAL_UART_AbortReceive), (310 bytes).
    Removing stm32h5xx_hal_uart.o(.ARM.exidx.text.HAL_UART_AbortReceive), (8 bytes).
    Removing stm32h5xx_hal_uart.o(.text.HAL_UART_Abort_IT), (416 bytes).
    Removing stm32h5xx_hal_uart.o(.ARM.exidx.text.HAL_UART_Abort_IT), (8 bytes).
    Removing stm32h5xx_hal_uart.o(.text.UART_DMATxAbortCallback), (72 bytes).
    Removing stm32h5xx_hal_uart.o(.ARM.exidx.text.UART_DMATxAbortCallback), (8 bytes).
    Removing stm32h5xx_hal_uart.o(.text.UART_DMARxAbortCallback), (62 bytes).
    Removing stm32h5xx_hal_uart.o(.ARM.exidx.text.UART_DMARxAbortCallback), (8 bytes).
    Removing stm32h5xx_hal_uart.o(.text.HAL_UART_AbortCpltCallback), (2 bytes).
    Removing stm32h5xx_hal_uart.o(.ARM.exidx.text.HAL_UART_AbortCpltCallback), (8 bytes).
    Removing stm32h5xx_hal_uart.o(.text.HAL_UART_AbortTransmit_IT), (260 bytes).
    Removing stm32h5xx_hal_uart.o(.ARM.exidx.text.HAL_UART_AbortTransmit_IT), (8 bytes).
    Removing stm32h5xx_hal_uart.o(.text.UART_DMATxOnlyAbortCallback), (36 bytes).
    Removing stm32h5xx_hal_uart.o(.ARM.exidx.text.UART_DMATxOnlyAbortCallback), (8 bytes).
    Removing stm32h5xx_hal_uart.o(.text.HAL_UART_AbortTransmitCpltCallback), (2 bytes).
    Removing stm32h5xx_hal_uart.o(.ARM.exidx.text.HAL_UART_AbortTransmitCpltCallback), (8 bytes).
    Removing stm32h5xx_hal_uart.o(.text.HAL_UART_AbortReceive_IT), (346 bytes).
    Removing stm32h5xx_hal_uart.o(.ARM.exidx.text.HAL_UART_AbortReceive_IT), (8 bytes).
    Removing stm32h5xx_hal_uart.o(.text.UART_DMARxOnlyAbortCallback), (34 bytes).
    Removing stm32h5xx_hal_uart.o(.ARM.exidx.text.UART_DMARxOnlyAbortCallback), (8 bytes).
    Removing stm32h5xx_hal_uart.o(.text.HAL_UART_AbortReceiveCpltCallback), (2 bytes).
    Removing stm32h5xx_hal_uart.o(.ARM.exidx.text.HAL_UART_AbortReceiveCpltCallback), (8 bytes).
    Removing stm32h5xx_hal_uart.o(.text.HAL_UART_IRQHandler), (1512 bytes).
    Removing stm32h5xx_hal_uart.o(.ARM.exidx.text.HAL_UART_IRQHandler), (8 bytes).
    Removing stm32h5xx_hal_uart.o(.text.UART_DMAAbortOnError), (16 bytes).
    Removing stm32h5xx_hal_uart.o(.ARM.exidx.text.UART_DMAAbortOnError), (8 bytes).
    Removing stm32h5xx_hal_uart.o(.text.HAL_UART_ErrorCallback), (2 bytes).
    Removing stm32h5xx_hal_uart.o(.ARM.exidx.text.HAL_UART_ErrorCallback), (8 bytes).
    Removing stm32h5xx_hal_uart.o(.text.HAL_UARTEx_RxEventCallback), (2 bytes).
    Removing stm32h5xx_hal_uart.o(.ARM.exidx.text.HAL_UARTEx_RxEventCallback), (8 bytes).
    Removing stm32h5xx_hal_uart.o(.text.HAL_UART_TxCpltCallback), (2 bytes).
    Removing stm32h5xx_hal_uart.o(.ARM.exidx.text.HAL_UART_TxCpltCallback), (8 bytes).
    Removing stm32h5xx_hal_uart.o(.text.HAL_UART_TxHalfCpltCallback), (2 bytes).
    Removing stm32h5xx_hal_uart.o(.ARM.exidx.text.HAL_UART_TxHalfCpltCallback), (8 bytes).
    Removing stm32h5xx_hal_uart.o(.text.HAL_UART_RxCpltCallback), (2 bytes).
    Removing stm32h5xx_hal_uart.o(.ARM.exidx.text.HAL_UART_RxCpltCallback), (8 bytes).
    Removing stm32h5xx_hal_uart.o(.text.HAL_UART_RxHalfCpltCallback), (2 bytes).
    Removing stm32h5xx_hal_uart.o(.ARM.exidx.text.HAL_UART_RxHalfCpltCallback), (8 bytes).
    Removing stm32h5xx_hal_uart.o(.text.HAL_UART_ReceiverTimeout_Config), (28 bytes).
    Removing stm32h5xx_hal_uart.o(.ARM.exidx.text.HAL_UART_ReceiverTimeout_Config), (8 bytes).
    Removing stm32h5xx_hal_uart.o(.text.HAL_UART_EnableReceiverTimeout), (70 bytes).
    Removing stm32h5xx_hal_uart.o(.ARM.exidx.text.HAL_UART_EnableReceiverTimeout), (8 bytes).
    Removing stm32h5xx_hal_uart.o(.text.HAL_UART_DisableReceiverTimeout), (70 bytes).
    Removing stm32h5xx_hal_uart.o(.ARM.exidx.text.HAL_UART_DisableReceiverTimeout), (8 bytes).
    Removing stm32h5xx_hal_uart.o(.text.HAL_MultiProcessor_EnableMuteMode), (108 bytes).
    Removing stm32h5xx_hal_uart.o(.ARM.exidx.text.HAL_MultiProcessor_EnableMuteMode), (8 bytes).
    Removing stm32h5xx_hal_uart.o(.text.HAL_MultiProcessor_DisableMuteMode), (108 bytes).
    Removing stm32h5xx_hal_uart.o(.ARM.exidx.text.HAL_MultiProcessor_DisableMuteMode), (8 bytes).
    Removing stm32h5xx_hal_uart.o(.text.HAL_MultiProcessor_EnterMuteMode), (12 bytes).
    Removing stm32h5xx_hal_uart.o(.ARM.exidx.text.HAL_MultiProcessor_EnterMuteMode), (8 bytes).
    Removing stm32h5xx_hal_uart.o(.text.HAL_HalfDuplex_EnableTransmitter), (190 bytes).
    Removing stm32h5xx_hal_uart.o(.ARM.exidx.text.HAL_HalfDuplex_EnableTransmitter), (8 bytes).
    Removing stm32h5xx_hal_uart.o(.text.HAL_HalfDuplex_EnableReceiver), (190 bytes).
    Removing stm32h5xx_hal_uart.o(.ARM.exidx.text.HAL_HalfDuplex_EnableReceiver), (8 bytes).
    Removing stm32h5xx_hal_uart.o(.text.HAL_LIN_SendBreak), (44 bytes).
    Removing stm32h5xx_hal_uart.o(.ARM.exidx.text.HAL_LIN_SendBreak), (8 bytes).
    Removing stm32h5xx_hal_uart.o(.text.HAL_UART_GetState), (12 bytes).
    Removing stm32h5xx_hal_uart.o(.ARM.exidx.text.HAL_UART_GetState), (8 bytes).
    Removing stm32h5xx_hal_uart.o(.text.HAL_UART_GetError), (6 bytes).
    Removing stm32h5xx_hal_uart.o(.ARM.exidx.text.HAL_UART_GetError), (8 bytes).
    Removing stm32h5xx_hal_uart.o(.text.UART_RxISR_16BIT_FIFOEN), (802 bytes).
    Removing stm32h5xx_hal_uart.o(.ARM.exidx.text.UART_RxISR_16BIT_FIFOEN), (8 bytes).
    Removing stm32h5xx_hal_uart.o(.text.UART_RxISR_8BIT_FIFOEN), (806 bytes).
    Removing stm32h5xx_hal_uart.o(.ARM.exidx.text.UART_RxISR_8BIT_FIFOEN), (8 bytes).
    Removing stm32h5xx_hal_uart.o(.text.UART_RxISR_16BIT), (438 bytes).
    Removing stm32h5xx_hal_uart.o(.ARM.exidx.text.UART_RxISR_16BIT), (8 bytes).
    Removing stm32h5xx_hal_uart.o(.text.UART_RxISR_8BIT), (438 bytes).
    Removing stm32h5xx_hal_uart.o(.ARM.exidx.text.UART_RxISR_8BIT), (8 bytes).
    Removing stm32h5xx_hal_uart.o(.text.UART_DMAReceiveCplt), (276 bytes).
    Removing stm32h5xx_hal_uart.o(.ARM.exidx.text.UART_DMAReceiveCplt), (8 bytes).
    Removing stm32h5xx_hal_uart.o(.text.UART_DMARxHalfCplt), (26 bytes).
    Removing stm32h5xx_hal_uart.o(.ARM.exidx.text.UART_DMARxHalfCplt), (8 bytes).
    Removing stm32h5xx_hal_uart_ex.o(.text), (0 bytes).
    Removing stm32h5xx_hal_uart_ex.o(.text.HAL_RS485Ex_Init), (132 bytes).
    Removing stm32h5xx_hal_uart_ex.o(.ARM.exidx.text.HAL_RS485Ex_Init), (8 bytes).
    Removing stm32h5xx_hal_uart_ex.o(.text.HAL_UARTEx_WakeupCallback), (2 bytes).
    Removing stm32h5xx_hal_uart_ex.o(.ARM.exidx.text.HAL_UARTEx_WakeupCallback), (8 bytes).
    Removing stm32h5xx_hal_uart_ex.o(.text.HAL_UARTEx_RxFifoFullCallback), (2 bytes).
    Removing stm32h5xx_hal_uart_ex.o(.ARM.exidx.text.HAL_UARTEx_RxFifoFullCallback), (8 bytes).
    Removing stm32h5xx_hal_uart_ex.o(.text.HAL_UARTEx_TxFifoEmptyCallback), (2 bytes).
    Removing stm32h5xx_hal_uart_ex.o(.ARM.exidx.text.HAL_UARTEx_TxFifoEmptyCallback), (8 bytes).
    Removing stm32h5xx_hal_uart_ex.o(.text.HAL_MultiProcessorEx_AddressLength_Set), (46 bytes).
    Removing stm32h5xx_hal_uart_ex.o(.ARM.exidx.text.HAL_MultiProcessorEx_AddressLength_Set), (8 bytes).
    Removing stm32h5xx_hal_uart_ex.o(.text.HAL_UARTEx_StopModeWakeUpSourceConfig), (144 bytes).
    Removing stm32h5xx_hal_uart_ex.o(.ARM.exidx.text.HAL_UARTEx_StopModeWakeUpSourceConfig), (8 bytes).
    Removing stm32h5xx_hal_uart_ex.o(.text.HAL_UARTEx_EnableStopMode), (104 bytes).
    Removing stm32h5xx_hal_uart_ex.o(.ARM.exidx.text.HAL_UARTEx_EnableStopMode), (8 bytes).
    Removing stm32h5xx_hal_uart_ex.o(.text.HAL_UARTEx_DisableStopMode), (104 bytes).
    Removing stm32h5xx_hal_uart_ex.o(.ARM.exidx.text.HAL_UARTEx_DisableStopMode), (8 bytes).
    Removing stm32h5xx_hal_uart_ex.o(.text.HAL_UARTEx_EnableFifoMode), (122 bytes).
    Removing stm32h5xx_hal_uart_ex.o(.ARM.exidx.text.HAL_UARTEx_EnableFifoMode), (8 bytes).
    Removing stm32h5xx_hal_uart_ex.o(.ARM.exidx.text.HAL_UARTEx_DisableFifoMode), (8 bytes).
    Removing stm32h5xx_hal_uart_ex.o(.ARM.exidx.text.HAL_UARTEx_SetTxFifoThreshold), (8 bytes).
    Removing stm32h5xx_hal_uart_ex.o(.ARM.exidx.text.HAL_UARTEx_SetRxFifoThreshold), (8 bytes).
    Removing stm32h5xx_hal_uart_ex.o(.text.HAL_UARTEx_ReceiveToIdle), (472 bytes).
    Removing stm32h5xx_hal_uart_ex.o(.ARM.exidx.text.HAL_UARTEx_ReceiveToIdle), (8 bytes).
    Removing stm32h5xx_hal_uart_ex.o(.text.HAL_UARTEx_ReceiveToIdle_IT), (182 bytes).
    Removing stm32h5xx_hal_uart_ex.o(.ARM.exidx.text.HAL_UARTEx_ReceiveToIdle_IT), (8 bytes).
    Removing stm32h5xx_hal_uart_ex.o(.text.HAL_UARTEx_ReceiveToIdle_DMA), (168 bytes).
    Removing stm32h5xx_hal_uart_ex.o(.ARM.exidx.text.HAL_UARTEx_ReceiveToIdle_DMA), (8 bytes).
    Removing stm32h5xx_hal_uart_ex.o(.text.HAL_UARTEx_GetRxEventType), (4 bytes).
    Removing stm32h5xx_hal_uart_ex.o(.ARM.exidx.text.HAL_UARTEx_GetRxEventType), (8 bytes).
    Removing system_stm32h5xx.o(.text), (0 bytes).
    Removing system_stm32h5xx.o(.ARM.exidx.text.SystemInit), (8 bytes).
    Removing system_stm32h5xx.o(.text.SystemCoreClockUpdate), (300 bytes).
    Removing system_stm32h5xx.o(.ARM.exidx.text.SystemCoreClockUpdate), (8 bytes).

1503 unused section(s) (total 93288 bytes) removed from the image.

==============================================================================

Image Symbol Table

    Local Symbols

    Symbol Name                              Value     Ov Type        Size  Object(Section)

    ../clib/division.s                       0x00000000   Number         0  aeabi_sdiv.o ABSOLUTE
    ../clib/microlib/division.c              0x00000000   Number         0  uldiv.o ABSOLUTE
    ../clib/microlib/division.c              0x00000000   Number         0  uidiv.o ABSOLUTE
    ../clib/microlib/init/entry.s            0x00000000   Number         0  entry.o ABSOLUTE
    ../clib/microlib/init/entry.s            0x00000000   Number         0  entry2.o ABSOLUTE
    ../clib/microlib/init/entry.s            0x00000000   Number         0  entry5.o ABSOLUTE
    ../clib/microlib/init/entry.s            0x00000000   Number         0  entry7a.o ABSOLUTE
    ../clib/microlib/init/entry.s            0x00000000   Number         0  entry7b.o ABSOLUTE
    ../clib/microlib/init/entry.s            0x00000000   Number         0  entry8a.o ABSOLUTE
    ../clib/microlib/init/entry.s            0x00000000   Number         0  entry8b.o ABSOLUTE
    ../clib/microlib/init/entry.s            0x00000000   Number         0  entry9a.o ABSOLUTE
    ../clib/microlib/init/entry.s            0x00000000   Number         0  entry9b.o ABSOLUTE
    ../clib/microlib/init/entry.s            0x00000000   Number         0  entry10a.o ABSOLUTE
    ../clib/microlib/init/entry.s            0x00000000   Number         0  entry10b.o ABSOLUTE
    ../clib/microlib/init/entry.s            0x00000000   Number         0  entry11a.o ABSOLUTE
    ../clib/microlib/init/entry.s            0x00000000   Number         0  entry11b.o ABSOLUTE
    ../clib/microlib/longlong.c              0x00000000   Number         0  llshl.o ABSOLUTE
    ../clib/microlib/longlong.c              0x00000000   Number         0  llushr.o ABSOLUTE
    ../clib/microlib/longlong.c              0x00000000   Number         0  llsshr.o ABSOLUTE
    ../clib/microlib/printf/printf.c         0x00000000   Number         0  printfb.o ABSOLUTE
    ../clib/microlib/printf/printf.c         0x00000000   Number         0  printf0.o ABSOLUTE
    ../clib/microlib/printf/printf.c         0x00000000   Number         0  printf1.o ABSOLUTE
    ../clib/microlib/printf/printf.c         0x00000000   Number         0  printf2.o ABSOLUTE
    ../clib/microlib/printf/printf.c         0x00000000   Number         0  printf3.o ABSOLUTE
    ../clib/microlib/printf/printf.c         0x00000000   Number         0  printf4.o ABSOLUTE
    ../clib/microlib/printf/printf.c         0x00000000   Number         0  printf5.o ABSOLUTE
    ../clib/microlib/printf/printf.c         0x00000000   Number         0  printf6.o ABSOLUTE
    ../clib/microlib/printf/printf.c         0x00000000   Number         0  printf7.o ABSOLUTE
    ../clib/microlib/printf/printf.c         0x00000000   Number         0  printf8.o ABSOLUTE
    ../clib/microlib/printf/printf.c         0x00000000   Number         0  printfa.o ABSOLUTE
    ../clib/microlib/printf/stubs.s          0x00000000   Number         0  printfstubs.o ABSOLUTE
    ../clib/microlib/stdio/puts.c            0x00000000   Number         0  puts.o ABSOLUTE
    ../clib/microlib/stdio/puts.c            0x00000000   Number         0  puts_e.o ABSOLUTE
    ../clib/microlib/stdio/streams.c         0x00000000   Number         0  stdout.o ABSOLUTE
    ../clib/microlib/string/memset.c         0x00000000   Number         0  memseta.o ABSOLUTE
    ../clib/microlib/stubs.s                 0x00000000   Number         0  iusefp.o ABSOLUTE
    ../fplib/microlib/f2d.c                  0x00000000   Number         0  f2d.o ABSOLUTE
    ../fplib/microlib/fpadd.c                0x00000000   Number         0  dadd.o ABSOLUTE
    ../fplib/microlib/fpdiv.c                0x00000000   Number         0  ddiv.o ABSOLUTE
    ../fplib/microlib/fpepilogue.c           0x00000000   Number         0  depilogue.o ABSOLUTE
    ../fplib/microlib/fpfix.c                0x00000000   Number         0  dfixul.o ABSOLUTE
    ../fplib/microlib/fpmul.c                0x00000000   Number         0  dmul.o ABSOLUTE
    cdrcmple.s                               0x00000000   Number         0  cdrcmple.o ABSOLUTE
    dc.s                                     0x00000000   Number         0  dc.o ABSOLUTE
    gpio.c                                   0x00000000   Number         0  gpio.o ABSOLUTE
    handlers.s                               0x00000000   Number         0  handlers.o ABSOLUTE
    i2c.c                                    0x00000000   Number         0  i2c.o ABSOLUTE
    icache.c                                 0x00000000   Number         0  icache.o ABSOLUTE
    init.s                                   0x00000000   Number         0  init.o ABSOLUTE
    lsm6dsv16x_reg.c                         0x00000000   Number         0  lsm6dsv16x_reg.o ABSOLUTE
    main.c                                   0x00000000   Number         0  main.o ABSOLUTE
    memorymap.c                              0x00000000   Number         0  memorymap.o ABSOLUTE
    startup_stm32h503xx.s                    0x00000000   Number         0  startup_stm32h503xx.o ABSOLUTE
    stm32h5xx_hal.c                          0x00000000   Number         0  stm32h5xx_hal.o ABSOLUTE
    stm32h5xx_hal_cortex.c                   0x00000000   Number         0  stm32h5xx_hal_cortex.o ABSOLUTE
    stm32h5xx_hal_dma.c                      0x00000000   Number         0  stm32h5xx_hal_dma.o ABSOLUTE
    stm32h5xx_hal_dma_ex.c                   0x00000000   Number         0  stm32h5xx_hal_dma_ex.o ABSOLUTE
    stm32h5xx_hal_exti.c                     0x00000000   Number         0  stm32h5xx_hal_exti.o ABSOLUTE
    stm32h5xx_hal_flash.c                    0x00000000   Number         0  stm32h5xx_hal_flash.o ABSOLUTE
    stm32h5xx_hal_flash_ex.c                 0x00000000   Number         0  stm32h5xx_hal_flash_ex.o ABSOLUTE
    stm32h5xx_hal_gpio.c                     0x00000000   Number         0  stm32h5xx_hal_gpio.o ABSOLUTE
    stm32h5xx_hal_i2c.c                      0x00000000   Number         0  stm32h5xx_hal_i2c.o ABSOLUTE
    stm32h5xx_hal_i2c_ex.c                   0x00000000   Number         0  stm32h5xx_hal_i2c_ex.o ABSOLUTE
    stm32h5xx_hal_icache.c                   0x00000000   Number         0  stm32h5xx_hal_icache.o ABSOLUTE
    stm32h5xx_hal_msp.c                      0x00000000   Number         0  stm32h5xx_hal_msp.o ABSOLUTE
    stm32h5xx_hal_pwr.c                      0x00000000   Number         0  stm32h5xx_hal_pwr.o ABSOLUTE
    stm32h5xx_hal_pwr_ex.c                   0x00000000   Number         0  stm32h5xx_hal_pwr_ex.o ABSOLUTE
    stm32h5xx_hal_rcc.c                      0x00000000   Number         0  stm32h5xx_hal_rcc.o ABSOLUTE
    stm32h5xx_hal_rcc_ex.c                   0x00000000   Number         0  stm32h5xx_hal_rcc_ex.o ABSOLUTE
    stm32h5xx_hal_tim.c                      0x00000000   Number         0  stm32h5xx_hal_tim.o ABSOLUTE
    stm32h5xx_hal_tim_ex.c                   0x00000000   Number         0  stm32h5xx_hal_tim_ex.o ABSOLUTE
    stm32h5xx_hal_uart.c                     0x00000000   Number         0  stm32h5xx_hal_uart.o ABSOLUTE
    stm32h5xx_hal_uart_ex.c                  0x00000000   Number         0  stm32h5xx_hal_uart_ex.o ABSOLUTE
    stm32h5xx_it.c                           0x00000000   Number         0  stm32h5xx_it.o ABSOLUTE
    system_stm32h5xx.c                       0x00000000   Number         0  system_stm32h5xx.o ABSOLUTE
    usart.c                                  0x00000000   Number         0  usart.o ABSOLUTE
    RESET                                    0x08000000   Section      600  startup_stm32h503xx.o(RESET)
    .ARM.Collect$$$$00000000                 0x08000258   Section        0  entry.o(.ARM.Collect$$$$00000000)
    .ARM.Collect$$$$00000001                 0x08000258   Section        4  entry2.o(.ARM.Collect$$$$00000001)
    .ARM.Collect$$$$00000004                 0x0800025c   Section        4  entry5.o(.ARM.Collect$$$$00000004)
    .ARM.Collect$$$$00000008                 0x08000260   Section        0  entry7b.o(.ARM.Collect$$$$00000008)
    .ARM.Collect$$$$0000000A                 0x08000260   Section        0  entry8b.o(.ARM.Collect$$$$0000000A)
    .ARM.Collect$$$$0000000B                 0x08000260   Section        8  entry9a.o(.ARM.Collect$$$$0000000B)
    __lit__00000000                          0x08000268   Data           4  entry2.o(.ARM.Collect$$$$00002712)
    .ARM.Collect$$$$0000000D                 0x08000268   Section        0  entry10a.o(.ARM.Collect$$$$0000000D)
    .ARM.Collect$$$$0000000F                 0x08000268   Section        0  entry11a.o(.ARM.Collect$$$$0000000F)
    .ARM.Collect$$$$00002712                 0x08000268   Section        4  entry2.o(.ARM.Collect$$$$00002712)
    $v0                                      0x0800026c   Number         0  startup_stm32h503xx.o(.text)
    .text                                    0x0800026c   Section       40  startup_stm32h503xx.o(.text)
    .text                                    0x08000294   Section        0  uldiv.o(.text)
    .text                                    0x080002f6   Section        0  memseta.o(.text)
    .text                                    0x0800031a   Section        0  f2d.o(.text)
    .text                                    0x08000340   Section        0  uidiv.o(.text)
    .text                                    0x0800036c   Section        0  llshl.o(.text)
    .text                                    0x0800038a   Section        0  llushr.o(.text)
    .text                                    0x080003aa   Section        0  iusefp.o(.text)
    .text                                    0x080003aa   Section        0  dadd.o(.text)
    .text                                    0x080004f8   Section        0  dmul.o(.text)
    .text                                    0x080005dc   Section        0  ddiv.o(.text)
    .text                                    0x080006ba   Section        0  dfixul.o(.text)
    .text                                    0x080006ec   Section       48  cdrcmple.o(.text)
    .text                                    0x0800071c   Section       36  init.o(.text)
    .text                                    0x08000740   Section        0  llsshr.o(.text)
    .text                                    0x08000764   Section        0  depilogue.o(.text)
    [Anonymous Symbol]                       0x08000820   Section        0  stm32h5xx_it.o(.text.BusFault_Handler)
    [Anonymous Symbol]                       0x08000824   Section        0  stm32h5xx_it.o(.text.DebugMon_Handler)
    [Anonymous Symbol]                       0x08000828   Section        0  main.o(.text.Error_Handler)
    [Anonymous Symbol]                       0x08000830   Section        0  stm32h5xx_hal.o(.text.HAL_Delay)
    [Anonymous Symbol]                       0x08000858   Section        0  stm32h5xx_hal_gpio.o(.text.HAL_GPIO_Init)
    [Anonymous Symbol]                       0x080009f4   Section        0  stm32h5xx_hal_gpio.o(.text.HAL_GPIO_WritePin)
    [Anonymous Symbol]                       0x08000a00   Section        0  stm32h5xx_hal.o(.text.HAL_GetTick)
    [Anonymous Symbol]                       0x08000a0c   Section        0  stm32h5xx_hal_i2c_ex.o(.text.HAL_I2CEx_ConfigAnalogFilter)
    [Anonymous Symbol]                       0x08000a58   Section        0  stm32h5xx_hal_i2c_ex.o(.text.HAL_I2CEx_ConfigDigitalFilter)
    [Anonymous Symbol]                       0x08000aa0   Section        0  stm32h5xx_hal_i2c.o(.text.HAL_I2C_Init)
    [Anonymous Symbol]                       0x08000b4c   Section        0  stm32h5xx_hal_i2c.o(.text.HAL_I2C_Mem_Read)
    [Anonymous Symbol]                       0x08000d8c   Section        0  stm32h5xx_hal_i2c.o(.text.HAL_I2C_Mem_Write)
    [Anonymous Symbol]                       0x08000fc4   Section        0  i2c.o(.text.HAL_I2C_MspInit)
    [Anonymous Symbol]                       0x08001050   Section        0  stm32h5xx_hal_icache.o(.text.HAL_ICACHE_ConfigAssociativityMode)
    [Anonymous Symbol]                       0x08001070   Section        0  stm32h5xx_hal_icache.o(.text.HAL_ICACHE_Enable)
    [Anonymous Symbol]                       0x08001084   Section        0  stm32h5xx_hal.o(.text.HAL_IncTick)
    [Anonymous Symbol]                       0x080010a0   Section        0  stm32h5xx_hal.o(.text.HAL_Init)
    [Anonymous Symbol]                       0x080010ec   Section        0  stm32h5xx_hal.o(.text.HAL_InitTick)
    [Anonymous Symbol]                       0x08001198   Section        0  stm32h5xx_hal_msp.o(.text.HAL_MspInit)
    [Anonymous Symbol]                       0x0800119c   Section        0  stm32h5xx_hal_cortex.o(.text.HAL_NVIC_SetPriority)
    [Anonymous Symbol]                       0x080011f4   Section        0  stm32h5xx_hal_cortex.o(.text.HAL_NVIC_SetPriorityGrouping)
    [Anonymous Symbol]                       0x08001214   Section        0  stm32h5xx_hal_rcc_ex.o(.text.HAL_RCCEx_GetPLL1ClockFreq)
    [Anonymous Symbol]                       0x080013c8   Section        0  stm32h5xx_hal_rcc_ex.o(.text.HAL_RCCEx_GetPLL2ClockFreq)
    [Anonymous Symbol]                       0x0800157c   Section        0  stm32h5xx_hal_rcc_ex.o(.text.HAL_RCCEx_GetPeriphCLKFreq)
    [Anonymous Symbol]                       0x08001cfc   Section        0  stm32h5xx_hal_rcc_ex.o(.text.HAL_RCCEx_PeriphCLKConfig)
    [Anonymous Symbol]                       0x080023c0   Section        0  stm32h5xx_hal_rcc.o(.text.HAL_RCC_ClockConfig)
    [Anonymous Symbol]                       0x08002630   Section        0  stm32h5xx_hal_rcc.o(.text.HAL_RCC_GetHCLKFreq)
    [Anonymous Symbol]                       0x08002660   Section        0  stm32h5xx_hal_rcc.o(.text.HAL_RCC_GetPCLK1Freq)
    [Anonymous Symbol]                       0x080026a8   Section        0  stm32h5xx_hal_rcc.o(.text.HAL_RCC_GetPCLK2Freq)
    [Anonymous Symbol]                       0x080026f0   Section        0  stm32h5xx_hal_rcc.o(.text.HAL_RCC_GetPCLK3Freq)
    [Anonymous Symbol]                       0x08002738   Section        0  stm32h5xx_hal_rcc.o(.text.HAL_RCC_GetSysClockFreq)
    [Anonymous Symbol]                       0x08002864   Section        0  stm32h5xx_hal_rcc.o(.text.HAL_RCC_OscConfig)
    [Anonymous Symbol]                       0x08002eb0   Section        0  stm32h5xx_hal_cortex.o(.text.HAL_SYSTICK_CLKSourceConfig)
    [Anonymous Symbol]                       0x08002f40   Section        0  stm32h5xx_hal_cortex.o(.text.HAL_SYSTICK_Config)
    [Anonymous Symbol]                       0x08002f64   Section        0  stm32h5xx_hal_cortex.o(.text.HAL_SYSTICK_GetCLKSourceConfig)
    [Anonymous Symbol]                       0x08002f94   Section        0  stm32h5xx_hal_uart_ex.o(.text.HAL_UARTEx_DisableFifoMode)
    [Anonymous Symbol]                       0x08002fcc   Section        0  stm32h5xx_hal_uart_ex.o(.text.HAL_UARTEx_SetRxFifoThreshold)
    [Anonymous Symbol]                       0x08003058   Section        0  stm32h5xx_hal_uart_ex.o(.text.HAL_UARTEx_SetTxFifoThreshold)
    [Anonymous Symbol]                       0x080030e4   Section        0  stm32h5xx_hal_uart.o(.text.HAL_UART_Init)
    [Anonymous Symbol]                       0x0800314c   Section        0  usart.o(.text.HAL_UART_MspInit)
    [Anonymous Symbol]                       0x080031d4   Section        0  stm32h5xx_hal_uart.o(.text.HAL_UART_Transmit)
    [Anonymous Symbol]                       0x08003374   Section        0  stm32h5xx_it.o(.text.HardFault_Handler)
    I2C_IsErrorOccurred                      0x08003379   Thumb Code   352  stm32h5xx_hal_i2c.o(.text.I2C_IsErrorOccurred)
    [Anonymous Symbol]                       0x08003378   Section        0  stm32h5xx_hal_i2c.o(.text.I2C_IsErrorOccurred)
    I2C_WaitOnFlagUntilTimeout               0x080034d9   Thumb Code   258  stm32h5xx_hal_i2c.o(.text.I2C_WaitOnFlagUntilTimeout)
    [Anonymous Symbol]                       0x080034d8   Section        0  stm32h5xx_hal_i2c.o(.text.I2C_WaitOnFlagUntilTimeout)
    I2C_WaitOnSTOPFlagUntilTimeout           0x080035dd   Thumb Code   128  stm32h5xx_hal_i2c.o(.text.I2C_WaitOnSTOPFlagUntilTimeout)
    [Anonymous Symbol]                       0x080035dc   Section        0  stm32h5xx_hal_i2c.o(.text.I2C_WaitOnSTOPFlagUntilTimeout)
    I2C_WaitOnTXISFlagUntilTimeout           0x0800365d   Thumb Code   172  stm32h5xx_hal_i2c.o(.text.I2C_WaitOnTXISFlagUntilTimeout)
    [Anonymous Symbol]                       0x0800365c   Section        0  stm32h5xx_hal_i2c.o(.text.I2C_WaitOnTXISFlagUntilTimeout)
    [Anonymous Symbol]                       0x08003708   Section        0  gpio.o(.text.MX_GPIO_Init)
    [Anonymous Symbol]                       0x08003790   Section        0  i2c.o(.text.MX_I2C1_Init)
    [Anonymous Symbol]                       0x08003800   Section        0  icache.o(.text.MX_ICACHE_Init)
    [Anonymous Symbol]                       0x08003824   Section        0  usart.o(.text.MX_USART1_UART_Init)
    [Anonymous Symbol]                       0x080038ac   Section        0  stm32h5xx_it.o(.text.MemManage_Handler)
    [Anonymous Symbol]                       0x080038b0   Section        0  stm32h5xx_it.o(.text.NMI_Handler)
    [Anonymous Symbol]                       0x080038b4   Section        0  stm32h5xx_it.o(.text.PendSV_Handler)
    RCCEx_PLL2_Config                        0x080038b9   Thumb Code   240  stm32h5xx_hal_rcc_ex.o(.text.RCCEx_PLL2_Config)
    [Anonymous Symbol]                       0x080038b8   Section        0  stm32h5xx_hal_rcc_ex.o(.text.RCCEx_PLL2_Config)
    [Anonymous Symbol]                       0x080039a8   Section        0  stm32h5xx_it.o(.text.SVC_Handler)
    [Anonymous Symbol]                       0x080039ac   Section        0  stm32h5xx_it.o(.text.SysTick_Handler)
    [Anonymous Symbol]                       0x080039b0   Section        0  main.o(.text.SystemClock_Config)
    [Anonymous Symbol]                       0x08003a78   Section        0  system_stm32h5xx.o(.text.SystemInit)
    [Anonymous Symbol]                       0x08003b20   Section        0  stm32h5xx_hal_uart.o(.text.UART_AdvFeatureConfig)
    [Anonymous Symbol]                       0x08003c08   Section        0  stm32h5xx_hal_uart.o(.text.UART_CheckIdleState)
    [Anonymous Symbol]                       0x08003d78   Section        0  stm32h5xx_hal_uart.o(.text.UART_SetConfig)
    [Anonymous Symbol]                       0x08003f28   Section        0  stm32h5xx_hal_uart.o(.text.UART_WaitOnFlagUntilTimeout)
    [Anonymous Symbol]                       0x08004278   Section        0  stm32h5xx_it.o(.text.UsageFault_Handler)
    [Anonymous Symbol]                       0x0800427c   Section        0  main.o(.text.fputc)
    [Anonymous Symbol]                       0x0800429c   Section        0  lsm6dsv16x_reg.o(.text.lsm6dsv16x_acceleration_raw_get)
    [Anonymous Symbol]                       0x080042c4   Section        0  lsm6dsv16x_reg.o(.text.lsm6dsv16x_angular_rate_raw_get)
    [Anonymous Symbol]                       0x080042ec   Section        0  lsm6dsv16x_reg.o(.text.lsm6dsv16x_block_data_update_set)
    [Anonymous Symbol]                       0x08004330   Section        0  lsm6dsv16x_reg.o(.text.lsm6dsv16x_device_id_get)
    [Anonymous Symbol]                       0x0800433c   Section        0  lsm6dsv16x_reg.o(.text.lsm6dsv16x_filt_gy_lp1_bandwidth_set)
    [Anonymous Symbol]                       0x08004380   Section        0  lsm6dsv16x_reg.o(.text.lsm6dsv16x_filt_gy_lp1_set)
    [Anonymous Symbol]                       0x080043c0   Section        0  lsm6dsv16x_reg.o(.text.lsm6dsv16x_filt_settling_mask_set)
    [Anonymous Symbol]                       0x08004470   Section        0  lsm6dsv16x_reg.o(.text.lsm6dsv16x_filt_xl_lp2_bandwidth_set)
    [Anonymous Symbol]                       0x080044b0   Section        0  lsm6dsv16x_reg.o(.text.lsm6dsv16x_filt_xl_lp2_set)
    [Anonymous Symbol]                       0x080044f4   Section        0  lsm6dsv16x_reg.o(.text.lsm6dsv16x_flag_data_ready_get)
    [Anonymous Symbol]                       0x08004524   Section        0  lsm6dsv16x_reg.o(.text.lsm6dsv16x_from_fs2000_to_mdps)
    [Anonymous Symbol]                       0x0800453c   Section        0  lsm6dsv16x_reg.o(.text.lsm6dsv16x_from_fs2_to_mg)
    [Anonymous Symbol]                       0x08004554   Section        0  lsm6dsv16x_reg.o(.text.lsm6dsv16x_gy_data_rate_set)
    [Anonymous Symbol]                       0x080045d8   Section        0  lsm6dsv16x_reg.o(.text.lsm6dsv16x_gy_full_scale_set)
    [Anonymous Symbol]                       0x08004618   Section        0  lsm6dsv16x_reg.o(.text.lsm6dsv16x_read_reg)
    [Anonymous Symbol]                       0x08004638   Section        0  lsm6dsv16x_reg.o(.text.lsm6dsv16x_reset_get)
    [Anonymous Symbol]                       0x08004694   Section        0  lsm6dsv16x_reg.o(.text.lsm6dsv16x_reset_set)
    [Anonymous Symbol]                       0x08004710   Section        0  lsm6dsv16x_reg.o(.text.lsm6dsv16x_write_reg)
    [Anonymous Symbol]                       0x08004730   Section        0  lsm6dsv16x_reg.o(.text.lsm6dsv16x_xl_data_rate_set)
    [Anonymous Symbol]                       0x080047b4   Section        0  lsm6dsv16x_reg.o(.text.lsm6dsv16x_xl_full_scale_set)
    [Anonymous Symbol]                       0x080047f4   Section        0  main.o(.text.main)
    platform_delay                           0x08004a99   Thumb Code     4  main.o(.text.platform_delay)
    [Anonymous Symbol]                       0x08004a98   Section        0  main.o(.text.platform_delay)
    platform_read                            0x08004a9d   Thumb Code    36  main.o(.text.platform_read)
    [Anonymous Symbol]                       0x08004a9c   Section        0  main.o(.text.platform_read)
    platform_write                           0x08004ac1   Thumb Code    36  main.o(.text.platform_write)
    [Anonymous Symbol]                       0x08004ac0   Section        0  main.o(.text.platform_write)
    i.__0printf                              0x08004ae4   Section        0  printfa.o(i.__0printf)
    i.__scatterload_copy                     0x08004b04   Section       14  handlers.o(i.__scatterload_copy)
    i.__scatterload_null                     0x08004b12   Section        2  handlers.o(i.__scatterload_null)
    i.__scatterload_zeroinit                 0x08004b14   Section       14  handlers.o(i.__scatterload_zeroinit)
    _fp_digits                               0x08004b25   Thumb Code   366  printfa.o(i._fp_digits)
    i._fp_digits                             0x08004b24   Section        0  printfa.o(i._fp_digits)
    _printf_core                             0x08004ca9   Thumb Code  1744  printfa.o(i._printf_core)
    i._printf_core                           0x08004ca8   Section        0  printfa.o(i._printf_core)
    _printf_post_padding                     0x08005385   Thumb Code    36  printfa.o(i._printf_post_padding)
    i._printf_post_padding                   0x08005384   Section        0  printfa.o(i._printf_post_padding)
    _printf_pre_padding                      0x080053a9   Thumb Code    46  printfa.o(i._printf_pre_padding)
    i._printf_pre_padding                    0x080053a8   Section        0  printfa.o(i._printf_pre_padding)
    i.puts                                   0x080053d8   Section        0  puts.o(i.puts)
    UARTEx_SetNbDataToProcess.numerator      0x0800542c   Data           8  stm32h5xx_hal_uart_ex.o(.rodata.cst8)
    [Anonymous Symbol]                       0x0800542c   Section        0  stm32h5xx_hal_uart_ex.o(.rodata.cst8)
    UARTEx_SetNbDataToProcess.denominator    0x08005434   Data           8  stm32h5xx_hal_uart_ex.o(.rodata.cst8)
    .data                                    0x20000000   Section        4  stdout.o(.data)
    .L_MergedGlobals                         0x20000004   Data           8  stm32h5xx_hal.o(.data..L_MergedGlobals)
    [Anonymous Symbol]                       0x20000004   Section        0  stm32h5xx_hal.o(.data..L_MergedGlobals)
    .L_MergedGlobals                         0x20000010   Data          48  main.o(.bss..L_MergedGlobals)
    whoamI                                   0x20000010   Data           1  main.o(.bss..L_MergedGlobals)
    [Anonymous Symbol]                       0x20000010   Section        0  main.o(.bss..L_MergedGlobals)
    filt_settling_mask.0                     0x20000011   Data           1  main.o(.bss..L_MergedGlobals)
    data_raw_acceleration                    0x20000012   Data           6  main.o(.bss..L_MergedGlobals)
    data_raw_angular_rate                    0x20000018   Data           6  main.o(.bss..L_MergedGlobals)
    acceleration_mg.0                        0x20000020   Data           8  main.o(.bss..L_MergedGlobals)
    acceleration_mg.1                        0x20000028   Data           8  main.o(.bss..L_MergedGlobals)
    angular_rate_mdps.0                      0x20000030   Data           8  main.o(.bss..L_MergedGlobals)
    angular_rate_mdps.1                      0x20000038   Data           8  main.o(.bss..L_MergedGlobals)
    STACK                                    0x20000130   Section    16384  startup_stm32h503xx.o(STACK)

    Global Symbols

    Symbol Name                              Value     Ov Type        Size  Object(Section)

    BuildAttributes$$THM_ISAv4$E$P$D$K$B$S$7EM$8M$VFPi5$EXTD16$VFPS$VFMA$PE$A:L22UL41UL21$X:L11$S22US41US21$IEEE1$IW$~IW$USESV6$~STKCKD$USESV7$~SHL$OTIME$ROPI$EBA8$MICROLIB$REQ8$PRES8$EABIv2 0x00000000   Number         0  anon$$obj.o ABSOLUTE
    _printf_a                                0x00000000   Number         0  printfstubs.o ABSOLUTE
    _printf_c                                0x00000000   Number         0  printfstubs.o ABSOLUTE
    _printf_charcount                        0x00000000   Number         0  printfstubs.o ABSOLUTE
    _printf_d                                0x00000000   Number         0  printfstubs.o ABSOLUTE
    _printf_e                                0x00000000   Number         0  printfstubs.o ABSOLUTE
    _printf_f                                0x00000000   Number         0  printfstubs.o ABSOLUTE
    _printf_flags                            0x00000000   Number         0  printfstubs.o ABSOLUTE
    _printf_fp_dec                           0x00000000   Number         0  printfstubs.o ABSOLUTE
    _printf_fp_hex                           0x00000000   Number         0  printfstubs.o ABSOLUTE
    _printf_g                                0x00000000   Number         0  printfstubs.o ABSOLUTE
    _printf_i                                0x00000000   Number         0  printfstubs.o ABSOLUTE
    _printf_int_dec                          0x00000000   Number         0  printfstubs.o ABSOLUTE
    _printf_l                                0x00000000   Number         0  printfstubs.o ABSOLUTE
    _printf_lc                               0x00000000   Number         0  printfstubs.o ABSOLUTE
    _printf_ll                               0x00000000   Number         0  printfstubs.o ABSOLUTE
    _printf_lld                              0x00000000   Number         0  printfstubs.o ABSOLUTE
    _printf_lli                              0x00000000   Number         0  printfstubs.o ABSOLUTE
    _printf_llo                              0x00000000   Number         0  printfstubs.o ABSOLUTE
    _printf_llu                              0x00000000   Number         0  printfstubs.o ABSOLUTE
    _printf_llx                              0x00000000   Number         0  printfstubs.o ABSOLUTE
    _printf_longlong_dec                     0x00000000   Number         0  printfstubs.o ABSOLUTE
    _printf_longlong_hex                     0x00000000   Number         0  printfstubs.o ABSOLUTE
    _printf_longlong_oct                     0x00000000   Number         0  printfstubs.o ABSOLUTE
    _printf_ls                               0x00000000   Number         0  printfstubs.o ABSOLUTE
    _printf_mbtowc                           0x00000000   Number         0  printfstubs.o ABSOLUTE
    _printf_n                                0x00000000   Number         0  printfstubs.o ABSOLUTE
    _printf_o                                0x00000000   Number         0  printfstubs.o ABSOLUTE
    _printf_p                                0x00000000   Number         0  printfstubs.o ABSOLUTE
    _printf_percent                          0x00000000   Number         0  printfstubs.o ABSOLUTE
    _printf_pre_padding                      0x00000000   Number         0  printfstubs.o ABSOLUTE
    _printf_return_value                     0x00000000   Number         0  printfstubs.o ABSOLUTE
    _printf_s                                0x00000000   Number         0  printfstubs.o ABSOLUTE
    _printf_sizespec                         0x00000000   Number         0  printfstubs.o ABSOLUTE
    _printf_str                              0x00000000   Number         0  printfstubs.o ABSOLUTE
    _printf_truncate_signed                  0x00000000   Number         0  printfstubs.o ABSOLUTE
    _printf_truncate_unsigned                0x00000000   Number         0  printfstubs.o ABSOLUTE
    _printf_u                                0x00000000   Number         0  printfstubs.o ABSOLUTE
    _printf_wc                               0x00000000   Number         0  printfstubs.o ABSOLUTE
    _printf_wctomb                           0x00000000   Number         0  printfstubs.o ABSOLUTE
    _printf_widthprec                        0x00000000   Number         0  printfstubs.o ABSOLUTE
    _printf_x                                0x00000000   Number         0  printfstubs.o ABSOLUTE
    __cpp_initialize__aeabi_                  - Undefined Weak Reference
    __cxa_finalize                            - Undefined Weak Reference
    __decompress                              - Undefined Weak Reference
    _clock_init                               - Undefined Weak Reference
    _microlib_exit                            - Undefined Weak Reference
    __Vectors_Size                           0x00000258   Number         0  startup_stm32h503xx.o ABSOLUTE
    __Vectors                                0x08000000   Data           4  startup_stm32h503xx.o(RESET)
    __Vectors_End                            0x08000258   Data           0  startup_stm32h503xx.o(RESET)
    __main                                   0x08000259   Thumb Code     0  entry.o(.ARM.Collect$$$$00000000)
    _main_stk                                0x08000259   Thumb Code     0  entry2.o(.ARM.Collect$$$$00000001)
    _main_scatterload                        0x0800025d   Thumb Code     0  entry5.o(.ARM.Collect$$$$00000004)
    __main_after_scatterload                 0x08000261   Thumb Code     0  entry5.o(.ARM.Collect$$$$00000004)
    _main_clock                              0x08000261   Thumb Code     0  entry7b.o(.ARM.Collect$$$$00000008)
    _main_cpp_init                           0x08000261   Thumb Code     0  entry8b.o(.ARM.Collect$$$$0000000A)
    _main_init                               0x08000261   Thumb Code     0  entry9a.o(.ARM.Collect$$$$0000000B)
    __rt_final_cpp                           0x08000269   Thumb Code     0  entry10a.o(.ARM.Collect$$$$0000000D)
    __rt_final_exit                          0x08000269   Thumb Code     0  entry11a.o(.ARM.Collect$$$$0000000F)
    Reset_Handler                            0x0800026d   Thumb Code     8  startup_stm32h503xx.o(.text)
    SecureFault_Handler                      0x0800027f   Thumb Code     2  startup_stm32h503xx.o(.text)
    ADC1_IRQHandler                          0x08000289   Thumb Code     0  startup_stm32h503xx.o(.text)
    COMP1_IRQHandler                         0x08000289   Thumb Code     0  startup_stm32h503xx.o(.text)
    CRS_IRQHandler                           0x08000289   Thumb Code     0  startup_stm32h503xx.o(.text)
    DAC1_IRQHandler                          0x08000289   Thumb Code     0  startup_stm32h503xx.o(.text)
    DTS_IRQHandler                           0x08000289   Thumb Code     0  startup_stm32h503xx.o(.text)
    EXTI0_IRQHandler                         0x08000289   Thumb Code     0  startup_stm32h503xx.o(.text)
    EXTI10_IRQHandler                        0x08000289   Thumb Code     0  startup_stm32h503xx.o(.text)
    EXTI11_IRQHandler                        0x08000289   Thumb Code     0  startup_stm32h503xx.o(.text)
    EXTI12_IRQHandler                        0x08000289   Thumb Code     0  startup_stm32h503xx.o(.text)
    EXTI13_IRQHandler                        0x08000289   Thumb Code     0  startup_stm32h503xx.o(.text)
    EXTI14_IRQHandler                        0x08000289   Thumb Code     0  startup_stm32h503xx.o(.text)
    EXTI15_IRQHandler                        0x08000289   Thumb Code     0  startup_stm32h503xx.o(.text)
    EXTI1_IRQHandler                         0x08000289   Thumb Code     0  startup_stm32h503xx.o(.text)
    EXTI2_IRQHandler                         0x08000289   Thumb Code     0  startup_stm32h503xx.o(.text)
    EXTI3_IRQHandler                         0x08000289   Thumb Code     0  startup_stm32h503xx.o(.text)
    EXTI4_IRQHandler                         0x08000289   Thumb Code     0  startup_stm32h503xx.o(.text)
    EXTI5_IRQHandler                         0x08000289   Thumb Code     0  startup_stm32h503xx.o(.text)
    EXTI6_IRQHandler                         0x08000289   Thumb Code     0  startup_stm32h503xx.o(.text)
    EXTI7_IRQHandler                         0x08000289   Thumb Code     0  startup_stm32h503xx.o(.text)
    EXTI8_IRQHandler                         0x08000289   Thumb Code     0  startup_stm32h503xx.o(.text)
    EXTI9_IRQHandler                         0x08000289   Thumb Code     0  startup_stm32h503xx.o(.text)
    FDCAN1_IT0_IRQHandler                    0x08000289   Thumb Code     0  startup_stm32h503xx.o(.text)
    FDCAN1_IT1_IRQHandler                    0x08000289   Thumb Code     0  startup_stm32h503xx.o(.text)
    FLASH_IRQHandler                         0x08000289   Thumb Code     0  startup_stm32h503xx.o(.text)
    FPU_IRQHandler                           0x08000289   Thumb Code     0  startup_stm32h503xx.o(.text)
    GPDMA1_Channel0_IRQHandler               0x08000289   Thumb Code     0  startup_stm32h503xx.o(.text)
    GPDMA1_Channel1_IRQHandler               0x08000289   Thumb Code     0  startup_stm32h503xx.o(.text)
    GPDMA1_Channel2_IRQHandler               0x08000289   Thumb Code     0  startup_stm32h503xx.o(.text)
    GPDMA1_Channel3_IRQHandler               0x08000289   Thumb Code     0  startup_stm32h503xx.o(.text)
    GPDMA1_Channel4_IRQHandler               0x08000289   Thumb Code     0  startup_stm32h503xx.o(.text)
    GPDMA1_Channel5_IRQHandler               0x08000289   Thumb Code     0  startup_stm32h503xx.o(.text)
    GPDMA1_Channel6_IRQHandler               0x08000289   Thumb Code     0  startup_stm32h503xx.o(.text)
    GPDMA1_Channel7_IRQHandler               0x08000289   Thumb Code     0  startup_stm32h503xx.o(.text)
    GPDMA2_Channel0_IRQHandler               0x08000289   Thumb Code     0  startup_stm32h503xx.o(.text)
    GPDMA2_Channel1_IRQHandler               0x08000289   Thumb Code     0  startup_stm32h503xx.o(.text)
    GPDMA2_Channel2_IRQHandler               0x08000289   Thumb Code     0  startup_stm32h503xx.o(.text)
    GPDMA2_Channel3_IRQHandler               0x08000289   Thumb Code     0  startup_stm32h503xx.o(.text)
    GPDMA2_Channel4_IRQHandler               0x08000289   Thumb Code     0  startup_stm32h503xx.o(.text)
    GPDMA2_Channel5_IRQHandler               0x08000289   Thumb Code     0  startup_stm32h503xx.o(.text)
    GPDMA2_Channel6_IRQHandler               0x08000289   Thumb Code     0  startup_stm32h503xx.o(.text)
    GPDMA2_Channel7_IRQHandler               0x08000289   Thumb Code     0  startup_stm32h503xx.o(.text)
    GTZC_IRQHandler                          0x08000289   Thumb Code     0  startup_stm32h503xx.o(.text)
    HASH_IRQHandler                          0x08000289   Thumb Code     0  startup_stm32h503xx.o(.text)
    I2C1_ER_IRQHandler                       0x08000289   Thumb Code     0  startup_stm32h503xx.o(.text)
    I2C1_EV_IRQHandler                       0x08000289   Thumb Code     0  startup_stm32h503xx.o(.text)
    I2C2_ER_IRQHandler                       0x08000289   Thumb Code     0  startup_stm32h503xx.o(.text)
    I2C2_EV_IRQHandler                       0x08000289   Thumb Code     0  startup_stm32h503xx.o(.text)
    I3C1_ER_IRQHandler                       0x08000289   Thumb Code     0  startup_stm32h503xx.o(.text)
    I3C1_EV_IRQHandler                       0x08000289   Thumb Code     0  startup_stm32h503xx.o(.text)
    I3C2_ER_IRQHandler                       0x08000289   Thumb Code     0  startup_stm32h503xx.o(.text)
    I3C2_EV_IRQHandler                       0x08000289   Thumb Code     0  startup_stm32h503xx.o(.text)
    ICACHE_IRQHandler                        0x08000289   Thumb Code     0  startup_stm32h503xx.o(.text)
    IWDG_IRQHandler                          0x08000289   Thumb Code     0  startup_stm32h503xx.o(.text)
    LPTIM1_IRQHandler                        0x08000289   Thumb Code     0  startup_stm32h503xx.o(.text)
    LPTIM2_IRQHandler                        0x08000289   Thumb Code     0  startup_stm32h503xx.o(.text)
    LPUART1_IRQHandler                       0x08000289   Thumb Code     0  startup_stm32h503xx.o(.text)
    PVD_AVD_IRQHandler                       0x08000289   Thumb Code     0  startup_stm32h503xx.o(.text)
    RAMCFG_IRQHandler                        0x08000289   Thumb Code     0  startup_stm32h503xx.o(.text)
    RCC_IRQHandler                           0x08000289   Thumb Code     0  startup_stm32h503xx.o(.text)
    RNG_IRQHandler                           0x08000289   Thumb Code     0  startup_stm32h503xx.o(.text)
    RTC_IRQHandler                           0x08000289   Thumb Code     0  startup_stm32h503xx.o(.text)
    SPI1_IRQHandler                          0x08000289   Thumb Code     0  startup_stm32h503xx.o(.text)
    SPI2_IRQHandler                          0x08000289   Thumb Code     0  startup_stm32h503xx.o(.text)
    SPI3_IRQHandler                          0x08000289   Thumb Code     0  startup_stm32h503xx.o(.text)
    TAMP_IRQHandler                          0x08000289   Thumb Code     0  startup_stm32h503xx.o(.text)
    TIM1_BRK_IRQHandler                      0x08000289   Thumb Code     0  startup_stm32h503xx.o(.text)
    TIM1_CC_IRQHandler                       0x08000289   Thumb Code     0  startup_stm32h503xx.o(.text)
    TIM1_TRG_COM_IRQHandler                  0x08000289   Thumb Code     0  startup_stm32h503xx.o(.text)
    TIM1_UP_IRQHandler                       0x08000289   Thumb Code     0  startup_stm32h503xx.o(.text)
    TIM2_IRQHandler                          0x08000289   Thumb Code     0  startup_stm32h503xx.o(.text)
    TIM3_IRQHandler                          0x08000289   Thumb Code     0  startup_stm32h503xx.o(.text)
    TIM6_IRQHandler                          0x08000289   Thumb Code     0  startup_stm32h503xx.o(.text)
    TIM7_IRQHandler                          0x08000289   Thumb Code     0  startup_stm32h503xx.o(.text)
    USART1_IRQHandler                        0x08000289   Thumb Code     0  startup_stm32h503xx.o(.text)
    USART2_IRQHandler                        0x08000289   Thumb Code     0  startup_stm32h503xx.o(.text)
    USART3_IRQHandler                        0x08000289   Thumb Code     0  startup_stm32h503xx.o(.text)
    USB_DRD_FS_IRQHandler                    0x08000289   Thumb Code     0  startup_stm32h503xx.o(.text)
    WWDG_IRQHandler                          0x08000289   Thumb Code     0  startup_stm32h503xx.o(.text)
    __aeabi_uldivmod                         0x08000295   Thumb Code    98  uldiv.o(.text)
    __aeabi_memset                           0x080002f7   Thumb Code    14  memseta.o(.text)
    __aeabi_memset4                          0x080002f7   Thumb Code     0  memseta.o(.text)
    __aeabi_memset8                          0x080002f7   Thumb Code     0  memseta.o(.text)
    __aeabi_memclr                           0x08000305   Thumb Code     4  memseta.o(.text)
    __aeabi_memclr4                          0x08000305   Thumb Code     0  memseta.o(.text)
    __aeabi_memclr8                          0x08000305   Thumb Code     0  memseta.o(.text)
    _memset$wrapper                          0x08000309   Thumb Code    18  memseta.o(.text)
    __aeabi_f2d                              0x0800031b   Thumb Code    38  f2d.o(.text)
    __aeabi_uidiv                            0x08000341   Thumb Code     0  uidiv.o(.text)
    __aeabi_uidivmod                         0x08000341   Thumb Code    44  uidiv.o(.text)
    __aeabi_llsl                             0x0800036d   Thumb Code    30  llshl.o(.text)
    _ll_shift_l                              0x0800036d   Thumb Code     0  llshl.o(.text)
    __aeabi_llsr                             0x0800038b   Thumb Code    32  llushr.o(.text)
    _ll_ushift_r                             0x0800038b   Thumb Code     0  llushr.o(.text)
    __I$use$fp                               0x080003ab   Thumb Code     0  iusefp.o(.text)
    __aeabi_dadd                             0x080003ab   Thumb Code   322  dadd.o(.text)
    __aeabi_dsub                             0x080004ed   Thumb Code     6  dadd.o(.text)
    __aeabi_drsub                            0x080004f3   Thumb Code     6  dadd.o(.text)
    __aeabi_dmul                             0x080004f9   Thumb Code   228  dmul.o(.text)
    __aeabi_ddiv                             0x080005dd   Thumb Code   222  ddiv.o(.text)
    __aeabi_d2ulz                            0x080006bb   Thumb Code    48  dfixul.o(.text)
    __aeabi_cdrcmple                         0x080006ed   Thumb Code    48  cdrcmple.o(.text)
    __scatterload                            0x0800071d   Thumb Code    28  init.o(.text)
    __scatterload_rt2                        0x0800071d   Thumb Code     0  init.o(.text)
    __aeabi_lasr                             0x08000741   Thumb Code    36  llsshr.o(.text)
    _ll_sshift_r                             0x08000741   Thumb Code     0  llsshr.o(.text)
    _double_round                            0x08000765   Thumb Code    30  depilogue.o(.text)
    _double_epilogue                         0x08000783   Thumb Code   156  depilogue.o(.text)
    BusFault_Handler                         0x08000821   Thumb Code     2  stm32h5xx_it.o(.text.BusFault_Handler)
    DebugMon_Handler                         0x08000825   Thumb Code     2  stm32h5xx_it.o(.text.DebugMon_Handler)
    Error_Handler                            0x08000829   Thumb Code     6  main.o(.text.Error_Handler)
    HAL_Delay                                0x08000831   Thumb Code    40  stm32h5xx_hal.o(.text.HAL_Delay)
    HAL_GPIO_Init                            0x08000859   Thumb Code   410  stm32h5xx_hal_gpio.o(.text.HAL_GPIO_Init)
    HAL_GPIO_WritePin                        0x080009f5   Thumb Code    12  stm32h5xx_hal_gpio.o(.text.HAL_GPIO_WritePin)
    HAL_GetTick                              0x08000a01   Thumb Code    12  stm32h5xx_hal.o(.text.HAL_GetTick)
    HAL_I2CEx_ConfigAnalogFilter             0x08000a0d   Thumb Code    74  stm32h5xx_hal_i2c_ex.o(.text.HAL_I2CEx_ConfigAnalogFilter)
    HAL_I2CEx_ConfigDigitalFilter            0x08000a59   Thumb Code    72  stm32h5xx_hal_i2c_ex.o(.text.HAL_I2CEx_ConfigDigitalFilter)
    HAL_I2C_Init                             0x08000aa1   Thumb Code   172  stm32h5xx_hal_i2c.o(.text.HAL_I2C_Init)
    HAL_I2C_Mem_Read                         0x08000b4d   Thumb Code   576  stm32h5xx_hal_i2c.o(.text.HAL_I2C_Mem_Read)
    HAL_I2C_Mem_Write                        0x08000d8d   Thumb Code   568  stm32h5xx_hal_i2c.o(.text.HAL_I2C_Mem_Write)
    HAL_I2C_MspInit                          0x08000fc5   Thumb Code   138  i2c.o(.text.HAL_I2C_MspInit)
    HAL_ICACHE_ConfigAssociativityMode       0x08001051   Thumb Code    32  stm32h5xx_hal_icache.o(.text.HAL_ICACHE_ConfigAssociativityMode)
    HAL_ICACHE_Enable                        0x08001071   Thumb Code    20  stm32h5xx_hal_icache.o(.text.HAL_ICACHE_Enable)
    HAL_IncTick                              0x08001085   Thumb Code    26  stm32h5xx_hal.o(.text.HAL_IncTick)
    HAL_Init                                 0x080010a1   Thumb Code    76  stm32h5xx_hal.o(.text.HAL_Init)
    HAL_InitTick                             0x080010ed   Thumb Code   170  stm32h5xx_hal.o(.text.HAL_InitTick)
    HAL_MspInit                              0x08001199   Thumb Code     2  stm32h5xx_hal_msp.o(.text.HAL_MspInit)
    HAL_NVIC_SetPriority                     0x0800119d   Thumb Code    86  stm32h5xx_hal_cortex.o(.text.HAL_NVIC_SetPriority)
    HAL_NVIC_SetPriorityGrouping             0x080011f5   Thumb Code    32  stm32h5xx_hal_cortex.o(.text.HAL_NVIC_SetPriorityGrouping)
    HAL_RCCEx_GetPLL1ClockFreq               0x08001215   Thumb Code   436  stm32h5xx_hal_rcc_ex.o(.text.HAL_RCCEx_GetPLL1ClockFreq)
    HAL_RCCEx_GetPLL2ClockFreq               0x080013c9   Thumb Code   436  stm32h5xx_hal_rcc_ex.o(.text.HAL_RCCEx_GetPLL2ClockFreq)
    HAL_RCCEx_GetPeriphCLKFreq               0x0800157d   Thumb Code  1920  stm32h5xx_hal_rcc_ex.o(.text.HAL_RCCEx_GetPeriphCLKFreq)
    HAL_RCCEx_PeriphCLKConfig                0x08001cfd   Thumb Code  1732  stm32h5xx_hal_rcc_ex.o(.text.HAL_RCCEx_PeriphCLKConfig)
    HAL_RCC_ClockConfig                      0x080023c1   Thumb Code   622  stm32h5xx_hal_rcc.o(.text.HAL_RCC_ClockConfig)
    HAL_RCC_GetHCLKFreq                      0x08002631   Thumb Code    48  stm32h5xx_hal_rcc.o(.text.HAL_RCC_GetHCLKFreq)
    HAL_RCC_GetPCLK1Freq                     0x08002661   Thumb Code    70  stm32h5xx_hal_rcc.o(.text.HAL_RCC_GetPCLK1Freq)
    HAL_RCC_GetPCLK2Freq                     0x080026a9   Thumb Code    70  stm32h5xx_hal_rcc.o(.text.HAL_RCC_GetPCLK2Freq)
    HAL_RCC_GetPCLK3Freq                     0x080026f1   Thumb Code    70  stm32h5xx_hal_rcc.o(.text.HAL_RCC_GetPCLK3Freq)
    HAL_RCC_GetSysClockFreq                  0x08002739   Thumb Code   300  stm32h5xx_hal_rcc.o(.text.HAL_RCC_GetSysClockFreq)
    HAL_RCC_OscConfig                        0x08002865   Thumb Code  1610  stm32h5xx_hal_rcc.o(.text.HAL_RCC_OscConfig)
    HAL_SYSTICK_CLKSourceConfig              0x08002eb1   Thumb Code   142  stm32h5xx_hal_cortex.o(.text.HAL_SYSTICK_CLKSourceConfig)
    HAL_SYSTICK_Config                       0x08002f41   Thumb Code    36  stm32h5xx_hal_cortex.o(.text.HAL_SYSTICK_Config)
    HAL_SYSTICK_GetCLKSourceConfig           0x08002f65   Thumb Code    48  stm32h5xx_hal_cortex.o(.text.HAL_SYSTICK_GetCLKSourceConfig)
    HAL_UARTEx_DisableFifoMode               0x08002f95   Thumb Code    54  stm32h5xx_hal_uart_ex.o(.text.HAL_UARTEx_DisableFifoMode)
    HAL_UARTEx_SetRxFifoThreshold            0x08002fcd   Thumb Code   140  stm32h5xx_hal_uart_ex.o(.text.HAL_UARTEx_SetRxFifoThreshold)
    HAL_UARTEx_SetTxFifoThreshold            0x08003059   Thumb Code   140  stm32h5xx_hal_uart_ex.o(.text.HAL_UARTEx_SetTxFifoThreshold)
    HAL_UART_Init                            0x080030e5   Thumb Code   104  stm32h5xx_hal_uart.o(.text.HAL_UART_Init)
    HAL_UART_MspInit                         0x0800314d   Thumb Code   136  usart.o(.text.HAL_UART_MspInit)
    HAL_UART_Transmit                        0x080031d5   Thumb Code   416  stm32h5xx_hal_uart.o(.text.HAL_UART_Transmit)
    HardFault_Handler                        0x08003375   Thumb Code     2  stm32h5xx_it.o(.text.HardFault_Handler)
    MX_GPIO_Init                             0x08003709   Thumb Code   134  gpio.o(.text.MX_GPIO_Init)
    MX_I2C1_Init                             0x08003791   Thumb Code   112  i2c.o(.text.MX_I2C1_Init)
    MX_ICACHE_Init                           0x08003801   Thumb Code    34  icache.o(.text.MX_ICACHE_Init)
    MX_USART1_UART_Init                      0x08003825   Thumb Code   136  usart.o(.text.MX_USART1_UART_Init)
    MemManage_Handler                        0x080038ad   Thumb Code     2  stm32h5xx_it.o(.text.MemManage_Handler)
    NMI_Handler                              0x080038b1   Thumb Code     2  stm32h5xx_it.o(.text.NMI_Handler)
    PendSV_Handler                           0x080038b5   Thumb Code     2  stm32h5xx_it.o(.text.PendSV_Handler)
    SVC_Handler                              0x080039a9   Thumb Code     2  stm32h5xx_it.o(.text.SVC_Handler)
    SysTick_Handler                          0x080039ad   Thumb Code     4  stm32h5xx_it.o(.text.SysTick_Handler)
    SystemClock_Config                       0x080039b1   Thumb Code   198  main.o(.text.SystemClock_Config)
    SystemInit                               0x08003a79   Thumb Code   168  system_stm32h5xx.o(.text.SystemInit)
    UART_AdvFeatureConfig                    0x08003b21   Thumb Code   232  stm32h5xx_hal_uart.o(.text.UART_AdvFeatureConfig)
    UART_CheckIdleState                      0x08003c09   Thumb Code   366  stm32h5xx_hal_uart.o(.text.UART_CheckIdleState)
    UART_SetConfig                           0x08003d79   Thumb Code   430  stm32h5xx_hal_uart.o(.text.UART_SetConfig)
    UART_WaitOnFlagUntilTimeout              0x08003f29   Thumb Code   848  stm32h5xx_hal_uart.o(.text.UART_WaitOnFlagUntilTimeout)
    UsageFault_Handler                       0x08004279   Thumb Code     2  stm32h5xx_it.o(.text.UsageFault_Handler)
    fputc                                    0x0800427d   Thumb Code    32  main.o(.text.fputc)
    lsm6dsv16x_acceleration_raw_get          0x0800429d   Thumb Code    40  lsm6dsv16x_reg.o(.text.lsm6dsv16x_acceleration_raw_get)
    lsm6dsv16x_angular_rate_raw_get          0x080042c5   Thumb Code    40  lsm6dsv16x_reg.o(.text.lsm6dsv16x_angular_rate_raw_get)
    lsm6dsv16x_block_data_update_set         0x080042ed   Thumb Code    66  lsm6dsv16x_reg.o(.text.lsm6dsv16x_block_data_update_set)
    lsm6dsv16x_device_id_get                 0x08004331   Thumb Code    10  lsm6dsv16x_reg.o(.text.lsm6dsv16x_device_id_get)
    lsm6dsv16x_filt_gy_lp1_bandwidth_set     0x0800433d   Thumb Code    66  lsm6dsv16x_reg.o(.text.lsm6dsv16x_filt_gy_lp1_bandwidth_set)
    lsm6dsv16x_filt_gy_lp1_set               0x08004381   Thumb Code    64  lsm6dsv16x_reg.o(.text.lsm6dsv16x_filt_gy_lp1_set)
    lsm6dsv16x_filt_settling_mask_set        0x080043c1   Thumb Code   174  lsm6dsv16x_reg.o(.text.lsm6dsv16x_filt_settling_mask_set)
    lsm6dsv16x_filt_xl_lp2_bandwidth_set     0x08004471   Thumb Code    62  lsm6dsv16x_reg.o(.text.lsm6dsv16x_filt_xl_lp2_bandwidth_set)
    lsm6dsv16x_filt_xl_lp2_set               0x080044b1   Thumb Code    66  lsm6dsv16x_reg.o(.text.lsm6dsv16x_filt_xl_lp2_set)
    lsm6dsv16x_flag_data_ready_get           0x080044f5   Thumb Code    46  lsm6dsv16x_reg.o(.text.lsm6dsv16x_flag_data_ready_get)
    lsm6dsv16x_from_fs2000_to_mdps           0x08004525   Thumb Code    24  lsm6dsv16x_reg.o(.text.lsm6dsv16x_from_fs2000_to_mdps)
    lsm6dsv16x_from_fs2_to_mg                0x0800453d   Thumb Code    24  lsm6dsv16x_reg.o(.text.lsm6dsv16x_from_fs2_to_mg)
    lsm6dsv16x_gy_data_rate_set              0x08004555   Thumb Code   130  lsm6dsv16x_reg.o(.text.lsm6dsv16x_gy_data_rate_set)
    lsm6dsv16x_gy_full_scale_set             0x080045d9   Thumb Code    64  lsm6dsv16x_reg.o(.text.lsm6dsv16x_gy_full_scale_set)
    lsm6dsv16x_read_reg                      0x08004619   Thumb Code    30  lsm6dsv16x_reg.o(.text.lsm6dsv16x_read_reg)
    lsm6dsv16x_reset_get                     0x08004639   Thumb Code    84  lsm6dsv16x_reg.o(.text.lsm6dsv16x_reset_get)
    lsm6dsv16x_reset_set                     0x08004695   Thumb Code   124  lsm6dsv16x_reg.o(.text.lsm6dsv16x_reset_set)
    lsm6dsv16x_write_reg                     0x08004711   Thumb Code    30  lsm6dsv16x_reg.o(.text.lsm6dsv16x_write_reg)
    lsm6dsv16x_xl_data_rate_set              0x08004731   Thumb Code   130  lsm6dsv16x_reg.o(.text.lsm6dsv16x_xl_data_rate_set)
    lsm6dsv16x_xl_full_scale_set             0x080047b5   Thumb Code    64  lsm6dsv16x_reg.o(.text.lsm6dsv16x_xl_full_scale_set)
    main                                     0x080047f5   Thumb Code   556  main.o(.text.main)
    __0printf                                0x08004ae5   Thumb Code    22  printfa.o(i.__0printf)
    __1printf                                0x08004ae5   Thumb Code     0  printfa.o(i.__0printf)
    __2printf                                0x08004ae5   Thumb Code     0  printfa.o(i.__0printf)
    __c89printf                              0x08004ae5   Thumb Code     0  printfa.o(i.__0printf)
    printf                                   0x08004ae5   Thumb Code     0  printfa.o(i.__0printf)
    __scatterload_copy                       0x08004b05   Thumb Code    14  handlers.o(i.__scatterload_copy)
    __scatterload_null                       0x08004b13   Thumb Code     2  handlers.o(i.__scatterload_null)
    __scatterload_zeroinit                   0x08004b15   Thumb Code    14  handlers.o(i.__scatterload_zeroinit)
    puts                                     0x080053d9   Thumb Code    30  puts.o(i.puts)
    AHBPrescTable                            0x080053fc   Data          16  system_stm32h5xx.o(.rodata.AHBPrescTable)
    APBPrescTable                            0x0800540c   Data           8  system_stm32h5xx.o(.rodata.APBPrescTable)
    UARTPrescTable                           0x08005414   Data          24  stm32h5xx_hal_uart.o(.rodata.UARTPrescTable)
    Region$$Table$$Base                      0x0800543c   Number         0  anon$$obj.o(Region$$Table)
    Region$$Table$$Limit                     0x0800545c   Number         0  anon$$obj.o(Region$$Table)
    __stdout                                 0x20000000   Data           4  stdout.o(.data)
    uwTickFreq                               0x20000004   Data           1  stm32h5xx_hal.o(.data..L_MergedGlobals)
    uwTickPrio                               0x20000008   Data           4  stm32h5xx_hal.o(.data..L_MergedGlobals)
    SystemCoreClock                          0x2000000c   Data           4  system_stm32h5xx.o(.data.SystemCoreClock)
    hi2c1                                    0x20000040   Data          84  i2c.o(.bss.hi2c1)
    huart1                                   0x20000094   Data         148  usart.o(.bss.huart1)
    uwTick                                   0x20000128   Data           4  stm32h5xx_hal.o(.bss.uwTick)
    __initial_sp                             0x20004130   Data           0  startup_stm32h503xx.o(STACK)



==============================================================================

Memory Map of the image

  Image Entry point : 0x08000259

  Load Region LR_IROM1 (Base: 0x08000000, Size: 0x00005470, Max: 0x00020000, ABSOLUTE)

    Execution Region ER_IROM1 (Exec base: 0x08000000, Load base: 0x08000000, Size: 0x0000545c, Max: 0x00020000, ABSOLUTE)

    Exec Addr    Load Addr    Size         Type   Attr      Idx    E Section Name        Object

    0x08000000   0x08000000   0x00000258   Data   RO            3    RESET               startup_stm32h503xx.o
    0x08000258   0x08000258   0x00000000   Code   RO         1786  * .ARM.Collect$$$$00000000  mc_w.l(entry.o)
    0x08000258   0x08000258   0x00000004   Code   RO         2060    .ARM.Collect$$$$00000001  mc_w.l(entry2.o)
    0x0800025c   0x0800025c   0x00000004   Code   RO         2063    .ARM.Collect$$$$00000004  mc_w.l(entry5.o)
    0x08000260   0x08000260   0x00000000   Code   RO         2065    .ARM.Collect$$$$00000008  mc_w.l(entry7b.o)
    0x08000260   0x08000260   0x00000000   Code   RO         2067    .ARM.Collect$$$$0000000A  mc_w.l(entry8b.o)
    0x08000260   0x08000260   0x00000008   Code   RO         2068    .ARM.Collect$$$$0000000B  mc_w.l(entry9a.o)
    0x08000268   0x08000268   0x00000000   Code   RO         2070    .ARM.Collect$$$$0000000D  mc_w.l(entry10a.o)
    0x08000268   0x08000268   0x00000000   Code   RO         2072    .ARM.Collect$$$$0000000F  mc_w.l(entry11a.o)
    0x08000268   0x08000268   0x00000004   Code   RO         2061    .ARM.Collect$$$$00002712  mc_w.l(entry2.o)
    0x0800026c   0x0800026c   0x00000028   Code   RO            4    .text               startup_stm32h503xx.o
    0x08000294   0x08000294   0x00000062   Code   RO         1793    .text               mc_w.l(uldiv.o)
    0x080002f6   0x080002f6   0x00000024   Code   RO         1795    .text               mc_w.l(memseta.o)
    0x0800031a   0x0800031a   0x00000026   Code   RO         2058    .text               mf_w.l(f2d.o)
    0x08000340   0x08000340   0x0000002c   Code   RO         2084    .text               mc_w.l(uidiv.o)
    0x0800036c   0x0800036c   0x0000001e   Code   RO         2086    .text               mc_w.l(llshl.o)
    0x0800038a   0x0800038a   0x00000020   Code   RO         2088    .text               mc_w.l(llushr.o)
    0x080003aa   0x080003aa   0x00000000   Code   RO         2090    .text               mc_w.l(iusefp.o)
    0x080003aa   0x080003aa   0x0000014e   Code   RO         2091    .text               mf_w.l(dadd.o)
    0x080004f8   0x080004f8   0x000000e4   Code   RO         2093    .text               mf_w.l(dmul.o)
    0x080005dc   0x080005dc   0x000000de   Code   RO         2095    .text               mf_w.l(ddiv.o)
    0x080006ba   0x080006ba   0x00000030   Code   RO         2097    .text               mf_w.l(dfixul.o)
    0x080006ea   0x080006ea   0x00000002   PAD
    0x080006ec   0x080006ec   0x00000030   Code   RO         2099    .text               mf_w.l(cdrcmple.o)
    0x0800071c   0x0800071c   0x00000024   Code   RO         2101    .text               mc_w.l(init.o)
    0x08000740   0x08000740   0x00000024   Code   RO         2103    .text               mc_w.l(llsshr.o)
    0x08000764   0x08000764   0x000000ba   Code   RO         2105    .text               mf_w.l(depilogue.o)
    0x0800081e   0x0800081e   0x00000002   PAD
    0x08000820   0x08000820   0x00000002   Code   RO           89    .text.BusFault_Handler  stm32h5xx_it.o
    0x08000822   0x08000822   0x00000002   PAD
    0x08000824   0x08000824   0x00000002   Code   RO           95    .text.DebugMon_Handler  stm32h5xx_it.o
    0x08000826   0x08000826   0x00000002   PAD
    0x08000828   0x08000828   0x00000006   Code   RO           23    .text.Error_Handler  main.o
    0x0800082e   0x0800082e   0x00000002   PAD
    0x08000830   0x08000830   0x00000028   Code   RO         1428    .text.HAL_Delay     stm32h5xx_hal.o
    0x08000858   0x08000858   0x0000019a   Code   RO         1262    .text.HAL_GPIO_Init  stm32h5xx_hal_gpio.o
    0x080009f2   0x080009f2   0x00000002   PAD
    0x080009f4   0x080009f4   0x0000000c   Code   RO         1268    .text.HAL_GPIO_WritePin  stm32h5xx_hal_gpio.o
    0x08000a00   0x08000a00   0x0000000c   Code   RO         1420    .text.HAL_GetTick   stm32h5xx_hal.o
    0x08000a0c   0x08000a0c   0x0000004a   Code   RO          954    .text.HAL_I2CEx_ConfigAnalogFilter  stm32h5xx_hal_i2c_ex.o
    0x08000a56   0x08000a56   0x00000002   PAD
    0x08000a58   0x08000a58   0x00000048   Code   RO          956    .text.HAL_I2CEx_ConfigDigitalFilter  stm32h5xx_hal_i2c_ex.o
    0x08000aa0   0x08000aa0   0x000000ac   Code   RO          800    .text.HAL_I2C_Init  stm32h5xx_hal_i2c.o
    0x08000b4c   0x08000b4c   0x00000240   Code   RO          860    .text.HAL_I2C_Mem_Read  stm32h5xx_hal_i2c.o
    0x08000d8c   0x08000d8c   0x00000238   Code   RO          858    .text.HAL_I2C_Mem_Write  stm32h5xx_hal_i2c.o
    0x08000fc4   0x08000fc4   0x0000008a   Code   RO           46    .text.HAL_I2C_MspInit  i2c.o
    0x0800104e   0x0800104e   0x00000002   PAD
    0x08001050   0x08001050   0x00000020   Code   RO         1546    .text.HAL_ICACHE_ConfigAssociativityMode  stm32h5xx_hal_icache.o
    0x08001070   0x08001070   0x00000014   Code   RO         1550    .text.HAL_ICACHE_Enable  stm32h5xx_hal_icache.o
    0x08001084   0x08001084   0x0000001a   Code   RO         1418    .text.HAL_IncTick   stm32h5xx_hal.o
    0x0800109e   0x0800109e   0x00000002   PAD
    0x080010a0   0x080010a0   0x0000004c   Code   RO         1408    .text.HAL_Init      stm32h5xx_hal.o
    0x080010ec   0x080010ec   0x000000aa   Code   RO         1410    .text.HAL_InitTick  stm32h5xx_hal.o
    0x08001196   0x08001196   0x00000002   PAD
    0x08001198   0x08001198   0x00000002   Code   RO          108    .text.HAL_MspInit   stm32h5xx_hal_msp.o
    0x0800119a   0x0800119a   0x00000002   PAD
    0x0800119c   0x0800119c   0x00000056   Code   RO          748    .text.HAL_NVIC_SetPriority  stm32h5xx_hal_cortex.o
    0x080011f2   0x080011f2   0x00000002   PAD
    0x080011f4   0x080011f4   0x00000020   Code   RO          746    .text.HAL_NVIC_SetPriorityGrouping  stm32h5xx_hal_cortex.o
    0x08001214   0x08001214   0x000001b4   Code   RO         1135    .text.HAL_RCCEx_GetPLL1ClockFreq  stm32h5xx_hal_rcc_ex.o
    0x080013c8   0x080013c8   0x000001b4   Code   RO         1137    .text.HAL_RCCEx_GetPLL2ClockFreq  stm32h5xx_hal_rcc_ex.o
    0x0800157c   0x0800157c   0x00000780   Code   RO         1139    .text.HAL_RCCEx_GetPeriphCLKFreq  stm32h5xx_hal_rcc_ex.o
    0x08001cfc   0x08001cfc   0x000006c4   Code   RO         1129    .text.HAL_RCCEx_PeriphCLKConfig  stm32h5xx_hal_rcc_ex.o
    0x080023c0   0x080023c0   0x0000026e   Code   RO         1093    .text.HAL_RCC_ClockConfig  stm32h5xx_hal_rcc.o
    0x0800262e   0x0800262e   0x00000002   PAD
    0x08002630   0x08002630   0x00000030   Code   RO         1091    .text.HAL_RCC_GetHCLKFreq  stm32h5xx_hal_rcc.o
    0x08002660   0x08002660   0x00000046   Code   RO         1099    .text.HAL_RCC_GetPCLK1Freq  stm32h5xx_hal_rcc.o
    0x080026a6   0x080026a6   0x00000002   PAD
    0x080026a8   0x080026a8   0x00000046   Code   RO         1101    .text.HAL_RCC_GetPCLK2Freq  stm32h5xx_hal_rcc.o
    0x080026ee   0x080026ee   0x00000002   PAD
    0x080026f0   0x080026f0   0x00000046   Code   RO         1103    .text.HAL_RCC_GetPCLK3Freq  stm32h5xx_hal_rcc.o
    0x08002736   0x08002736   0x00000002   PAD
    0x08002738   0x08002738   0x0000012c   Code   RO         1095    .text.HAL_RCC_GetSysClockFreq  stm32h5xx_hal_rcc.o
    0x08002864   0x08002864   0x0000064a   Code   RO         1089    .text.HAL_RCC_OscConfig  stm32h5xx_hal_rcc.o
    0x08002eae   0x08002eae   0x00000002   PAD
    0x08002eb0   0x08002eb0   0x0000008e   Code   RO          772    .text.HAL_SYSTICK_CLKSourceConfig  stm32h5xx_hal_cortex.o
    0x08002f3e   0x08002f3e   0x00000002   PAD
    0x08002f40   0x08002f40   0x00000024   Code   RO          770    .text.HAL_SYSTICK_Config  stm32h5xx_hal_cortex.o
    0x08002f64   0x08002f64   0x00000030   Code   RO          774    .text.HAL_SYSTICK_GetCLKSourceConfig  stm32h5xx_hal_cortex.o
    0x08002f94   0x08002f94   0x00000036   Code   RO         1749    .text.HAL_UARTEx_DisableFifoMode  stm32h5xx_hal_uart_ex.o
    0x08002fca   0x08002fca   0x00000002   PAD
    0x08002fcc   0x08002fcc   0x0000008c   Code   RO         1753    .text.HAL_UARTEx_SetRxFifoThreshold  stm32h5xx_hal_uart_ex.o
    0x08003058   0x08003058   0x0000008c   Code   RO         1751    .text.HAL_UARTEx_SetTxFifoThreshold  stm32h5xx_hal_uart_ex.o
    0x080030e4   0x080030e4   0x00000068   Code   RO         1588    .text.HAL_UART_Init  stm32h5xx_hal_uart.o
    0x0800314c   0x0800314c   0x00000088   Code   RO           70    .text.HAL_UART_MspInit  usart.o
    0x080031d4   0x080031d4   0x000001a0   Code   RO         1608    .text.HAL_UART_Transmit  stm32h5xx_hal_uart.o
    0x08003374   0x08003374   0x00000002   Code   RO           85    .text.HardFault_Handler  stm32h5xx_it.o
    0x08003376   0x08003376   0x00000002   PAD
    0x08003378   0x08003378   0x00000160   Code   RO          944    .text.I2C_IsErrorOccurred  stm32h5xx_hal_i2c.o
    0x080034d8   0x080034d8   0x00000102   Code   RO          810    .text.I2C_WaitOnFlagUntilTimeout  stm32h5xx_hal_i2c.o
    0x080035da   0x080035da   0x00000002   PAD
    0x080035dc   0x080035dc   0x00000080   Code   RO          814    .text.I2C_WaitOnSTOPFlagUntilTimeout  stm32h5xx_hal_i2c.o
    0x0800365c   0x0800365c   0x000000ac   Code   RO          812    .text.I2C_WaitOnTXISFlagUntilTimeout  stm32h5xx_hal_i2c.o
    0x08003708   0x08003708   0x00000086   Code   RO           35    .text.MX_GPIO_Init  gpio.o
    0x0800378e   0x0800378e   0x00000002   PAD
    0x08003790   0x08003790   0x00000070   Code   RO           44    .text.MX_I2C1_Init  i2c.o
    0x08003800   0x08003800   0x00000022   Code   RO           59    .text.MX_ICACHE_Init  icache.o
    0x08003822   0x08003822   0x00000002   PAD
    0x08003824   0x08003824   0x00000088   Code   RO           68    .text.MX_USART1_UART_Init  usart.o
    0x080038ac   0x080038ac   0x00000002   Code   RO           87    .text.MemManage_Handler  stm32h5xx_it.o
    0x080038ae   0x080038ae   0x00000002   PAD
    0x080038b0   0x080038b0   0x00000002   Code   RO           83    .text.NMI_Handler   stm32h5xx_it.o
    0x080038b2   0x080038b2   0x00000002   PAD
    0x080038b4   0x080038b4   0x00000002   Code   RO           97    .text.PendSV_Handler  stm32h5xx_it.o
    0x080038b6   0x080038b6   0x00000002   PAD
    0x080038b8   0x080038b8   0x000000f0   Code   RO         1131    .text.RCCEx_PLL2_Config  stm32h5xx_hal_rcc_ex.o
    0x080039a8   0x080039a8   0x00000002   Code   RO           93    .text.SVC_Handler   stm32h5xx_it.o
    0x080039aa   0x080039aa   0x00000002   PAD
    0x080039ac   0x080039ac   0x00000004   Code   RO           99    .text.SysTick_Handler  stm32h5xx_it.o
    0x080039b0   0x080039b0   0x000000c6   Code   RO           15    .text.SystemClock_Config  main.o
    0x08003a76   0x08003a76   0x00000002   PAD
    0x08003a78   0x08003a78   0x000000a8   Code   RO         1772    .text.SystemInit    system_stm32h5xx.o
    0x08003b20   0x08003b20   0x000000e8   Code   RO         1592    .text.UART_AdvFeatureConfig  stm32h5xx_hal_uart.o
    0x08003c08   0x08003c08   0x0000016e   Code   RO         1596    .text.UART_CheckIdleState  stm32h5xx_hal_uart.o
    0x08003d76   0x08003d76   0x00000002   PAD
    0x08003d78   0x08003d78   0x000001ae   Code   RO         1594    .text.UART_SetConfig  stm32h5xx_hal_uart.o
    0x08003f26   0x08003f26   0x00000002   PAD
    0x08003f28   0x08003f28   0x00000350   Code   RO         1610    .text.UART_WaitOnFlagUntilTimeout  stm32h5xx_hal_uart.o
    0x08004278   0x08004278   0x00000002   Code   RO           91    .text.UsageFault_Handler  stm32h5xx_it.o
    0x0800427a   0x0800427a   0x00000002   PAD
    0x0800427c   0x0800427c   0x00000020   Code   RO           11    .text.fputc         main.o
    0x0800429c   0x0800429c   0x00000028   Code   RO          270    .text.lsm6dsv16x_acceleration_raw_get  lsm6dsv16x_reg.o
    0x080042c4   0x080042c4   0x00000028   Code   RO          264    .text.lsm6dsv16x_angular_rate_raw_get  lsm6dsv16x_reg.o
    0x080042ec   0x080042ec   0x00000042   Code   RO          188    .text.lsm6dsv16x_block_data_update_set  lsm6dsv16x_reg.o
    0x0800432e   0x0800432e   0x00000002   PAD
    0x08004330   0x08004330   0x0000000a   Code   RO          166    .text.lsm6dsv16x_device_id_get  lsm6dsv16x_reg.o
    0x0800433a   0x0800433a   0x00000002   PAD
    0x0800433c   0x0800433c   0x00000042   Code   RO          398    .text.lsm6dsv16x_filt_gy_lp1_bandwidth_set  lsm6dsv16x_reg.o
    0x0800437e   0x0800437e   0x00000002   PAD
    0x08004380   0x08004380   0x00000040   Code   RO          402    .text.lsm6dsv16x_filt_gy_lp1_set  lsm6dsv16x_reg.o
    0x080043c0   0x080043c0   0x000000ae   Code   RO          390    .text.lsm6dsv16x_filt_settling_mask_set  lsm6dsv16x_reg.o
    0x0800446e   0x0800446e   0x00000002   PAD
    0x08004470   0x08004470   0x0000003e   Code   RO          406    .text.lsm6dsv16x_filt_xl_lp2_bandwidth_set  lsm6dsv16x_reg.o
    0x080044ae   0x080044ae   0x00000002   PAD
    0x080044b0   0x080044b0   0x00000042   Code   RO          410    .text.lsm6dsv16x_filt_xl_lp2_set  lsm6dsv16x_reg.o
    0x080044f2   0x080044f2   0x00000002   PAD
    0x080044f4   0x080044f4   0x0000002e   Code   RO          256    .text.lsm6dsv16x_flag_data_ready_get  lsm6dsv16x_reg.o
    0x08004522   0x08004522   0x00000002   PAD
    0x08004524   0x08004524   0x00000018   Code   RO          138    .text.lsm6dsv16x_from_fs2000_to_mdps  lsm6dsv16x_reg.o
    0x0800453c   0x0800453c   0x00000018   Code   RO          122    .text.lsm6dsv16x_from_fs2_to_mg  lsm6dsv16x_reg.o
    0x08004554   0x08004554   0x00000082   Code   RO          176    .text.lsm6dsv16x_gy_data_rate_set  lsm6dsv16x_reg.o
    0x080045d6   0x080045d6   0x00000002   PAD
    0x080045d8   0x080045d8   0x00000040   Code   RO          204    .text.lsm6dsv16x_gy_full_scale_set  lsm6dsv16x_reg.o
    0x08004618   0x08004618   0x0000001e   Code   RO          116    .text.lsm6dsv16x_read_reg  lsm6dsv16x_reg.o
    0x08004636   0x08004636   0x00000002   PAD
    0x08004638   0x08004638   0x0000005c   Code   RO          160    .text.lsm6dsv16x_reset_get  lsm6dsv16x_reg.o
    0x08004694   0x08004694   0x0000007c   Code   RO          158    .text.lsm6dsv16x_reset_set  lsm6dsv16x_reg.o
    0x08004710   0x08004710   0x0000001e   Code   RO          118    .text.lsm6dsv16x_write_reg  lsm6dsv16x_reg.o
    0x0800472e   0x0800472e   0x00000002   PAD
    0x08004730   0x08004730   0x00000082   Code   RO          168    .text.lsm6dsv16x_xl_data_rate_set  lsm6dsv16x_reg.o
    0x080047b2   0x080047b2   0x00000002   PAD
    0x080047b4   0x080047b4   0x00000040   Code   RO          208    .text.lsm6dsv16x_xl_full_scale_set  lsm6dsv16x_reg.o
    0x080047f4   0x080047f4   0x000002a4   Code   RO           13    .text.main          main.o
    0x08004a98   0x08004a98   0x00000004   Code   RO           21    .text.platform_delay  main.o
    0x08004a9c   0x08004a9c   0x00000024   Code   RO           19    .text.platform_read  main.o
    0x08004ac0   0x08004ac0   0x00000024   Code   RO           17    .text.platform_write  main.o
    0x08004ae4   0x08004ae4   0x00000020   Code   RO         2030    i.__0printf         mc_w.l(printfa.o)
    0x08004b04   0x08004b04   0x0000000e   Code   RO         2109    i.__scatterload_copy  mc_w.l(handlers.o)
    0x08004b12   0x08004b12   0x00000002   Code   RO         2110    i.__scatterload_null  mc_w.l(handlers.o)
    0x08004b14   0x08004b14   0x0000000e   Code   RO         2111    i.__scatterload_zeroinit  mc_w.l(handlers.o)
    0x08004b22   0x08004b22   0x00000002   PAD
    0x08004b24   0x08004b24   0x00000184   Code   RO         2037    i._fp_digits        mc_w.l(printfa.o)
    0x08004ca8   0x08004ca8   0x000006dc   Code   RO         2038    i._printf_core      mc_w.l(printfa.o)
    0x08005384   0x08005384   0x00000024   Code   RO         2039    i._printf_post_padding  mc_w.l(printfa.o)
    0x080053a8   0x080053a8   0x0000002e   Code   RO         2040    i._printf_pre_padding  mc_w.l(printfa.o)
    0x080053d6   0x080053d6   0x00000002   PAD
    0x080053d8   0x080053d8   0x00000024   Code   RO         1789    i.puts              mc_w.l(puts.o)
    0x080053fc   0x080053fc   0x00000010   Data   RO         1777    .rodata.AHBPrescTable  system_stm32h5xx.o
    0x0800540c   0x0800540c   0x00000008   Data   RO         1778    .rodata.APBPrescTable  system_stm32h5xx.o
    0x08005414   0x08005414   0x00000018   Data   RO         1722    .rodata.UARTPrescTable  stm32h5xx_hal_uart.o
    0x0800542c   0x0800542c   0x00000010   Data   RO         1763    .rodata.cst8        stm32h5xx_hal_uart_ex.o
    0x0800543c   0x0800543c   0x00000020   Data   RO         2108    Region$$Table       anon$$obj.o


    Execution Region RW_IRAM1 (Exec base: 0x20000000, Load base: 0x08005460, Size: 0x00004130, Max: 0x00008000, ABSOLUTE)

    Exec Addr    Load Addr    Size         Type   Attr      Idx    E Section Name        Object

    0x20000000   0x08005460   0x00000004   Data   RW         2074    .data               mc_w.l(stdout.o)
    0x20000004   0x08005464   0x00000008   Data   RW         1507    .data..L_MergedGlobals  stm32h5xx_hal.o
    0x2000000c   0x0800546c   0x00000004   Data   RW         1776    .data.SystemCoreClock  system_stm32h5xx.o
    0x20000010        -       0x00000030   Zero   RW           26    .bss..L_MergedGlobals  main.o
    0x20000040        -       0x00000054   Zero   RW           50    .bss.hi2c1          i2c.o
    0x20000094        -       0x00000094   Zero   RW           74    .bss.huart1         usart.o
    0x20000128        -       0x00000004   Zero   RW         1506    .bss.uwTick         stm32h5xx_hal.o
    0x2000012c   0x08005470   0x00000004   PAD
    0x20000130        -       0x00004000   Zero   RW            1    STACK               startup_stm32h503xx.o


==============================================================================

Image component sizes


      Code (inc. data)   RO Data    RW Data    ZI Data      Debug   Object Name

       134          0          0          0          0       2944   gpio.o
       250          0          0          0         84       8050   i2c.o
        34          0          0          0          0        683   icache.o
      1346         16          0          0          0     168413   lsm6dsv16x_reg.o
       988        120          0          0         48       9988   main.o
        40         10        600          0      16384        904   startup_stm32h503xx.o
       324          0          0          8          4      12051   stm32h5xx_hal.o
       344          6          0          0          0      13542   stm32h5xx_hal_cortex.o
       422          0          0          0          0       5323   stm32h5xx_hal_gpio.o
      2226          0          0          0          0      57410   stm32h5xx_hal_i2c.o
       146          0          0          0          0       5855   stm32h5xx_hal_i2c_ex.o
        52          0          0          0          0       4067   stm32h5xx_hal_icache.o
         2          0          0          0          0        405   stm32h5xx_hal_msp.o
      2790         16          0          0          0      12199   stm32h5xx_hal_rcc.o
      4764         78          0          0          0      17367   stm32h5xx_hal_rcc_ex.o
      2396          0         24          0          0      39278   stm32h5xx_hal_uart.o
       334          0         16          0          0      11822   stm32h5xx_hal_uart_ex.o
        20          0          0          0          0       1169   stm32h5xx_it.o
       168          0         24          4          0       5361   system_stm32h5xx.o
       272          0          0          0        148       8199   usart.o

    ----------------------------------------------------------------------
     17132        246        696         12      16672     385030   Object Totals
         0          0         32          0          0          0   (incl. Generated)
        80          0          0          0          4          0   (incl. Padding)

    ----------------------------------------------------------------------

      Code (inc. data)   RO Data    RW Data    ZI Data      Debug   Library Member Name

         0          0          0          0          0          0   entry.o
         0          0          0          0          0          0   entry10a.o
         0          0          0          0          0          0   entry11a.o
         8          4          0          0          0          0   entry2.o
         4          0          0          0          0          0   entry5.o
         0          0          0          0          0          0   entry7b.o
         0          0          0          0          0          0   entry8b.o
         8          4          0          0          0          0   entry9a.o
        30          0          0          0          0          0   handlers.o
        36          8          0          0          0         68   init.o
         0          0          0          0          0          0   iusefp.o
        30          0          0          0          0         68   llshl.o
        36          0          0          0          0         68   llsshr.o
        32          0          0          0          0         68   llushr.o
        36          0          0          0          0        108   memseta.o
      2258         90          0          0          0        452   printfa.o
        36          6          0          0          0         80   puts.o
         0          0          0          4          0          0   stdout.o
        44          0          0          0          0         80   uidiv.o
        98          0          0          0          0         92   uldiv.o
        48          0          0          0          0         68   cdrcmple.o
       334          0          0          0          0        148   dadd.o
       222          0          0          0          0        100   ddiv.o
       186          0          0          0          0        176   depilogue.o
        48          0          0          0          0         68   dfixul.o
       228          0          0          0          0         96   dmul.o
        38          0          0          0          0         68   f2d.o

    ----------------------------------------------------------------------
      3768        112          0          4          0       1808   Library Totals
         8          0          0          0          0          0   (incl. Padding)

    ----------------------------------------------------------------------

      Code (inc. data)   RO Data    RW Data    ZI Data      Debug   Library Name

      2656        112          0          4          0       1084   mc_w.l
      1104          0          0          0          0        724   mf_w.l

    ----------------------------------------------------------------------
      3768        112          0          4          0       1808   Library Totals

    ----------------------------------------------------------------------

==============================================================================


      Code (inc. data)   RO Data    RW Data    ZI Data      Debug   

     20900        358        696         16      16672     385798   Grand Totals
     20900        358        696         16      16672     385798   ELF Image Totals
     20900        358        696         16          0          0   ROM Totals

==============================================================================

    Total RO  Size (Code + RO Data)                21596 (  21.09kB)
    Total RW  Size (RW Data + ZI Data)             16688 (  16.30kB)
    Total ROM Size (Code + RO Data + RW Data)      21612 (  21.11kB)

==============================================================================

